ARM Linker, 4.1 [Build 481] [Standard]

==============================================================================

Section Cross References

    stm32f10x_adc.o(.text) refers to stm32f10x_rcc.o(.text) for RCC_APB2PeriphResetCmd
    stm32f10x_dac.o(.text) refers to stm32f10x_rcc.o(.text) for RCC_APB1PeriphResetCmd
    stm32f10x_dma.o(.text) refers to os_cpu_a.o(.text) for OS_CPU_SR_Save
    stm32f10x_exti.o(.text) refers to os_cpu_a.o(.text) for OS_CPU_SR_Save
    stm32f10x_flash.o(.text) refers to os_cpu_a.o(.text) for OS_CPU_SR_Save
    stm32f10x_gpio.o(.text) refers to stm32f10x_rcc.o(.text) for RCC_APB2PeriphResetCmd
    stm32f10x_gpio.o(.text) refers to os_cpu_a.o(.text) for OS_CPU_SR_Save
    stm32f10x_rcc.o(.text) refers to os_cpu_a.o(.text) for OS_CPU_SR_Save
    stm32f10x_rcc.o(.text) refers to stm32f10x_rcc.o(.constdata) for .constdata
    stm32f10x_sdio.o(.text) refers to os_cpu_a.o(.text) for OS_CPU_SR_Save
    stm32f10x_spi.o(.text) refers to stm32f10x_rcc.o(.text) for RCC_APB2PeriphResetCmd
    stm32f10x_spi.o(.text) refers to os_cpu_a.o(.text) for OS_CPU_SR_Save
    stm32f10x_tim.o(.text) refers to stm32f10x_rcc.o(.text) for RCC_APB1PeriphResetCmd
    stm32f10x_usart.o(.text) refers to stm32f10x_rcc.o(.text) for RCC_APB2PeriphResetCmd
    stm32f10x_usart.o(.text) refers to os_cpu_a.o(.text) for OS_CPU_SR_Save
    stm32f10x_wwdg.o(.text) refers to stm32f10x_rcc.o(.text) for RCC_APB1PeriphResetCmd
    startup_stm32f10x_hd.o(RESET) refers to startup_stm32f10x_hd.o(.text) for Reset_Handler
    startup_stm32f10x_hd.o(RESET) refers to sys_misc.o(.text) for HardFault_Handler
    startup_stm32f10x_hd.o(RESET) refers to os_cpu_a.o(.text) for PendSV_Handler
    startup_stm32f10x_hd.o(RESET) refers to os_cpu_c.o(.text) for SysTick_Handler
    startup_stm32f10x_hd.o(RESET) refers to w25p80.o(.text) for SPI2_IRQHandler
    startup_stm32f10x_hd.o(RESET) refers to usart.o(.text) for USART1_IRQHandler
    startup_stm32f10x_hd.o(RESET) refers to sdcard.o(.text) for SDIO_IRQHandler
    startup_stm32f10x_hd.o(.text) refers to startup_stm32f10x_hd.o(STACK) for __initial_sp
    startup_stm32f10x_hd.o(.text) refers to system_stm32f10x.o(.text) for SystemInit
    startup_stm32f10x_hd.o(.text) refers to entry.o(.ARM.Collect$$$$00000000) for __main
    misc.o(.text) refers to os_cpu_a.o(.text) for OS_CPU_SR_Save
    stm32f10x_pwr.o(.text) refers to stm32f10x_rcc.o(.text) for RCC_APB1PeriphResetCmd
    stm32f10x_pwr.o(.text) refers to os_cpu_a.o(.text) for OS_CPU_SR_Save
    sdcard.o(.text) refers to stm32f10x_sdio.o(.text) for SDIO_ITConfig
    sdcard.o(.text) refers to timer.o(.text) for os_time_get
    sdcard.o(.text) refers to printf8.o(i.__0printf$8) for __2printf
    sdcard.o(.text) refers to mutex.o(.text) for mutex_lock
    sdcard.o(.text) refers to memory.o(.text) for mem_malloc_ex
    sdcard.o(.text) refers to sdcard.o(.data) for .data
    sdcard.o(.text) refers to sdcard.o(.constdata) for .constdata
    sdcard.o(.text) refers to sdcard.o(.bss) for .bss
    sdcard.o(.text) refers to wait.o(.text) for init_event
    sdcard.o(.text) refers to stm32f10x_rcc.o(.text) for RCC_APB2PeriphClockCmd
    sdcard.o(.text) refers to driver_misc.o(.text) for gpio_cfg
    sdcard.o(.text) refers to stm32f10x_dma.o(.text) for DMA_ITConfig
    sdcard.o(.text) refers to misc.o(.text) for NVIC_Init
    sdcard.o(.text) refers to moal_sdio_mmc.o(.text) for sdio_reset
    sdcard.o(.text) refers to sdcard.o(i.local_irq_save) for local_irq_save
    sdcard.o(.text) refers to os_cpu_a.o(.text) for OS_CPU_SR_Restore
    sdcard.o(.text) refers to os_core.o(.text) for OSIntExit
    sdcard.o(.text) refers to os_core.o(.data) for OSIntNesting
    usart.o(.text) refers to memseta.o(.text) for __aeabi_memclr4
    usart.o(.text) refers to stm32f10x_rcc.o(.text) for RCC_APB2PeriphClockCmd
    usart.o(.text) refers to driver_misc.o(.text) for gpio_cfg
    usart.o(.text) refers to wait.o(.text) for init_event
    usart.o(.text) refers to stm32f10x_usart.o(.text) for USART_Init
    usart.o(.text) refers to misc.o(.text) for NVIC_Init
    usart.o(.text) refers to timer.o(.text) for os_time_get
    usart.o(.text) refers to printf8.o(i.__0printf$8) for __2printf
    usart.o(.text) refers to os_cpu_a.o(.text) for OS_CPU_SR_Save
    usart.o(.text) refers to usart.o(i.enter_interrupt) for enter_interrupt
    usart.o(.text) refers to usart.o(i.exit_interrupt) for exit_interrupt
    usart.o(.text) refers to usart.o(.bss) for .bss
    usart.o(.text) refers to main.o(.data) for command_event
    driver_misc.o(.text) refers to memory.o(.text) for sys_meminit
    driver_misc.o(.text) refers to misc.o(.text) for NVIC_PriorityGroupConfig
    driver_misc.o(.text) refers to timer.o(.text) for os_time_get
    driver_misc.o(.text) refers to stm32f10x_gpio.o(.text) for GPIO_Init
    driver_misc.o(.text) refers to stm32f10x_rcc.o(.text) for RCC_APB2PeriphClockCmd
    driver_misc.o(.text) refers to printf8.o(i.__0printf$8) for __2printf
[...]
    wpa_parse_wpa_ie_rsn                     0x08037c47   Thumb Code   438  usr_cfg.o(.text)
    wpa_parse_wpa_ie                         0x08038109   Thumb Code    12  usr_cfg.o(.text)
    wpa_sm_parse_own_wpa_ie                  0x08038115   Thumb Code    44  usr_cfg.o(.text)
    handle_user_scan_result                  0x08038141   Thumb Code   192  usr_cfg.o(.text)
    cfg80211_inform_bss                      0x08038201   Thumb Code   136  usr_cfg.o(.text)
    wiphy_free                               0x08038289   Thumb Code    54  usr_cfg.o(.text)
    wiphy_unregister                         0x080382bf   Thumb Code    54  usr_cfg.o(.text)
    ieee80211_channel_to_frequency           0x080382f5   Thumb Code    52  usr_cfg.o(.text)
    ieee80211_frequency_to_channel           0x08038329   Thumb Code    52  usr_cfg.o(.text)
    strnicmp                                 0x0803835d   Thumb Code    62  usr_cfg.o(.text)
    cfg80211_scan_done                       0x0803839b   Thumb Code    72  usr_cfg.o(.text)
    cfg80211_connect_result                  0x080383e3   Thumb Code    64  usr_cfg.o(.text)
    cfg80211_cqm_rssi_notify                 0x08038423   Thumb Code    54  usr_cfg.o(.text)
    cfg80211_michael_mic_failure             0x08038459   Thumb Code    54  usr_cfg.o(.text)
    cfg80211_ibss_joined                     0x0803848f   Thumb Code    54  usr_cfg.o(.text)
    cfg80211_put_bss                         0x080384c5   Thumb Code    12  usr_cfg.o(.text)
    cfg80211_remain_on_channel_expired       0x080384d1   Thumb Code    54  usr_cfg.o(.text)
    cfg80211_ready_on_channel                0x08038507   Thumb Code   230  usr_cfg.o(.text)
    eth_type_trans                           0x080385ed   Thumb Code    30  usr_cfg.o(.text)
    netif_rx                                 0x0803860b   Thumb Code    38  usr_cfg.o(.text)
    print_scan_result                        0x08038635   Thumb Code   546  test_wifi.o(.text)
    scan_result_fun                          0x08038857   Thumb Code     8  test_wifi.o(.text)
    test_scan                                0x0803885f   Thumb Code   118  test_wifi.o(.text)
    test_wifi_connect                        0x080388d5   Thumb Code   250  test_wifi.o(.text)
    test_create_ap                           0x080389cf   Thumb Code   598  test_wifi.o(.text)
    test_wifi_disconnect                     0x08038c25   Thumb Code   128  test_wifi.o(.text)
    test_wifi_join_adhoc                     0x08038ca5   Thumb Code   146  test_wifi.o(.text)
    test_wifi_leave_adhoc                    0x08038d37   Thumb Code   128  test_wifi.o(.text)
    test_wifi_get_stats                      0x08038db7   Thumb Code   114  test_wifi.o(.text)
    test_stop_ap                             0x08038e29   Thumb Code   128  test_wifi.o(.text)
    test_get_station_list                    0x08038ea9   Thumb Code   506  test_wifi.o(.text)
    test_power_save_enable                   0x080390a3   Thumb Code    66  test_wifi.o(.text)
    test_power_save_disable                  0x080390e5   Thumb Code    66  test_wifi.o(.text)
    choose_socket                            0x08039159   Thumb Code    96  main.o(.text)
    handle_cmd                               0x080391b9   Thumb Code   558  main.o(.text)
    main_thread                              0x080393e7   Thumb Code  1162  main.o(.text)
    main                                     0x08039871   Thumb Code    42  main.o(.text)
    test_tcp_link                            0x0803990d   Thumb Code   230  test_tcpip.o(.text)
    test_udp_link                            0x080399f3   Thumb Code   234  test_tcpip.o(.text)
    test_udp_server                          0x08039add   Thumb Code   162  test_tcpip.o(.text)
    close_socket                             0x08039b7f   Thumb Code   322  test_tcpip.o(.text)
    test_tcp_unlink                          0x08039cc1   Thumb Code   396  test_tcpip.o(.text)
    test_send                                0x08039e4d   Thumb Code   230  test_tcpip.o(.text)
    tcp_send_thread                          0x08039f33   Thumb Code   308  test_tcpip.o(.text)
    test_full_speed_send                     0x0803a067   Thumb Code   154  test_tcpip.o(.text)
    test_full_speed_send_stop                0x0803a101   Thumb Code   130  test_tcpip.o(.text)
    test_sendto                              0x0803a183   Thumb Code   378  test_tcpip.o(.text)
    test_close_tcp_server                    0x0803a2fd   Thumb Code    46  test_tcpip.o(.text)
    tcp_accept_task                          0x0803a32b   Thumb Code   214  test_tcpip.o(.text)
    test_dns                                 0x0803a401   Thumb Code   200  test_tcpip.o(.text)
    test_tcp_server                          0x0803a4c9   Thumb Code   342  test_tcpip.o(.text)
    show_tcpip_info                          0x0803a61f   Thumb Code   514  test_tcpip.o(.text)
    test_auto_get_ip                         0x0803a821   Thumb Code   118  test_tcpip.o(.text)
    is_udp_server_socket                     0x0803a897   Thumb Code    34  test_tcpip.o(.text)
    is_dhcp_socket                           0x0803a8b9   Thumb Code    34  test_tcpip.o(.text)
    is_web_socket                            0x0803a8db   Thumb Code    34  test_tcpip.o(.text)
    switch_loopback_test                     0x0803a8fd   Thumb Code   116  test_tcpip.o(.text)
    tcp_recv_thread                          0x0803a971   Thumb Code   830  test_tcpip.o(.text)
    socket_init_ok                           0x0803acaf   Thumb Code    24  test_tcpip.o(.text)
    tcpip_init_end                           0x0803acd5   Thumb Code    62  tcpapp.o(.text)
    lwip_netif_init                          0x0803ad13   Thumb Code   132  tcpapp.o(.text)
    auto_get_ip                              0x0803ad97   Thumb Code   110  tcpapp.o(.text)
    get_host_by_name                         0x0803ae05   Thumb Code    46  tcpapp.o(.text)
    get_connect_stat                         0x0803ae33   Thumb Code   110  tcpapp.o(.text)
    tcp_link                                 0x0803aea1   Thumb Code   340  tcpapp.o(.text)
    udp_link                                 0x0803aff5   Thumb Code   594  tcpapp.o(.text)
    udp_add_membership                       0x0803b247   Thumb Code   402  tcpapp.o(.text)
    udp_create_server                        0x0803b3d9   Thumb Code   320  tcpapp.o(.text)
    udp_data_send                            0x0803b519   Thumb Code   564  tcpapp.o(.text)
    init_lwip                                0x0803b74d   Thumb Code    52  tcpapp.o(.text)
    web_data_send                            0x0803b7bd   Thumb Code   178  webserver.o(.text)
    make_sub_page_title                      0x0803b86f   Thumb Code    22  webserver.o(.text)
    wifi_link_page_assemble                  0x0803b885   Thumb Code   286  webserver.o(.text)
    ip_addr_page_assemble                    0x0803b9a3   Thumb Code   344  webserver.o(.text)
    reset_page_assemble                      0x0803bafb   Thumb Code   154  webserver.o(.text)
    login_page_assemble                      0x0803bb95   Thumb Code   388  webserver.o(.text)
    io_page_assemble                         0x0803bd19   Thumb Code   262  webserver.o(.text)
    tcp_client_page_assemble                 0x0803be1f   Thumb Code   228  webserver.o(.text)
    handle_wifilink_post                     0x0803bf03   Thumb Code   292  webserver.o(.text)
    handle_ip_addr_post                      0x0803c027   Thumb Code   496  webserver.o(.text)
    handle_login_post                        0x0803c217   Thumb Code    60  webserver.o(.text)
    handle_reset_post                        0x0803c253   Thumb Code    86  webserver.o(.text)
    handle_io_post                           0x0803c2a9   Thumb Code   230  webserver.o(.text)
    handle_tcp_client_post                   0x0803c38f   Thumb Code   196  webserver.o(.text)
    devcie_info_page_assemble                0x0803c453   Thumb Code   100  webserver.o(.text)
    handle_web_get                           0x0803c4b7   Thumb Code   564  webserver.o(.text)
    handle_web_post                          0x0803c6eb   Thumb Code   284  webserver.o(.text)
    is_str_end                               0x0803c807   Thumb Code    16  webserver.o(.text)
    web_update_timer                         0x0803c817   Thumb Code   100  webserver.o(.text)
    web_abort                                0x0803c87b   Thumb Code    12  webserver.o(.text)
    handle_web_sm                            0x0803c887   Thumb Code  2088  webserver.o(.text)
    web_server_thread                        0x0803d0af   Thumb Code    78  webserver.o(.text)
    web_server_init                          0x0803d0fd   Thumb Code   258  webserver.o(.text)
    send_test_pkg                            0x0803d269   Thumb Code   182  debug.o(.text)
    get_msp_size                             0x0803d31f   Thumb Code     6  debug.o(.text)
    get_msp_free                             0x0803d325   Thumb Code    22  debug.o(.text)
    send_sys_stat_data                       0x0803d33b   Thumb Code  1552  debug.o(.text)
    send_task_stat_data                      0x0803d94b   Thumb Code   844  debug.o(.text)
    send_socket_stat_data                    0x0803dc97   Thumb Code   600  debug.o(.text)
    handle_sys_monitor                       0x0803deef   Thumb Code    46  debug.o(.text)
    dev_monitor_task                         0x0803df1d   Thumb Code     2  debug.o(.text)
    fix_cs_params                            0x0803df75   Thumb Code    58  monitor.o(.text)
    init_monitor                             0x0803dfaf   Thumb Code    34  monitor.o(.text)
    delay_init                               0x0803dfe9   Thumb Code    28  delay.o(.text)
    delay_nms                                0x0803e005   Thumb Code    36  delay.o(.text)
    delay_nus                                0x0803e029   Thumb Code    36  delay.o(.text)
    DHT11Read                                0x0803e0a1   Thumb Code   170  dht11_bus.o(.text)
    OLED_WR_Byte                             0x0803e19d   Thumb Code   112  oled.o(.text)
    OLED_Set_Pos                             0x0803e20d   Thumb Code    44  oled.o(.text)
    OLED_Display_On                          0x0803e239   Thumb Code    28  oled.o(.text)
    OLED_Display_Off                         0x0803e255   Thumb Code    28  oled.o(.text)
    OLED_Clear                               0x0803e271   Thumb Code    60  oled.o(.text)
    OLED_ShowChar                            0x0803e2ad   Thumb Code    92  oled.o(.text)
    oled_pow                                 0x0803e309   Thumb Code    20  oled.o(.text)
    OLED_ShowNum                             0x0803e31d   Thumb Code    98  oled.o(.text)
    OLED_ShowString                          0x0803e37f   Thumb Code    48  oled.o(.text)
    OLED_ShowCHinese                         0x0803e3af   Thumb Code    72  oled.o(.text)
    OLED_DrawBMP                             0x0803e3f7   Thumb Code    62  oled.o(.text)
    OLED_Init                                0x0803e435   Thumb Code   386  oled.o(.text)
    write_update_data                        0x0803e5b9   Thumb Code    52  web.o(.text)
    erase_update_erea                        0x0803e5ed   Thumb Code    54  web.o(.text)
    write_update_data_finish                 0x0803e623   Thumb Code    54  web.o(.text)
    str_replace                              0x0803e659   Thumb Code    54  web.o(.text)
    get_head_tag                             0x0803e68f   Thumb Code   204  web.o(.text)
    get_name                                 0x0803e75b   Thumb Code   156  web.o(.text)
    get_body_tag                             0x0803e7f7   Thumb Code   598  web.o(.text)
    get_post_tag_value                       0x0803ea4d   Thumb Code    80  web.o(.text)
    mem_move                                 0x0803ea9d   Thumb Code    56  web.o(.text)
    web_body_add_input_str                   0x0803ead5   Thumb Code   142  web.o(.text)
    web_body_add_option_str                  0x0803eb63   Thumb Code   130  web.o(.text)
    sub_page_send                            0x0803ebe5   Thumb Code   140  web.o(.text)
    index_page_send                          0x0803ec71   Thumb Code    84  web.o(.text)
    logo_gif_send                            0x0803ecc5   Thumb Code    86  web.o(.text)
    send_post_status                         0x0803ed1b   Thumb Code    94  web.o(.text)
    __rt_ctype_table                         0x0803edb5   Thumb Code     4  ctype_o.o(.text)
    tolower                                  0x0803edbd   Thumb Code    12  tolower.o(.text)
    ____aeabi_memcpy8$ret$move               0x0803edc9   Thumb Code     0  memmove.o(.text)
    ___aeabi_memmove4$ret                    0x0803edc9   Thumb Code     0  memmove.o(.text)
    ___aeabi_memmove8$ret                    0x0803edc9   Thumb Code     0  memmove.o(.text)
    __aeabi_memcpy                           0x0803edc9   Thumb Code    66  memmove.o(.text)
    __aeabi_memcpy4                          0x0803edc9   Thumb Code     0  memmove.o(.text)
    __aeabi_memmove                          0x0803edc9   Thumb Code     0  memmove.o(.text)
    memcpy                                   0x0803edc9   Thumb Code     0  memmove.o(.text)
    memmove                                  0x0803edc9   Thumb Code     0  memmove.o(.text)
    __aeabi_memset                           0x0803ee0b   Thumb Code    14  memseta.o(.text)
    __aeabi_memset4                          0x0803ee0b   Thumb Code     0  memseta.o(.text)
    __aeabi_memset8                          0x0803ee0b   Thumb Code     0  memseta.o(.text)
    __aeabi_memclr                           0x0803ee19   Thumb Code     4  memseta.o(.text)
    __aeabi_memclr4                          0x0803ee19   Thumb Code     0  memseta.o(.text)
    __aeabi_memclr8                          0x0803ee19   Thumb Code     0  memseta.o(.text)
    memset                                   0x0803ee1d   Thumb Code    20  memseta.o(.text)
    strcat                                   0x0803ee31   Thumb Code    28  strcat.o(.text)
    strstr                                   0x0803ee4d   Thumb Code    44  strstr.o(.text)
    strncpy                                  0x0803ee79   Thumb Code    24  strncpy.o(.text)
    strchr                                   0x0803ee91   Thumb Code    18  strchr.o(.text)
    strlen                                   0x0803eea3   Thumb Code    16  strlen.o(.text)
    strcmp                                   0x0803eeb3   Thumb Code    28  strcmp.o(.text)
    memcmp                                   0x0803eecf   Thumb Code    26  memcmp.o(.text)
    strcpy                                   0x0803eee9   Thumb Code    18  strcpy.o(.text)
    strncmp                                  0x0803eefb   Thumb Code    30  strncmp.o(.text)
    atoi                                     0x0803ef19   Thumb Code    26  atoi.o(.text)
    __aeabi_uidiv                            0x0803ef33   Thumb Code     0  uidiv.o(.text)
    __aeabi_uidivmod                         0x0803ef33   Thumb Code    44  uidiv.o(.text)
    __aeabi_uldivmod                         0x0803ef5f   Thumb Code   102  uldiv.o(.text)
    strtol                                   0x0803efc5   Thumb Code   112  strtol.o(.text)
    __I$use$fp                               0x0803f035   Thumb Code     0  iusefp.o(.text)
    __aeabi_dadd                             0x0803f035   Thumb Code   318  dadd.o(.text)
    __aeabi_dsub                             0x0803f173   Thumb Code     6  dadd.o(.text)
    __aeabi_drsub                            0x0803f179   Thumb Code     6  dadd.o(.text)
    __aeabi_dmul                             0x0803f17f   Thumb Code   226  dmul.o(.text)
    __aeabi_ddiv                             0x0803f261   Thumb Code   222  ddiv.o(.text)
    __aeabi_d2ulz                            0x0803f33f   Thumb Code    48  dfixul.o(.text)
    __aeabi_cdrcmple                         0x0803f371   Thumb Code    38  cdrcmple.o(.text)
    __scatterload                            0x0803f399   Thumb Code    28  init.o(.text)
    __scatterload_rt2                        0x0803f399   Thumb Code     0  init.o(.text)
    __aeabi_llsl                             0x0803f3bd   Thumb Code    30  llshl.o(.text)
    _ll_shift_l                              0x0803f3bd   Thumb Code     0  llshl.o(.text)
    __aeabi_llsr                             0x0803f3db   Thumb Code    32  llushr.o(.text)
    _ll_ushift_r                             0x0803f3db   Thumb Code     0  llushr.o(.text)
    __aeabi_lasr                             0x0803f3fb   Thumb Code    36  llsshr.o(.text)
    _ll_sshift_r                             0x0803f3fb   Thumb Code     0  llsshr.o(.text)
    _strtoul                                 0x0803f41f   Thumb Code   156  _strtoul.o(.text)
    _double_round                            0x0803f4bb   Thumb Code    26  depilogue.o(.text)
    _double_epilogue                         0x0803f4d5   Thumb Code   168  depilogue.o(.text)
    _chval                                   0x0803f57d   Thumb Code    32  _chval.o(.text)
    __decompress                             0x0803f59d   Thumb Code     0  __dczerorl2.o(.text)
    __decompress1                            0x0803f59d   Thumb Code    92  __dczerorl2.o(.text)
    __0printf$8                              0x0803f5f9   Thumb Code    22  printf8.o(i.__0printf$8)
    __1printf$8                              0x0803f5f9   Thumb Code     0  printf8.o(i.__0printf$8)
    __2printf                                0x0803f5f9   Thumb Code     0  printf8.o(i.__0printf$8)
    __0snprintf                              0x0803f619   Thumb Code    36  printfa.o(i.__0snprintf)
    __1snprintf                              0x0803f619   Thumb Code     0  printfa.o(i.__0snprintf)
    __2snprintf$full                         0x0803f619   Thumb Code     0  printfa.o(i.__0snprintf)
    __c89snprintf                            0x0803f619   Thumb Code     0  printfa.o(i.__0snprintf)
    snprintf                                 0x0803f619   Thumb Code     0  printfa.o(i.__0snprintf)
    __0snprintf$8                            0x0803f641   Thumb Code    36  printf8.o(i.__0snprintf$8)
    __1snprintf$8                            0x0803f641   Thumb Code     0  printf8.o(i.__0snprintf$8)
    __2snprintf                              0x0803f641   Thumb Code     0  printf8.o(i.__0snprintf$8)
    __0sprintf$8                             0x0803f669   Thumb Code    34  printf8.o(i.__0sprintf$8)
    __1sprintf$8                             0x0803f669   Thumb Code     0  printf8.o(i.__0sprintf$8)
    __2sprintf                               0x0803f669   Thumb Code     0  printf8.o(i.__0sprintf$8)
    __aeabi_errno_addr                       0x0803f691   Thumb Code     4  errno.o(i.__aeabi_errno_addr)
    __rt_errno_addr                          0x0803f691   Thumb Code     0  errno.o(i.__aeabi_errno_addr)
    __free$realloc                           0x0803f699   Thumb Code    88  mallocr.o(i.__free$realloc)
    __malloc$realloc                         0x0803f6f5   Thumb Code    64  mallocr.o(i.__malloc$realloc)
    __scatterload_copy                       0x0803f745   Thumb Code    14  handlers.o(i.__scatterload_copy)
    __scatterload_null                       0x0803f753   Thumb Code     2  handlers.o(i.__scatterload_null)
    __scatterload_zeroinit                   0x0803f755   Thumb Code    14  handlers.o(i.__scatterload_zeroinit)
    enter_interrupt                          0x08040495   Thumb Code    10  usart.o(i.enter_interrupt)
    exit_interrupt                           0x080404a5   Thumb Code    16  usart.o(i.exit_interrupt)
    local_irq_save                           0x08040501   Thumb Code     4  sdcard.o(i.local_irq_save)
    realloc                                  0x08040505   Thumb Code   108  mallocr.o(i.realloc)
    ADCPrescTable                            0x08040574   Data           4  stm32f10x_rcc.o(.constdata)
    APBAHBPrescTable                         0x08040578   Data          16  stm32f10x_rcc.o(.constdata)
    SystemFrequency                          0x08040588   Data           4  system_stm32f10x.o(.constdata)
    OSUnMapTbl                               0x080405bd   Data         256  os_core.o(.constdata)
    not_used_name                            0x080406dc   Data           9  memory.o(.constdata)
    pvNullPointer                            0x080407fc   Data           4  sys_arch.o(.constdata)
    zero_ref                                 0x08040810   Data           4  def.o(.constdata)
    memp_sizes                               0x080408fc   Data          32  memp.o(.constdata)
    tcp_persist_backoff                      0x08040930   Data           7  tcp.o(.constdata)
    tcp_state_str                            0x08040938   Data          44  tcp.o(.constdata)
    tcp_backoff                              0x08040964   Data          13  tcp.o(.constdata)
    tcp_pcb_lists                            0x08040974   Data          16  tcp.o(.constdata)
    ip_addr_any                              0x08040a88   Data           4  ip_addr.o(.constdata)
    ip_addr_broadcast                        0x08040a8c   Data           4  ip_addr.o(.constdata)
    ethbroadcast                             0x08040aec   Data           6  etharp.o(.constdata)
    ethzero                                  0x08040af2   Data           6  etharp.o(.constdata)
    broken_vendors                           0x08040b3c   Data          16  dhcpd.o(.constdata)
    blank_chaddr                             0x08040b8f   Data          16  leases.o(.constdata)
    options                                  0x08040ba8   Data         324  options.o(.constdata)
    option_lengths                           0x08040cec   Data          40  options.o(.constdata)
    fm_88w                                   0x08040d54   Data       255536  moal_main.o(.constdata)
    woal_netdev_ops                          0x0807f384   Data          40  moal_main.o(.constdata)
    woal_uap_netdev_ops                      0x0807f3ac   Data          40  moal_main.o(.constdata)
    cfg80211_wext                            0x0807f500   Data           4  moal_main.o(.constdata)
    cfg80211_rates                           0x0807f504   Data         168  moal_cfg80211.o(.constdata)
    cfg80211_channels_2ghz                   0x0807f5ac   Data         504  moal_cfg80211.o(.constdata)
    cfg80211_channels_5ghz                   0x0807f7a4   Data        1116  moal_cfg80211.o(.constdata)
    cfg80211_cipher_suites                   0x0807fc00   Data          40  moal_cfg80211.o(.constdata)
    woal_callbacks                           0x0807fd1c   Data         132  moal_shim.o(.constdata)
    woal_cfg80211_sta_ops                    0x0807fddc   Data          96  moal_sta_cfg80211.o(.constdata)
    woal_cfg80211_uap_ops                    0x0807fe94   Data          96  moal_uap_cfg80211.o(.constdata)
    SupportedRates_N                         0x08080188   Data           3  mlan_cfp.o(.constdata)
    AdhocRates_B                             0x0808018b   Data           5  mlan_cfp.o(.constdata)
    SupportedRates_B                         0x08080190   Data           5  mlan_cfp.o(.constdata)
    AdhocRates_G                             0x08080368   Data           9  mlan_cfp.o(.constdata)
    AdhocRates_BG                            0x08080371   Data          13  mlan_cfp.o(.constdata)
    AdhocRates_A                             0x0808037e   Data           9  mlan_cfp.o(.constdata)
    SupportedRates_A                         0x08080387   Data           9  mlan_cfp.o(.constdata)
    WlanDataRates                            0x08080390   Data          64  mlan_cfp.o(.constdata)
    SupportedRates_G                         0x080803d0   Data           9  mlan_cfp.o(.constdata)
    SupportedRates_BG                        0x080803d9   Data          13  mlan_cfp.o(.constdata)
    region_code_index                        0x080811d0   Data          18  mlan_cfp.o(.constdata)
    cfp_code_index_bg                        0x080811e2   Data           2  mlan_cfp.o(.constdata)
    cfp_code_index_a                         0x080811e4   Data          10  mlan_cfp.o(.constdata)
    mlan_sta_ops                             0x080812a4   Data          32  mlan_shim.o(.constdata)
    mlan_uap_ops                             0x080812c4   Data          32  mlan_shim.o(.constdata)
    ac_to_tid                                0x0808133c   Data           8  mlan_wmm.o(.constdata)
    str_get                                  0x080817e4   Data           4  webserver.o(.constdata)
    str_post                                 0x080817e8   Data           5  webserver.o(.constdata)
    str_sect_end                             0x080817ed   Data           5  webserver.o(.constdata)
    err_404_page                             0x080817f2   Data         212  webserver.o(.constdata)
    page_head                                0x080818c6   Data         400  webserver.o(.constdata)
    http_body_head                           0x08081a56   Data         161  webserver.o(.constdata)
    http_body_tail                           0x08081af7   Data          47  webserver.o(.constdata)
    str_content_len                          0x08081b26   Data          15  webserver.o(.constdata)
    str_index_page                           0x08081b35   Data          11  webserver.o(.constdata)
    str_device_info_page                     0x08081b40   Data          17  webserver.o(.constdata)
    str_wifi_link_page                       0x08081b51   Data          15  webserver.o(.constdata)
    str_ip_addr_page                         0x08081b60   Data          13  webserver.o(.constdata)
    str_tcp_server_page                      0x08081b6d   Data          16  webserver.o(.constdata)
    str_tcp_client_page                      0x08081b7d   Data          16  webserver.o(.constdata)
    str_remote_ctl_page                      0x08081b8d   Data          16  webserver.o(.constdata)
    str_reset_page                           0x08081b9d   Data          11  webserver.o(.constdata)
    str_uart_page                            0x08081ba8   Data          10  webserver.o(.constdata)
    str_io_page                              0x08081bb2   Data          13  webserver.o(.constdata)
    str_update_page                          0x08081bbf   Data          12  webserver.o(.constdata)
    str_cust_page                            0x08081bcb   Data          15  webserver.o(.constdata)
    str_login_page                           0x08081bda   Data          14  webserver.o(.constdata)
    str_logo_gif                             0x08081be8   Data           9  webserver.o(.constdata)
    local_text1                              0x08081bf1   Data          82  webserver.o(.constdata)
    local_text2                              0x08081c43   Data          37  webserver.o(.constdata)
    local_text3                              0x08081c68   Data         381  webserver.o(.constdata)
    local_text4                              0x08081de5   Data         285  webserver.o(.constdata)
    local_text5                              0x08081f02   Data         247  webserver.o(.constdata)
    local_text6                              0x08081ff9   Data         194  webserver.o(.constdata)
    local_text7                              0x080820bb   Data         195  webserver.o(.constdata)
    local_text8                              0x0808217e   Data         189  webserver.o(.constdata)
    local_text_linkmode_ap                   0x0808223b   Data          46  webserver.o(.constdata)
    local_text_linkmode_sta                  0x08082269   Data          46  webserver.o(.constdata)
    local_text_checked                       0x08082297   Data          20  webserver.o(.constdata)
    local_text_linkssid                      0x080822ab   Data          68  webserver.o(.constdata)
    local_text_linkkey                       0x080822ef   Data          66  webserver.o(.constdata)
    ip_addr_text1                            0x08082331   Data         258  webserver.o(.constdata)
    ip_addr_text2                            0x08082433   Data         251  webserver.o(.constdata)
    ip_addr_text3                            0x0808252e   Data         255  webserver.o(.constdata)
    ip_addr_text4                            0x0808262d   Data         252  webserver.o(.constdata)
    ip_text_ipaddr                           0x08082729   Data          68  webserver.o(.constdata)
    ip_text_mask                             0x0808276d   Data          64  webserver.o(.constdata)
    ip_text_gw                               0x080827ad   Data          60  webserver.o(.constdata)
    ip_text_dns                              0x080827e9   Data          62  webserver.o(.constdata)
    reset_text1                              0x08082827   Data         239  webserver.o(.constdata)
    dht11_text1                              0x08082916   Data         267  webserver.o(.constdata)
    DHT11_text                               0x08082a21   Data          70  webserver.o(.constdata)
    client_text1                             0x08082a67   Data         269  webserver.o(.constdata)
    server_addr_text                         0x08082b74   Data          72  webserver.o(.constdata)
    server_choose1                           0x08082bbc   Data         440  webserver.o(.constdata)
    server_choose2                           0x08082d74   Data         423  webserver.o(.constdata)
    F8X16                                    0x080830b3   Data        1520  oled.o(.constdata)
    post_ok_page_icic                        0x080836a3   Data         449  web.o(.constdata)
    index_page_data_csic                     0x08083864   Data        5256  web.o(.constdata)
    logo_gif_cscs                            0x08084cec   Data        3561  web.o(.constdata)
    http_gif_head_i                          0x08085ad5   Data         122  web.o(.constdata)
    http_text_head_csic                      0x08085b4f   Data         122  web.o(.constdata)
    __ctype_table                            0x08085c06   Data         129  ctype_o.o(.constdata)
    Region$$Table$$Base                      0x08085dd4   Number         0  anon$$obj.o(Region$$Table)
    Region$$Table$$Limit                     0x08085df4   Number         0  anon$$obj.o(Region$$Table)
    OSCPUUsage                               0x2000000c   Data           1  os_core.o(.data)
    OSStatRdy                                0x2000000d   Data           1  os_core.o(.data)
    OSIntNesting                             0x2000000e   Data           1  os_core.o(.data)
    OSLockNesting                            0x2000000f   Data           1  os_core.o(.data)
    OSPrioCur                                0x20000010   Data           1  os_core.o(.data)
    OSPrioHighRdy                            0x20000011   Data           1  os_core.o(.data)
    OSRdyGrp                                 0x20000012   Data           1  os_core.o(.data)
    OSRunning                                0x20000013   Data           1  os_core.o(.data)
    OSTaskCtr                                0x20000014   Data           1  os_core.o(.data)
    OSTickStepState                          0x20000015   Data           1  os_core.o(.data)
    OSCtxSwCtr                               0x20000018   Data           4  os_core.o(.data)
    OSEventFreeList                          0x2000001c   Data           4  os_core.o(.data)
    OSIdleCtrMax                             0x20000020   Data           4  os_core.o(.data)
    OSIdleCtrRun                             0x20000024   Data           4  os_core.o(.data)
    OSIdleCtr                                0x20000028   Data           4  os_core.o(.data)
    OSTCBCur                                 0x2000002c   Data           4  os_core.o(.data)
    OSTCBFreeList                            0x20000030   Data           4  os_core.o(.data)
    OSTCBHighRdy                             0x20000034   Data           4  os_core.o(.data)
    OSTCBList                                0x20000038   Data           4  os_core.o(.data)
    OSTime                                   0x2000003c   Data           4  os_core.o(.data)
    OSRdyTbl                                 0x20000040   Data           5  os_core.o(.data)
    OSFlagFreeList                           0x20000048   Data           4  os_core.o(.data)
    OSQFreeList                              0x2000004c   Data           4  os_core.o(.data)
    OSTmrFree                                0x20000050   Data           2  os_core.o(.data)
    OSTmrUsed                                0x20000052   Data           2  os_core.o(.data)
    OSTmrTime                                0x20000054   Data           4  os_core.o(.data)
    OSTmrSem                                 0x20000058   Data           4  os_core.o(.data)
    OSTmrSemSignal                           0x2000005c   Data           4  os_core.o(.data)
    OSTmrFreeList                            0x20000060   Data           4  os_core.o(.data)
    jiffies                                  0x20000068   Data           4  os_cpu_c.o(.data)
    tick_ms                                  0x2000006c   Data           4  os_cpu_c.o(.data)
    errno                                    0x200000a8   Data           4  sockets.o(.data)
    mbox                                     0x200000b4   Data           4  tcpip.o(.data)
    timeoutslist                             0x200000bc   Data           4  sys_arch.o(.data)
    netif_list                               0x200000d8   Data           4  netif.o(.data)
    netif_default                            0x200000dc   Data           4  netif.o(.data)
    pbuf_free_ooseq_pending                  0x200000e0   Data           1  pbuf.o(.data)
    tcp_active_pcbs_changed                  0x200000e8   Data           1  tcp.o(.data)
    tcp_ticks                                0x200000f4   Data           4  tcp.o(.data)
    tcp_bound_pcbs                           0x200000f8   Data           4  tcp.o(.data)
    tcp_listen_pcbs                          0x200000fc   Data           4  tcp.o(.data)
    tcp_active_pcbs                          0x20000100   Data           4  tcp.o(.data)
    tcp_tw_pcbs                              0x20000104   Data           4  tcp.o(.data)
    tcp_tmp_pcb                              0x20000108   Data           4  tcp.o(.data)
    tcp_input_pcb                            0x20000124   Data           4  tcp_in.o(.data)
    udp_pcbs                                 0x20000134   Data           4  udp.o(.data)
    current_netif                            0x20000148   Data           4  ip.o(.data)
    current_header                           0x2000014c   Data           4  ip.o(.data)
    current_iphdr_src                        0x20000150   Data           4  ip.o(.data)
    current_iphdr_dest                       0x20000154   Data           4  ip.o(.data)
    tx_skb                                   0x20000160   Data           4  ethernetif.o(.data)
    leases                                   0x20000168   Data           4  dhcpd.o(.data)
    dhcp_packet                              0x2000016c   Data           4  dhcpd.o(.data)
    fw_name                                  0x20000170   Data           4  moal_main.o(.data)
    mac_addr                                 0x20000174   Data           4  moal_main.o(.data)
    max_sta_bss                              0x20000178   Data           4  moal_main.o(.data)
    sta_name                                 0x2000017c   Data           4  moal_main.o(.data)
    max_uap_bss                              0x20000180   Data           4  moal_main.o(.data)
    uap_name                                 0x20000184   Data           4  moal_main.o(.data)
    cal_data_cfg                             0x20000188   Data           4  moal_main.o(.data)
    drv_mode                                 0x2000018c   Data           4  moal_main.o(.data)
    AddRemoveCardSem                         0x20000190   Data           4  moal_main.o(.data)
    m_handle                                 0x20000194   Data           4  moal_main.o(.data)
    driver_version                           0x20000198   Data          10  moal_main.o(.data)
    cfg80211_band_2ghz                       0x200001a4   Data          44  moal_cfg80211.o(.data)
    cfg80211_band_5ghz                       0x200001d0   Data          44  moal_cfg80211.o(.data)
    assert_callback                          0x20000224   Data           4  mlan_shim.o(.data)
    mlan_ops                                 0x20000228   Data          12  mlan_shim.o(.data)
    tos_to_tid                               0x20000238   Data           8  mlan_wmm.o(.data)
    tos_to_tid_inv                           0x20000240   Data           8  mlan_wmm.o(.data)
    sta_wifi_dev                             0x2000024c   Data           4  wifi.o(.data)
    ap_wifi_dev                              0x20000250   Data           4  wifi.o(.data)
    wifi_dev                                 0x20000254   Data           4  wifi.o(.data)
    usr_scan_result_callback                 0x20000258   Data           4  usr_cfg.o(.data)
    sta_mac                                  0x2000025c   Data           8  test_wifi.o(.data)
    wpa_proto                                0x20000264   Data          16  test_wifi.o(.data)
    i_socket                                 0x20000274   Data           1  main.o(.data)
    command_event                            0x20000278   Data           4  main.o(.data)
    Data_Array                               0x2000027c   Data           5  main.o(.data)
    BMP1                                     0x20000281   Data        1024  main.o(.data)
    loopback_enable                          0x20000684   Data           1  test_tcpip.o(.data)
    rfds                                     0x20000685   Data           1  test_tcpip.o(.data)
    client_socket_fd                         0x20000688   Data           4  test_tcpip.o(.data)
    server_socket_fd                         0x2000068c   Data           4  test_tcpip.o(.data)
    remote_socket_fd                         0x20000690   Data           4  test_tcpip.o(.data)
    server_accept_thread_fd                  0x20000694   Data           4  test_tcpip.o(.data)
    tcp_send_stop                            0x20000698   Data           4  test_tcpip.o(.data)
    p_netif                                  0x2000069c   Data           4  tcpapp.o(.data)
    socket_mutex                             0x200006a0   Data           4  tcpapp.o(.data)
    monitor_enable                           0x200006ab   Data           1  debug.o(.data)
    dbg_level                                0x200006ac   Data           4  debug.o(.data)
    p_globle_buff                            0x200006b4   Data           4  debug.o(.data)
    err                                      0x200006b8   Data           4  debug.o(.data)
    Hzk                                      0x200006c0   Data         256  oled.o(.data)
    __stdout                                 0x200007c4   Data           4  stdout.o(.data)
    __microlib_freelist                      0x200007c8   Data           4  mvars.o(.data)
    __microlib_freelist_initialised          0x200007cc   Data           4  mvars.o(.data)
    mem_used                                 0x200007d4   Data           8  memory.o(monitor_item_table)
    monitor_item_table$$Base                 0x200007d4   Number         0  memory.o(monitor_item_table)
    mem_max                                  0x200007dc   Data           8  memory.o(monitor_item_table)
    mem_err                                  0x200007e4   Data           8  memory.o(monitor_item_table)
    mem_block                                0x200007ec   Data           8  memory.o(monitor_item_table)
    send_packets_cnt                         0x200007f4   Data           8  ethernetif.o(monitor_item_table)
    recv_packets_cnt                         0x200007fc   Data           8  ethernetif.o(monitor_item_table)
    assoc_rsp_size                           0x20000804   Data           8  mlan_join.o(monitor_item_table)
    max_beacon_size                          0x2000080c   Data           8  mlan_scan.o(monitor_item_table)
    event_body_size                          0x20000814   Data           8  mlan_sdio.o(monitor_item_table)
    data_pkt_cnt                             0x2000081c   Data           8  mlan_sdio.o(monitor_item_table)
    tcp_totol_send                           0x20000824   Data           8  test_tcpip.o(monitor_item_table)
    tcp_totol_recv                           0x2000082c   Data           8  test_tcpip.o(monitor_item_table)
    monitor_send_cnt                         0x20000834   Data           8  debug.o(monitor_item_table)
    cccr                                     0x2000083c   Data          12  sdcard.o(.bss)
    monitor_item_table$$Limit                0x2000083c   Number         0  debug.o(monitor_item_table)
    func                                     0x20000848   Data          48  sdcard.o(.bss)
    u1_recv                                  0x20000878   Data         576  usart.o(.bss)
    u3_send                                  0x20000ab8   Data          24  usart.o(.bss)
    u1_send                                  0x20000ad0   Data          24  usart.o(.bss)
    buf_uart1                                0x20000ae8   Data          88  usart.o(.bss)
    m25_flash                                0x20000b40   Data          24  w25p80.o(.bss)
    OSEventTbl                               0x20000b58   Data         960  os_core.o(.bss)
    OSTaskStatStk                            0x20000f18   Data         256  os_core.o(.bss)
    OSTaskIdleStk                            0x20001018   Data         128  os_core.o(.bss)
    OSTCBPrioTbl                             0x20001098   Data         132  os_core.o(.bss)
    OSTCBTbl                                 0x2000111c   Data        1472  os_core.o(.bss)
    OSFlagTbl                                0x200016dc   Data          80  os_core.o(.bss)
    OSQTbl                                   0x2000172c   Data         384  os_core.o(.bss)
    OSTmrTbl                                 0x200018ac   Data        1280  os_core.o(.bss)
    OSTmrTaskStk                             0x20001dac   Data         256  os_core.o(.bss)
    OSTmrWheelTbl                            0x20001eac   Data          64  os_core.o(.bss)
    sockets                                  0x20001eec   Data         192  sockets.o(.bss)
    nulltimeouts                             0x20001fac   Data          12  sys_arch.o(.bss)
    dhcp_rx_options_val                      0x20001fb8   Data          36  dhcp.o(.bss)
    dhcp_rx_options_given                    0x20001fdc   Data           9  dhcp.o(.bss)
    lwip_stats                               0x200020a0   Data         232  stats.o(.bss)
    server_config                            0x200021f8   Data         100  dhcpd.o(.bss)
    lastest_scan_result                      0x2000239c   Data          55  usr_cfg.o(.bss)
    udp_remote_client                        0x200023d4   Data          16  test_tcpip.o(.bss)
    tcp_rcv_buff                             0x200023e4   Data        1028  test_tcpip.o(.bss)
    if_wifi                                  0x200027e8   Data          56  tcpapp.o(.bss)
    web_buff                                 0x20002820   Data         512  webserver.o(.bss)
    web_cfg                                  0x20002a20   Data         260  webserver.o(.bss)
    STACK$$Base                              0x20002b28   Number         0  startup_stm32f10x_hd.o(STACK)
    __heap_base                              0x20002b28   Data           0  startup_stm32f10x_hd.o(HEAP)
    __heap_limit                             0x20002b28   Data           0  startup_stm32f10x_hd.o(HEAP)
    Image$$RW_IRAM1$$ZI$$Limit               0x20002f28   Number         0  startup_stm32f10x_hd.o(STACK)
    __initial_sp                             0x20002f28   Data           0  startup_stm32f10x_hd.o(STACK)



==============================================================================

Memory Map of the image

  Image Entry point : 0x08000131

  Load Region LR_IROM1 (Base: 0x08000000, Size: 0x00086630, Max: 0x00100000, ABSOLUTE, COMPRESSED[0x00086028])

    Execution Region ER_IROM1 (Base: 0x08000000, Size: 0x00085df4, Max: 0x00100000, ABSOLUTE)

    Base Addr    Size         Type   Attr      Idx    E Section Name        Object

    0x08000000   0x00000130   Data   RO          298    RESET               startup_stm32f10x_hd.o
    0x08000130   0x00000000   Code   RO         4113  * .ARM.Collect$$$$00000000  mc_w.l(entry.o)(mc_w.l)
    0x08000130   0x00000004   Code   RO         4465    .ARM.Collect$$$$00000001  mc_w.l(entry2.o)(mc_w.l)
    0x08000134   0x00000004   Code   RO         4468    .ARM.Collect$$$$00000004  mc_w.l(entry5.o)(mc_w.l)
    0x08000138   0x00000008   Code   RO         4469    .ARM.Collect$$$$00000007  mc_w.l(entry7.o)(mc_w.l)
    0x08000140   0x00000004   Code   RO         4466    .ARM.Collect$$$$00002712  mc_w.l(entry2.o)(mc_w.l)
    0x08000144   0x00000200   Code   RO          106    .text               stm32f10x_dma.o
    0x08000344   0x00000260   Code   RO          208    .text               stm32f10x_gpio.o
    0x080005a4   0x000003d4   Code   RO          220    .text               stm32f10x_rcc.o
    0x08000978   0x00000200   Code   RO          235    .text               stm32f10x_sdio.o
    0x08000b78   0x00000330   Code   RO          247    .text               stm32f10x_spi.o
    0x08000ea8   0x000003f4   Code   RO          272    .text               stm32f10x_usart.o
    0x0800129c   0x00000030   Code   RO          299    .text               startup_stm32f10x_hd.o
    0x080012cc   0x000000e0   Code   RO          314    .text               misc.o
    0x080013ac   0x000000d0   Code   RO          326    .text               system_stm32f10x.o
    0x0800147c   0x000000d4   Code   RO          348    .text               stm32f10x_pwr.o
    0x08001550   0x000010e4   Code   RO          360    .text               sdcard.o
    0x08002634   0x00000450   Code   RO          521    .text               usart.o
    0x08002a84   0x00000238   Code   RO          564    .text               driver_misc.o
    0x08002cbc   0x000006f8   Code   RO          595    .text               w25p80.o
    0x080033b4   0x00000900   Code   RO          612    .text               os_core.o
    0x08003cb4   0x00000588   Code   RO          649    .text               os_flag.o
    0x0800423c   0x00000508   Code   RO          696    .text               os_q.o
    0x08004744   0x00000310   Code   RO          708    .text               os_sem.o
    0x08004a54   0x000006d4   Code   RO          720    .text               os_task.o
    0x08005128   0x00000150   Code   RO          733    .text               os_time.o
    0x08005278   0x000005dc   Code   RO          745    .text               os_tmr.o
    0x08005854   0x00000110   Code   RO          783    .text               os_cpu_c.o
    0x08005964   0x000000a4   Code   RO          919    .text               os_cpu_a.o
    0x08005a08   0x000000a6   Code   RO          922    .text               atomic.o
    0x08005aae   0x00000002   PAD
    0x08005ab0   0x00000138   Code   RO          966    .text               mutex.o
    0x08005be8   0x000003a0   Code   RO          990    .text               task.o
    0x08005f88   0x0000033c   Code   RO         1006    .text               timer.o
    0x080062c4   0x00000234   Code   RO         1019    .text               wait.o
    0x080064f8   0x00000d74   Code   RO         1031    .text               memory.o
    0x0800726c   0x00000c20   Code   RO         1069    .text               api_lib.o
    0x08007e8c   0x000016cc   Code   RO         1140    .text               api_msg.o
    0x08009558   0x00000398   Code   RO         1264    .text               netbuf.o
    0x080098f0   0x000017c4   Code   RO         1320    .text               sockets.o
    0x0800b0b4   0x00000358   Code   RO         1367    .text               tcpip.o
    0x0800b40c   0x00000504   Code   RO         1402    .text               sys_arch.o
    0x0800b910   0x000016bc   Code   RO         1491    .text               dhcp.o
    0x0800cfcc   0x0000063c   Code   RO         1533    .text               dns.o
    0x0800d608   0x0000002a   Code   RO         1550    .text               init.o
    0x0800d632   0x00000002   PAD
    0x0800d634   0x000002b0   Code   RO         1621    .text               netif.o
    0x0800d8e4   0x00000fac   Code   RO         1647    .text               pbuf.o
    0x0800e890   0x000001fc   Code   RO         1676    .text               raw.o
    0x0800ea8c   0x00000002   Code   RO         1691    .text               stats.o
    0x0800ea8e   0x00000002   PAD
    0x0800ea90   0x000012b4   Code   RO         1721    .text               tcp.o
    0x0800fd44   0x0000171c   Code   RO         1749    .text               tcp_in.o
    0x08011460   0x000010c8   Code   RO         1775    .text               tcp_out.o
    0x08012528   0x000002dc   Code   RO         1788    .text               timers.o
    0x08012804   0x00000574   Code   RO         1833    .text               udp.o
    0x08012d78   0x0000040c   Code   RO         1869    .text               icmp.o
    0x08013184   0x000006cc   Code   RO         1881    .text               igmp.o
    0x08013850   0x00000244   Code   RO         1906    .text               inet_chksum.o
    0x08013a94   0x00000510   Code   RO         1918    .text               ip.o
    0x08013fa4   0x00000250   Code   RO         1967    .text               ip_addr.o
    0x080141f4   0x0000099c   Code   RO         1991    .text               ip_frag.o
    0x08014b90   0x00000344   Code   RO         2006    .text               ethernetif.o
    0x08014ed4   0x00000c34   Code   RO         2049    .text               etharp.o
    0x08015b08   0x00000578   Code   RO         2093    .text               dhcpd.o
    0x08016080   0x00000260   Code   RO         2166    .text               leases.o
    0x080162e0   0x00000208   Code   RO         2282    .text               options.o
    0x080164e8   0x000002e0   Code   RO         2325    .text               packet.o
    0x080167c8   0x0000049c   Code   RO         2379    .text               serverpacket.o
    0x08016c64   0x00001860   Code   RO         2429    .text               moal_main.o
    0x080184c4   0x00000cc0   Code   RO         2508    .text               moal_cfg80211.o
    0x08019184   0x00001f90   Code   RO         2609    .text               moal_ioctl.o
    0x0801b114   0x0000078c   Code   RO         2665    .text               moal_sdio_mmc.o
    0x0801b8a0   0x00000868   Code   RO         2741    .text               moal_shim.o
    0x0801c108   0x00001120   Code   RO         2786    .text               moal_sta_cfg80211.o
    0x0801d228   0x00000680   Code   RO         2806    .text               moal_uap_cfg80211.o
    0x0801d8a8   0x000015a4   Code   RO         2821    .text               moal_uap.o
    0x0801ee4c   0x0000009a   Code   RO         2845    .text               moal_uap_priv.o
    0x0801eee6   0x00000002   PAD
    0x0801eee8   0x000009ac   Code   RO         2860    .text               mlan_11d.o
    0x0801f894   0x000015b4   Code   RO         2899    .text               mlan_11h.o
    0x08020e48   0x00001044   Code   RO         2924    .text               mlan_11n.o
    0x08021e8c   0x0000052c   Code   RO         2956    .text               mlan_11n_aggr.o
    0x080223b8   0x0000089e   Code   RO         2985    .text               mlan_11n_rxreorder.o
    0x08022c56   0x00000002   PAD
    0x08022c58   0x0000085c   Code   RO         3007    .text               mlan_cfp.o
    0x080234b4   0x000018dc   Code   RO         3060    .text               mlan_cmdevt.o
    0x08024d90   0x00000a6c   Code   RO         3088    .text               mlan_init.o
    0x080257fc   0x000013ae   Code   RO         3120    .text               mlan_join.o
    0x08026baa   0x00000002   PAD
    0x08026bac   0x000000e4   Code   RO         3148    .text               mlan_meas.o
    0x08026c90   0x000016b8   Code   RO         3165    .text               mlan_misc.o
    0x08028348   0x00002680   Code   RO         3191    .text               mlan_scan.o
    0x0802a9c8   0x00000978   Code   RO         3222    .text               mlan_sdio.o
    0x0802b340   0x000008fa   Code   RO         3249    .text               mlan_shim.o
    0x0802bc3a   0x00000002   PAD
    0x0802bc3c   0x00000efa   Code   RO         3276    .text               mlan_sta_cmd.o
    0x0802cb36   0x00000002   PAD
    0x0802cb38   0x00000c4a   Code   RO         3288    .text               mlan_sta_cmdresp.o
    0x0802d782   0x00000002   PAD
    0x0802d784   0x000005a0   Code   RO         3300    .text               mlan_sta_event.o
    0x0802dd24   0x00002b48   Code   RO         3312    .text               mlan_sta_ioctl.o
    0x0803086c   0x00000234   Code   RO         3332    .text               mlan_sta_rx.o
    0x08030aa0   0x00000230   Code   RO         3348    .text               mlan_sta_tx.o
    0x08030cd0   0x000003ac   Code   RO         3367    .text               mlan_txrx.o
    0x0803107c   0x000020a8   Code   RO         3386    .text               mlan_uap_cmdevent.o
    0x08033124   0x00000adc   Code   RO         3398    .text               mlan_uap_ioctl.o
    0x08033c00   0x0000052c   Code   RO         3412    .text               mlan_uap_txrx.o
    0x0803412c   0x00001914   Code   RO         3424    .text               mlan_wmm.o
    0x08035a40   0x000005e2   Code   RO         3454    .text               sys_misc.o
    0x08036022   0x00000002   PAD
    0x08036024   0x00000c5c   Code   RO         3486    .text               wifi.o
    0x08036c80   0x00000e24   Code   RO         3538    .text               skbuff.o
    0x08037aa4   0x00000b90   Code   RO         3558    .text               usr_cfg.o
    0x08038634   0x00000b24   Code   RO         3600    .text               test_wifi.o
    0x08039158   0x000007b4   Code   RO         3716    .text               main.o
    0x0803990c   0x000013c8   Code   RO         3766    .text               test_tcpip.o
    0x0803acd4   0x00000ae8   Code   RO         3918    .text               tcpapp.o
    0x0803b7bc   0x00001aac   Code   RO         3984    .text               webserver.o
    0x0803d268   0x00000d0c   Code   RO         4017    .text               debug.o
    0x0803df74   0x00000074   Code   RO         4056    .text               monitor.o
    0x0803dfe8   0x00000068   Code   RO         4060    .text               delay.o
    0x0803e050   0x0000014c   Code   RO         4074    .text               dht11_bus.o
    0x0803e19c   0x0000041a   Code   RO         4086    .text               oled.o
    0x0803e5b6   0x00000002   PAD
    0x0803e5b8   0x000007fc   Code   RO         4107    .text               web.o
    0x0803edb4   0x00000008   Code   RO         4116    .text               mc_w.l(ctype_o.o)(mc_w.l)
    0x0803edbc   0x0000000c   Code   RO         4144    .text               mc_w.l(tolower.o)(mc_w.l)
    0x0803edc8   0x00000042   Code   RO         4150    .text               mc_w.l(memmove.o)(mc_w.l)
    0x0803ee0a   0x00000026   Code   RO         4156    .text               mc_w.l(memseta.o)(mc_w.l)
    0x0803ee30   0x0000001c   Code   RO         4158    .text               mc_w.l(strcat.o)(mc_w.l)
    0x0803ee4c   0x0000002c   Code   RO         4160    .text               mc_w.l(strstr.o)(mc_w.l)
    0x0803ee78   0x00000018   Code   RO         4162    .text               mc_w.l(strncpy.o)(mc_w.l)
    0x0803ee90   0x00000012   Code   RO         4164    .text               mc_w.l(strchr.o)(mc_w.l)
    0x0803eea2   0x00000010   Code   RO         4166    .text               mc_w.l(strlen.o)(mc_w.l)
    0x0803eeb2   0x0000001c   Code   RO         4168    .text               mc_w.l(strcmp.o)(mc_w.l)
    0x0803eece   0x0000001a   Code   RO         4170    .text               mc_w.l(memcmp.o)(mc_w.l)
    0x0803eee8   0x00000012   Code   RO         4172    .text               mc_w.l(strcpy.o)(mc_w.l)
    0x0803eefa   0x0000001e   Code   RO         4174    .text               mc_w.l(strncmp.o)(mc_w.l)
    0x0803ef18   0x0000001a   Code   RO         4463    .text               mc_w.l(atoi.o)(mc_w.l)
    0x0803ef32   0x0000002c   Code   RO         4471    .text               mc_w.l(uidiv.o)(mc_w.l)
    0x0803ef5e   0x00000066   Code   RO         4473    .text               mc_w.l(uldiv.o)(mc_w.l)
    0x0803efc4   0x00000070   Code   RO         4484    .text               mc_w.l(strtol.o)(mc_w.l)
    0x0803f034   0x00000000   Code   RO         4486    .text               mc_w.l(iusefp.o)(mc_w.l)
    0x0803f034   0x0000014a   Code   RO         4487    .text               mf_w.l(dadd.o)(mf_w.l)
    0x0803f17e   0x000000e2   Code   RO         4489    .text               mf_w.l(dmul.o)(mf_w.l)
    0x0803f260   0x000000de   Code   RO         4491    .text               mf_w.l(ddiv.o)(mf_w.l)
    0x0803f33e   0x00000030   Code   RO         4493    .text               mf_w.l(dfixul.o)(mf_w.l)
    0x0803f36e   0x00000002   PAD
    0x0803f370   0x00000028   Code   RO         4495    .text               mf_w.l(cdrcmple.o)(mf_w.l)
    0x0803f398   0x00000024   Code   RO         4497    .text               mc_w.l(init.o)(mc_w.l)
    0x0803f3bc   0x0000001e   Code   RO         4499    .text               mc_w.l(llshl.o)(mc_w.l)
    0x0803f3da   0x00000020   Code   RO         4501    .text               mc_w.l(llushr.o)(mc_w.l)
    0x0803f3fa   0x00000024   Code   RO         4503    .text               mc_w.l(llsshr.o)(mc_w.l)
    0x0803f41e   0x0000009c   Code   RO         4505    .text               mc_w.l(_strtoul.o)(mc_w.l)
    0x0803f4ba   0x000000c2   Code   RO         4507    .text               mf_w.l(depilogue.o)(mf_w.l)
    0x0803f57c   0x00000020   Code   RO         4509    .text               mc_w.l(_chval.o)(mc_w.l)
    0x0803f59c   0x0000005c   Code   RO         4519    .text               mc_w.l(__dczerorl2.o)(mc_w.l)
    0x0803f5f8   0x00000020   Code   RO         4391    i.__0printf$8       mc_w.l(printf8.o)(mc_w.l)
    0x0803f618   0x00000028   Code   RO         4418    i.__0snprintf       mc_w.l(printfa.o)(mc_w.l)
    0x0803f640   0x00000028   Code   RO         4392    i.__0snprintf$8     mc_w.l(printf8.o)(mc_w.l)
    0x0803f668   0x00000028   Code   RO         4393    i.__0sprintf$8      mc_w.l(printf8.o)(mc_w.l)
    0x0803f690   0x00000008   Code   RO         4477    i.__aeabi_errno_addr  mc_w.l(errno.o)(mc_w.l)
    0x0803f698   0x0000005c   Code   RO         4445    i.__free$realloc    mc_w.l(mallocr.o)(mc_w.l)
    0x0803f6f4   0x00000050   Code   RO         4446    i.__malloc$realloc  mc_w.l(mallocr.o)(mc_w.l)
    0x0803f744   0x0000000e   Code   RO         4513    i.__scatterload_copy  mc_w.l(handlers.o)(mc_w.l)
    0x0803f752   0x00000002   Code   RO         4514    i.__scatterload_null  mc_w.l(handlers.o)(mc_w.l)
    0x0803f754   0x0000000e   Code   RO         4515    i.__scatterload_zeroinit  mc_w.l(handlers.o)(mc_w.l)
    0x0803f762   0x00000002   PAD
    0x0803f764   0x00000154   Code   RO         4424    i._fp_digits        mc_w.l(printfa.o)(mc_w.l)
    0x0803f8b8   0x00000428   Code   RO         4398    i._printf_core      mc_w.l(printf8.o)(mc_w.l)
    0x0803fce0   0x000006d4   Code   RO         4425    i._printf_core      mc_w.l(printfa.o)(mc_w.l)
    0x080403b4   0x00000026   Code   RO         4399    i._printf_post_padding  mc_w.l(printf8.o)(mc_w.l)
    0x080403da   0x00000026   Code   RO         4426    i._printf_post_padding  mc_w.l(printfa.o)(mc_w.l)
    0x08040400   0x0000002e   Code   RO         4400    i._printf_pre_padding  mc_w.l(printf8.o)(mc_w.l)
    0x0804042e   0x0000002e   Code   RO         4427    i._printf_pre_padding  mc_w.l(printfa.o)(mc_w.l)
    0x0804045c   0x00000016   Code   RO         4401    i._snputc           mc_w.l(printf8.o)(mc_w.l)
    0x08040472   0x00000016   Code   RO         4428    i._snputc           mc_w.l(printfa.o)(mc_w.l)
    0x08040488   0x0000000a   Code   RO         4402    i._sputc            mc_w.l(printf8.o)(mc_w.l)
    0x08040492   0x00000002   PAD
    0x08040494   0x00000010   Code   RO          536    i.enter_interrupt   usart.o
    0x080404a4   0x00000014   Code   RO          541    i.exit_interrupt    usart.o
    0x080404b8   0x00000048   Code   RO         4447    i.internal_alloc    mc_w.l(mallocr.o)(mc_w.l)
    0x08040500   0x00000004   Code   RO          374    i.local_irq_save    sdcard.o
    0x08040504   0x00000070   Code   RO         4448    i.realloc           mc_w.l(mallocr.o)(mc_w.l)
    0x08040574   0x00000014   Data   RO          221    .constdata          stm32f10x_rcc.o
    0x08040588   0x00000004   Data   RO          327    .constdata          system_stm32f10x.o
    0x0804058c   0x00000016   Data   RO          362    .constdata          sdcard.o
    0x080405a2   0x0000001b   Data   RO          597    .constdata          w25p80.o
    0x080405bd   0x00000100   Data   RO          619    .constdata          os_core.o
    0x080406bd   0x0000001f   Data   RO          991    .constdata          task.o
    0x080406dc   0x0000004a   Data   RO         1032    .constdata          memory.o
    0x08040726   0x0000000d   Data   RO         1070    .constdata          api_lib.o
    0x08040733   0x00000020   Data   RO         1141    .constdata          api_msg.o
    0x08040753   0x0000000b   Data   RO         1265    .constdata          netbuf.o
    0x0804075e   0x00000002   PAD
    0x08040760   0x00000040   Data   RO         1322    .constdata          sockets.o
    0x080407a0   0x0000005a   Data   RO         1368    .constdata          tcpip.o
    0x080407fa   0x00000002   PAD
    0x080407fc   0x00000011   Data   RO         1404    .constdata          sys_arch.o
    0x0804080d   0x00000003   PAD
    0x08040810   0x00000004   Data   RO         1479    .constdata          def.o
    0x08040814   0x00000095   Data   RO         1493    .constdata          dhcp.o
    0x080408a9   0x00000003   PAD
    0x080408ac   0x00000050   Data   RO         1535    .constdata          dns.o
    0x080408fc   0x00000020   Data   RO         1594    .constdata          memp.o
    0x0804091c   0x0000000b   Data   RO         1648    .constdata          pbuf.o
    0x08040927   0x00000008   Data   RO         1677    .constdata          raw.o
    0x0804092f   0x00000001   PAD
    0x08040930   0x000000c6   Data   RO         1722    .constdata          tcp.o
    0x080409f6   0x00000002   PAD
    0x080409f8   0x00000069   Data   RO         1776    .constdata          tcp_out.o
    0x08040a61   0x0000000c   Data   RO         1789    .constdata          timers.o
    0x08040a6d   0x00000008   Data   RO         1834    .constdata          udp.o
    0x08040a75   0x00000012   Data   RO         1882    .constdata          igmp.o
    0x08040a87   0x00000001   PAD
    0x08040a88   0x00000004   Data   RO         1969    .constdata          ip_addr.o
    0x08040a8c   0x00000004   Data   RO         1970    .constdata          ip_addr.o
    0x08040a90   0x0000003c   Data   RO         1992    .constdata          ip_frag.o
    0x08040acc   0x0000001e   Data   RO         2007    .constdata          ethernetif.o
    0x08040aea   0x00000002   PAD
    0x08040aec   0x00000050   Data   RO         2051    .constdata          etharp.o
    0x08040b3c   0x00000053   Data   RO         2095    .constdata          dhcpd.o
    0x08040b8f   0x00000019   Data   RO         2167    .constdata          leases.o
    0x08040ba8   0x0000017a   Data   RO         2283    .constdata          options.o
    0x08040d22   0x0000000b   Data   RO         2326    .constdata          packet.o
    0x08040d2d   0x00000026   Data   RO         2380    .constdata          serverpacket.o
    0x08040d53   0x00000001   PAD
    0x08040d54   0x0003e7ab   Data   RO         2430    .constdata          moal_main.o
    0x0807f4ff   0x00000001   PAD
    0x0807f500   0x00000004   Data   RO         2437    .constdata          moal_main.o
    0x0807f504   0x000000a8   Data   RO         2509    .constdata          moal_cfg80211.o
    0x0807f5ac   0x000001f8   Data   RO         2510    .constdata          moal_cfg80211.o
    0x0807f7a4   0x0000045c   Data   RO         2511    .constdata          moal_cfg80211.o
    0x0807fc00   0x00000028   Data   RO         2512    .constdata          moal_cfg80211.o
    0x0807fc28   0x0000004a   Data   RO         2513    .constdata          moal_cfg80211.o
    0x0807fc72   0x00000082   Data   RO         2610    .constdata          moal_ioctl.o
    0x0807fcf4   0x00000028   Data   RO         2666    .constdata          moal_sdio_mmc.o
    0x0807fd1c   0x00000084   Data   RO         2743    .constdata          moal_shim.o
    0x0807fda0   0x0000003a   Data   RO         2744    .constdata          moal_shim.o
    0x0807fdda   0x00000002   PAD
    0x0807fddc   0x0000008f   Data   RO         2787    .constdata          moal_sta_cfg80211.o
    0x0807fe6b   0x00000001   PAD
    0x0807fe6c   0x000000a3   Data   RO         2807    .constdata          moal_uap_cfg80211.o
    0x0807ff0f   0x00000014   Data   RO         2822    .constdata          moal_uap.o
    0x0807ff23   0x00000001   PAD
    0x0807ff24   0x0000024c   Data   RO         2861    .constdata          mlan_11d.o
    0x08080170   0x00000010   Data   RO         2900    .constdata          mlan_11h.o
    0x08080180   0x00000008   Data   RO         2957    .constdata          mlan_11n_aggr.o
    0x08080188   0x000002f5   Data   RO         3008    .constdata          mlan_cfp.o
    0x0808047d   0x00000003   PAD
    0x08080480   0x00000084   Data   RO         3009    .constdata          mlan_cfp.o
    0x08080504   0x0000009c   Data   RO         3010    .constdata          mlan_cfp.o
    0x080805a0   0x0000009c   Data   RO         3011    .constdata          mlan_cfp.o
    0x0808063c   0x0000009c   Data   RO         3012    .constdata          mlan_cfp.o
    0x080806d8   0x0000000c   Data   RO         3013    .constdata          mlan_cfp.o
    0x080806e4   0x0000009c   Data   RO         3014    .constdata          mlan_cfp.o
    0x08080780   0x0000009c   Data   RO         3015    .constdata          mlan_cfp.o
    0x0808081c   0x000000a8   Data   RO         3016    .constdata          mlan_cfp.o
    0x080808c4   0x00000120   Data   RO         3017    .constdata          mlan_cfp.o
    0x080809e4   0x000000fc   Data   RO         3018    .constdata          mlan_cfp.o
    0x08080ae0   0x000000e4   Data   RO         3019    .constdata          mlan_cfp.o
    0x08080bc4   0x000000e4   Data   RO         3020    .constdata          mlan_cfp.o
    0x08080ca8   0x0000003c   Data   RO         3021    .constdata          mlan_cfp.o
    0x08080ce4   0x0000000c   Data   RO         3022    .constdata          mlan_cfp.o
    0x08080cf0   0x000000e4   Data   RO         3023    .constdata          mlan_cfp.o
    0x08080dd4   0x00000030   Data   RO         3024    .constdata          mlan_cfp.o
    0x08080e04   0x00000030   Data   RO         3025    .constdata          mlan_cfp.o
    0x08080e34   0x00000060   Data   RO         3026    .constdata          mlan_cfp.o
    0x08080e94   0x00000084   Data   RO         3027    .constdata          mlan_cfp.o
    0x08080f18   0x0000003c   Data   RO         3028    .constdata          mlan_cfp.o
    0x08080f54   0x00000084   Data   RO         3029    .constdata          mlan_cfp.o
    0x08080fd8   0x0000003c   Data   RO         3030    .constdata          mlan_cfp.o
    0x08081014   0x00000030   Data   RO         3031    .constdata          mlan_cfp.o
    0x08081044   0x00000030   Data   RO         3032    .constdata          mlan_cfp.o
    0x08081074   0x00000030   Data   RO         3033    .constdata          mlan_cfp.o
    0x080810a4   0x00000084   Data   RO         3034    .constdata          mlan_cfp.o
    0x08081128   0x0000003c   Data   RO         3035    .constdata          mlan_cfp.o
    0x08081164   0x0000006c   Data   RO         3036    .constdata          mlan_cfp.o
    0x080811d0   0x00000012   Data   RO         3037    .constdata          mlan_cfp.o
    0x080811e2   0x00000002   Data   RO         3038    .constdata          mlan_cfp.o
    0x080811e4   0x0000000a   Data   RO         3039    .constdata          mlan_cfp.o
    0x080811ee   0x0000002c   Data   RO         3061    .constdata          mlan_cmdevt.o
    0x0808121a   0x00000021   Data   RO         3089    .constdata          mlan_init.o
    0x0808123b   0x00000051   Data   RO         3121    .constdata          mlan_join.o
    0x0808128c   0x00000016   Data   RO         3223    .constdata          mlan_sdio.o
    0x080812a2   0x00000002   PAD
    0x080812a4   0x00000020   Data   RO         3250    .constdata          mlan_shim.o
    0x080812c4   0x00000020   Data   RO         3251    .constdata          mlan_shim.o
    0x080812e4   0x0000003f   Data   RO         3313    .constdata          mlan_sta_ioctl.o
    0x08081323   0x00000015   Data   RO         3399    .constdata          mlan_uap_ioctl.o
    0x08081338   0x00000038   Data   RO         3425    .constdata          mlan_wmm.o
    0x08081370   0x00000012   Data   RO         3455    .constdata          sys_misc.o
    0x08081382   0x000000b0   Data   RO         3487    .constdata          wifi.o
    0x08081432   0x00000002   PAD
    0x08081434   0x0000011e   Data   RO         3539    .constdata          skbuff.o
    0x08081552   0x000000b8   Data   RO         3560    .constdata          usr_cfg.o
    0x0808160a   0x0000008e   Data   RO         3601    .constdata          test_wifi.o
    0x08081698   0x00000061   Data   RO         3717    .constdata          main.o
    0x080816f9   0x00000081   Data   RO         3768    .constdata          test_tcpip.o
    0x0808177a   0x0000006a   Data   RO         3920    .constdata          tcpapp.o
    0x080817e4   0x00001871   Data   RO         3986    .constdata          webserver.o
    0x08083055   0x0000005e   Data   RO         4018    .constdata          debug.o
    0x080830b3   0x000005f0   Data   RO         4088    .constdata          oled.o
    0x080836a3   0x00002563   Data   RO         4108    .constdata          web.o
    0x08085c06   0x00000081   Data   RO         4117    .constdata          mc_w.l(ctype_o.o)(mc_w.l)
    0x08085c87   0x00000001   PAD
    0x08085c88   0x00000004   Data   RO         4118    .constdata          mc_w.l(ctype_o.o)(mc_w.l)
    0x08085c8c   0x00000068   Data   RO         1723    .conststring        tcp.o
    0x08085cf4   0x0000001d   Data   RO         3602    .conststring        test_wifi.o
    0x08085d11   0x0000000e   Data   RO         4019    .conststring        debug.o
    0x08085d1f   0x00000023   Data   RO         1033    .conststrlit        memory.o
    0x08085d42   0x00000022   Data   RO         2008    .conststrlit        ethernetif.o
    0x08085d64   0x0000000f   Data   RO         3122    .conststrlit        mlan_join.o
    0x08085d73   0x00000010   Data   RO         3192    .conststrlit        mlan_scan.o
    0x08085d83   0x0000001d   Data   RO         3224    .conststrlit        mlan_sdio.o
    0x08085da0   0x0000001e   Data   RO         3769    .conststrlit        test_tcpip.o
    0x08085dbe   0x00000015   Data   RO         4020    .conststrlit        debug.o
    0x08085dd3   0x00000001   PAD
    0x08085dd4   0x00000020   Data   RO         4511    Region$$Table       anon$$obj.o


    Execution Region RW_IRAM1 (Base: 0x20000000, Size: 0x00002f28, Max: 0x00018000, ABSOLUTE, COMPRESSED[0x00000234])

    Base Addr    Size         Type   Attr      Idx    E Section Name        Object

    0x20000000   0x0000000c   Data   RW          363    .data               sdcard.o
    0x2000000c   0x00000039   Data   RW          620    .data               os_core.o
    0x20000045   0x00000003   PAD
    0x20000048   0x00000004   Data   RW          621    .data               os_core.o
    0x2000004c   0x00000004   Data   RW          622    .data               os_core.o
    0x20000050   0x00000002   Data   RW          623    .data               os_core.o
    0x20000052   0x00000002   Data   RW          624    .data               os_core.o
    0x20000054   0x00000004   Data   RW          625    .data               os_core.o
    0x20000058   0x00000004   Data   RW          626    .data               os_core.o
    0x2000005c   0x00000004   Data   RW          627    .data               os_core.o
    0x20000060   0x00000004   Data   RW          628    .data               os_core.o
    0x20000064   0x00000010   Data   RW          784    .data               os_cpu_c.o
    0x20000074   0x00000004   Data   RW          992    .data               task.o
    0x20000078   0x00000028   Data   RW         1034    .data               memory.o
    0x200000a0   0x0000000c   Data   RW         1323    .data               sockets.o
    0x200000ac   0x00000010   Data   RW         1369    .data               tcpip.o
    0x200000bc   0x00000004   Data   RW         1405    .data               sys_arch.o
    0x200000c0   0x00000004   Data   RW         1494    .data               dhcp.o
    0x200000c4   0x00000010   Data   RW         1536    .data               dns.o
    0x200000d4   0x0000000c   Data   RW         1622    .data               netif.o
    0x200000e0   0x00000001   Data   RW         1649    .data               pbuf.o
    0x200000e1   0x00000003   PAD
    0x200000e4   0x00000004   Data   RW         1678    .data               raw.o
    0x200000e8   0x00000024   Data   RW         1724    .data               tcp.o
    0x2000010c   0x0000001c   Data   RW         1751    .data               tcp_in.o
    0x20000128   0x00000008   Data   RW         1790    .data               timers.o
    0x20000130   0x00000008   Data   RW         1835    .data               udp.o
    0x20000138   0x0000000c   Data   RW         1883    .data               igmp.o
    0x20000144   0x00000014   Data   RW         1919    .data               ip.o
    0x20000158   0x00000008   Data   RW         1993    .data               ip_frag.o
    0x20000160   0x00000004   Data   RW         2009    .data               ethernetif.o
    0x20000164   0x00000001   Data   RW         2052    .data               etharp.o
    0x20000165   0x00000003   PAD
    0x20000168   0x00000008   Data   RW         2096    .data               dhcpd.o
    0x20000170   0x00000032   Data   RW         2439    .data               moal_main.o
    0x200001a2   0x00000002   PAD
    0x200001a4   0x0000002c   Data   RW         2514    .data               moal_cfg80211.o
    0x200001d0   0x0000002c   Data   RW         2515    .data               moal_cfg80211.o
    0x200001fc   0x00000004   Data   RW         2516    .data               moal_cfg80211.o
    0x20000200   0x00000001   Data   RW         2745    .data               moal_shim.o
    0x20000201   0x00000003   PAD
    0x20000204   0x00000004   Data   RW         2823    .data               moal_uap.o
    0x20000208   0x00000001   Data   RW         2925    .data               mlan_11n.o
    0x20000209   0x00000003   PAD
    0x2000020c   0x00000004   Data   RW         3062    .data               mlan_cmdevt.o
    0x20000210   0x00000001   Data   RW         3149    .data               mlan_meas.o
    0x20000211   0x00000010   Data   RW         3193    .data               mlan_scan.o
    0x20000221   0x00000003   PAD
    0x20000224   0x00000010   Data   RW         3252    .data               mlan_shim.o
    0x20000234   0x00000014   Data   RW         3426    .data               mlan_wmm.o
    0x20000248   0x00000004   Data   RW         3456    .data               sys_misc.o
    0x2000024c   0x0000000c   Data   RW         3488    .data               wifi.o
    0x20000258   0x00000004   Data   RW         3561    .data               usr_cfg.o
    0x2000025c   0x00000018   Data   RW         3603    .data               test_wifi.o
    0x20000274   0x0000040d   Data   RW         3718    .data               main.o
    0x20000681   0x00000003   PAD
    0x20000684   0x00000018   Data   RW         3770    .data               test_tcpip.o
    0x2000069c   0x00000008   Data   RW         3921    .data               tcpapp.o
    0x200006a4   0x00000007   Data   RW         3989    .data               webserver.o
    0x200006ab   0x00000001   Data   RW         4021    .data               debug.o
    0x200006ac   0x00000004   Data   RW         4022    .data               debug.o
    0x200006b0   0x0000000c   Data   RW         4023    .data               debug.o
    0x200006bc   0x00000004   Data   RW         4061    .data               delay.o
    0x200006c0   0x00000100   Data   RW         4089    .data               oled.o
    0x200007c0   0x00000004   Data   RW         4109    .data               web.o
    0x200007c4   0x00000004   Data   RW         4470    .data               mc_w.l(stdout.o)(mc_w.l)
    0x200007c8   0x00000004   Data   RW         4475    .data               mc_w.l(mvars.o)(mc_w.l)
    0x200007cc   0x00000004   Data   RW         4476    .data               mc_w.l(mvars.o)(mc_w.l)
    0x200007d0   0x00000004   Data   RW         4480    .data               mc_w.l(errno.o)(mc_w.l)
    0x200007d4   0x00000020   Data   RW         1035    monitor_item_table  memory.o
    0x200007f4   0x00000010   Data   RW         2010    monitor_item_table  ethernetif.o
    0x20000804   0x00000008   Data   RW         3123    monitor_item_table  mlan_join.o
    0x2000080c   0x00000008   Data   RW         3194    monitor_item_table  mlan_scan.o
    0x20000814   0x00000010   Data   RW         3225    monitor_item_table  mlan_sdio.o
    0x20000824   0x00000010   Data   RW         3771    monitor_item_table  test_tcpip.o
    0x20000834   0x00000008   Data   RW         4024    monitor_item_table  debug.o
    0x2000083c   0x0000003c   Zero   RW          361    .bss                sdcard.o
    0x20000878   0x000002c8   Zero   RW          522    .bss                usart.o
    0x20000b40   0x00000018   Zero   RW          596    .bss                w25p80.o
    0x20000b58   0x00000b84   Zero   RW          613    .bss                os_core.o
    0x200016dc   0x00000050   Zero   RW          614    .bss                os_core.o
    0x2000172c   0x00000180   Zero   RW          615    .bss                os_core.o
    0x200018ac   0x00000500   Zero   RW          616    .bss                os_core.o
    0x20001dac   0x00000100   Zero   RW          617    .bss                os_core.o
    0x20001eac   0x00000040   Zero   RW          618    .bss                os_core.o
    0x20001eec   0x000000c0   Zero   RW         1321    .bss                sockets.o
    0x20001fac   0x0000000c   Zero   RW         1403    .bss                sys_arch.o
    0x20001fb8   0x0000002d   Zero   RW         1492    .bss                dhcp.o
    0x20001fe5   0x00000003   PAD
    0x20001fe8   0x000000b8   Zero   RW         1534    .bss                dns.o
    0x200020a0   0x000000e8   Zero   RW         1692    .bss                stats.o
    0x20002188   0x00000010   Zero   RW         1750    .bss                tcp_in.o
    0x20002198   0x00000010   Zero   RW         1968    .bss                ip_addr.o
    0x200021a8   0x00000050   Zero   RW         2050    .bss                etharp.o
    0x200021f8   0x00000064   Zero   RW         2094    .bss                dhcpd.o
    0x2000225c   0x00000140   Zero   RW         2742    .bss                moal_shim.o
    0x2000239c   0x00000037   Zero   RW         3559    .bss                usr_cfg.o
    0x200023d3   0x00000001   PAD
    0x200023d4   0x00000414   Zero   RW         3767    .bss                test_tcpip.o
    0x200027e8   0x00000038   Zero   RW         3919    .bss                tcpapp.o
    0x20002820   0x00000304   Zero   RW         3985    .bss                webserver.o
    0x20002b24   0x00000004   PAD
    0x20002b28   0x00000000   Zero   RW          297    HEAP                startup_stm32f10x_hd.o
    0x20002b28   0x00000400   Zero   RW          296    STACK               startup_stm32f10x_hd.o


==============================================================================

Image component sizes


      Code (inc. data)   RO Data    RW Data    ZI Data      Debug   Object Name

      3104        948         13          0          0          0   api_lib.o
      5836       1250         32          0          0          0   api_msg.o
       166          0          0          0          0          0   atomic.o
      3340        490        129         25          0          0   debug.o
         0          0          4          0          0          0   def.o
       104          4          0          4          0          0   delay.o
      5820       1078        149          4         45          0   dhcp.o
      1400        178         83          8        100          0   dhcpd.o
       332          6          0          0          0          0   dht11_bus.o
      1596        272         80         16        184          0   dns.o
       568        120          0          0          0          0   driver_misc.o
      3124        604         80          1         80          0   etharp.o
       836        220         64         20          0          0   ethernetif.o
      1036        372          0          0          0          0   icmp.o
      1740        404         18         12          0          0   igmp.o
       580         96          0          0          0          0   inet_chksum.o
        42          0          0          0          0          0   init.o
      1296        160          0         20          0          0   ip.o
       592        102          8          0         16          0   ip_addr.o
      2460        534         60          8          0          0   ip_frag.o
       608         52         25          0          0          0   leases.o
      1972        560         97       1037          0          0   main.o
      3444        750        109         72          0          0   memory.o
         0          0         32          0          0          0   memp.o
       224         16          0          0          0          0   misc.o
      2476         22        588          0          0          0   mlan_11d.o
      5556         98         16          0          0          0   mlan_11h.o
      4164         36          0          1          0          0   mlan_11n.o
      1324         18          8          0          0          0   mlan_11n_aggr.o
      2206          6          0          0          0          0   mlan_11n_rxreorder.o
      2140         86       4195          0          0          0   mlan_cfp.o
      6364         76         44          4          0          0   mlan_cmdevt.o
      2668         12         33          0          0          0   mlan_init.o
      5038        186         96          8          0          0   mlan_join.o
       228          8          0          1          0          0   mlan_meas.o
      5816         68          0          0          0          0   mlan_misc.o
      9856         64         16         24          0          0   mlan_scan.o
      2424         88         51         16          0          0   mlan_sdio.o
      2298         28         64         16          0          0   mlan_shim.o
      3834         34          0          0          0          0   mlan_sta_cmd.o
      3146         34          0          0          0          0   mlan_sta_cmdresp.o
      1440         46          0          0          0          0   mlan_sta_event.o
     11080        486         63          0          0          0   mlan_sta_ioctl.o
       564         30          0          0          0          0   mlan_sta_rx.o
       560          6          0          0          0          0   mlan_sta_tx.o
       940         28          0          0          0          0   mlan_txrx.o
      8360         96          0          0          0          0   mlan_uap_cmdevent.o
      2780        116         21          0          0          0   mlan_uap_ioctl.o
      1324          4          0          0          0          0   mlan_uap_txrx.o
      6420        120         56         20          0          0   mlan_wmm.o
      3264         90       1902         92          0          0   moal_cfg80211.o
         0          0          0          0          0          0   moal_debug.o
      8080        266        130          0          0          0   moal_ioctl.o
      6240        318     255919         50          0          0   moal_main.o
         0          0          0          0          0          0   moal_proc.o
      1932        166         40          0          0          0   moal_sdio_mmc.o
      2152        160        190          1        320          0   moal_shim.o
      4384         72        143          0          0          0   moal_sta_cfg80211.o
      5540        274         20          4          0          0   moal_uap.o
      1664         80        163          0          0          0   moal_uap_cfg80211.o
       154          0          0          0          0          0   moal_uap_priv.o
       116         24          0          0          0          0   monitor.o
       312         84          0          0          0          0   mutex.o
       920        344         11          0          0          0   netbuf.o
       688        112          0         12          0          0   netif.o
      1050         18       1520        256          0          0   oled.o
       520         10        378          0          0          0   options.o
      2304         80        256         85       5012          0   os_core.o
       164         32          0          0          0          0   os_cpu_a.o
       272         14          0         16          0          0   os_cpu_c.o
      1416         38          0          0          0          0   os_flag.o
      1288         32          0          0          0          0   os_q.o
       784         20          0          0          0          0   os_sem.o
      1748         70          0          0          0          0   os_task.o
       336         24          0          0          0          0   os_time.o
      1500        176          0          0          0          0   os_tmr.o
       736         62         11          0          0          0   packet.o
      4012       1258         11          1          0          0   pbuf.o
       508        134          8          4          0          0   raw.o
      4328        650         22         12         60          0   sdcard.o
      1180         78         38          0          0          0   serverpacket.o
      3620        232        286          0          0          0   skbuff.o
      6084        732         64         12        192          0   sockets.o
        48         12        304          0       1024          0   startup_stm32f10x_hd.o
         2          0          0          0        232          0   stats.o
         0          0          0          0          0          0   stm32f10x_adc.o
       512         18          0          0          0          0   stm32f10x_dma.o
       608         18          0          0          0          0   stm32f10x_gpio.o
       212         18          0          0          0          0   stm32f10x_pwr.o
       980         56         20          0          0          0   stm32f10x_rcc.o
       512         54          0          0          0          0   stm32f10x_sdio.o
       816          4          0          0          0          0   stm32f10x_spi.o
      1012         12          0          0          0          0   stm32f10x_usart.o
      1284        226         17          4         12          0   sys_arch.o
      1506        394         18          4          0          0   sys_misc.o
       208         18          4          0          0          0   system_stm32f10x.o
       928        156         31          4          0          0   task.o
      4788       1120        302         36          0          0   tcp.o
      5916        956          0         28         16          0   tcp_in.o
      4296        886        105          0          0          0   tcp_out.o
      2792        416        106          8         56          0   tcpapp.o
       856        186         90         16          0          0   tcpip.o
      5064        882        159         40       1044          0   test_tcpip.o
      2852        554        171         24          0          0   test_wifi.o
       828        178          0          0          0          0   timer.o
       732        190         12          8          0          0   timers.o
      1396        204          8          8          0          0   udp.o
      1140        150          0          0        712          0   usart.o
      2960        538        184          4         55          0   usr_cfg.o
      1784        216         27          0         24          0   w25p80.o
       564        160          0          0          0          0   wait.o
      2044        208       9571          4          0          0   web.o
      6828       1200       6257          7        772          0   webserver.o
      3164        534        176         12          0          0   wifi.o

    ----------------------------------------------------------------------
    257176      25226     284970       2092       9964          0   Object Totals
         0          0         32          0          0          0   (incl. Generated)
        22          0         30         23          8          2   (incl. Padding)

    ----------------------------------------------------------------------

      Code (inc. data)   RO Data    RW Data    ZI Data      Debug   Library Member Name

        92          0          0          0          0          0   __dczerorl2.o
        32          0          0          0          0          0   _chval.o
       156          0          0          0          0          0   _strtoul.o
        26          0          0          0          0          0   atoi.o
         8          4        133          0          0          0   ctype_o.o
         0          0          0          0          0          0   entry.o
         8          4          0          0          0          0   entry2.o
         4          0          0          0          0          0   entry5.o
         8          4          0          0          0          0   entry7.o
         8          4          0          4          0          0   errno.o
        30          0          0          0          0          0   handlers.o
        36          8          0          0          0          0   init.o
         0          0          0          0          0          0   iusefp.o
        30          0          0          0          0          0   llshl.o
        36          0          0          0          0          0   llsshr.o
        32          0          0          0          0          0   llushr.o
       356         28          0          0          0          0   mallocr.o
        26          0          0          0          0          0   memcmp.o
        66          0          0          0          0          0   memmove.o
        38          0          0          0          0          0   memseta.o
         0          0          0          8          0          0   mvars.o
      1292         64          0          0          0          0   printf8.o
      2234         86          0          0          0          0   printfa.o
         0          0          0          4          0          0   stdout.o
        28          0          0          0          0          0   strcat.o
        18          0          0          0          0          0   strchr.o
        28          0          0          0          0          0   strcmp.o
        18          0          0          0          0          0   strcpy.o
        16          0          0          0          0          0   strlen.o
        30          0          0          0          0          0   strncmp.o
        24          0          0          0          0          0   strncpy.o
        44          0          0          0          0          0   strstr.o
       112          0          0          0          0          0   strtol.o
        12          0          0          0          0          0   tolower.o
        44          0          0          0          0          0   uidiv.o
       102          0          0          0          0          0   uldiv.o
        40          2          0          0          0          0   cdrcmple.o
       330          0          0          0          0          0   dadd.o
       222          0          0          0          0          0   ddiv.o
       194          0          0          0          0          0   depilogue.o
        48          0          0          0          0          0   dfixul.o
       226          0          0          0          0          0   dmul.o

    ----------------------------------------------------------------------
      6060        204        134         16          0          0   Library Totals
         6          0          1          0          0          0   (incl. Padding)

    ----------------------------------------------------------------------

      Code (inc. data)   RO Data    RW Data    ZI Data      Debug   Library Name

      4994        202        133         16          0       3364   mc_w.l
      1060          2          0          0          0        664   mf_w.l

    ----------------------------------------------------------------------
      6060        204        134         16          0          0   Library Totals

    ----------------------------------------------------------------------

==============================================================================


      Code (inc. data)   RO Data    RW Data    ZI Data      Debug   

    263236      25430     285104       2108       9964    3029772   Grand Totals
    263236      25430     285104        564       9964    3029772   ELF Image Totals (compressed)
    263236      25430     285104        564          0          0   ROM Totals

==============================================================================

    Total RO  Size (Code + RO Data)               548340 ( 535.49kB)
    Total RW  Size (RW Data + ZI Data)             12072 (  11.79kB)
    Total ROM Size (Code + RO Data + RW Data)     548904 ( 536.04kB)

==============================================================================

