ARM Linker, 4.1 [Build 481] [Standard]

==============================================================================

Section Cross References

    stm32f10x_adc.o(.text) refers to stm32f10x_rcc.o(.text) for RCC_APB2PeriphResetCmd
    stm32f10x_dac.o(.text) refers to stm32f10x_rcc.o(.text) for RCC_APB1PeriphResetCmd
    stm32f10x_dma.o(.text) refers to os_cpu_a.o(.text) for OS_CPU_SR_Save
    stm32f10x_exti.o(.text) refers to os_cpu_a.o(.text) for OS_CPU_SR_Save
    stm32f10x_flash.o(.text) refers to os_cpu_a.o(.text) for OS_CPU_SR_Save
    stm32f10x_gpio.o(.text) refers to stm32f10x_rcc.o(.text) for RCC_APB2PeriphResetCmd
    stm32f10x_gpio.o(.text) refers to os_cpu_a.o(.text) for OS_CPU_SR_Save
    stm32f10x_rcc.o(.text) refers to os_cpu_a.o(.text) for OS_CPU_SR_Save
    stm32f10x_rcc.o(.text) refers to stm32f10x_rcc.o(.constdata) for .constdata
    stm32f10x_sdio.o(.text) refers to os_cpu_a.o(.text) for OS_CPU_SR_Save
    stm32f10x_spi.o(.text) refers to stm32f10x_rcc.o(.text) for RCC_APB2PeriphResetCmd
    stm32f10x_spi.o(.text) refers to os_cpu_a.o(.text) for OS_CPU_SR_Save
    stm32f10x_tim.o(.text) refers to stm32f10x_rcc.o(.text) for RCC_APB1PeriphResetCmd
    stm32f10x_usart.o(.text) refers to stm32f10x_rcc.o(.text) for RCC_APB2PeriphResetCmd
    stm32f10x_usart.o(.text) refers to os_cpu_a.o(.text) for OS_CPU_SR_Save
    stm32f10x_wwdg.o(.text) refers to stm32f10x_rcc.o(.text) for RCC_APB1PeriphResetCmd
    startup_stm32f10x_hd.o(RESET) refers to startup_stm32f10x_hd.o(.text) for Reset_Handler
    startup_stm32f10x_hd.o(RESET) refers to sys_misc.o(.text) for HardFault_Handler
    startup_stm32f10x_hd.o(RESET) refers to os_cpu_a.o(.text) for PendSV_Handler
    startup_stm32f10x_hd.o(RESET) refers to os_cpu_c.o(.text) for SysTick_Handler
    startup_stm32f10x_hd.o(RESET) refers to w25p80.o(.text) for SPI2_IRQHandler
    startup_stm32f10x_hd.o(RESET) refers to usart.o(.text) for USART1_IRQHandler
    startup_stm32f10x_hd.o(RESET) refers to sdcard.o(.text) for SDIO_IRQHandler
    startup_stm32f10x_hd.o(.text) refers to startup_stm32f10x_hd.o(STACK) for __initial_sp
    startup_stm32f10x_hd.o(.text) refers to system_stm32f10x.o(.text) for SystemInit
    startup_stm32f10x_hd.o(.text) refers to entry.o(.ARM.Collect$$$$00000000) for __main
    misc.o(.text) refers to os_cpu_a.o(.text) for OS_CPU_SR_Save
    sdcard.o(.text) refers to stm32f10x_sdio.o(.text) for SDIO_ITConfig
    sdcard.o(.text) refers to timer.o(.text) for os_time_get
    sdcard.o(.text) refers to printf8.o(i.__0printf$8) for __2printf
    sdcard.o(.text) refers to mutex.o(.text) for mutex_lock
    sdcard.o(.text) refers to memory.o(.text) for mem_malloc_ex
    sdcard.o(.text) refers to sdcard.o(.data) for .data
    sdcard.o(.text) refers to sdcard.o(.constdata) for .constdata
    sdcard.o(.text) refers to sdcard.o(.bss) for .bss
    sdcard.o(.text) refers to wait.o(.text) for init_event
    sdcard.o(.text) refers to stm32f10x_rcc.o(.text) for RCC_APB2PeriphClockCmd
    sdcard.o(.text) refers to driver_misc.o(.text) for gpio_cfg
    sdcard.o(.text) refers to stm32f10x_dma.o(.text) for DMA_ITConfig
    sdcard.o(.text) refers to misc.o(.text) for NVIC_Init
    sdcard.o(.text) refers to moal_sdio_mmc.o(.text) for sdio_reset
    sdcard.o(.text) refers to sdcard.o(i.local_irq_save) for local_irq_save
    sdcard.o(.text) refers to os_cpu_a.o(.text) for OS_CPU_SR_Restore
    sdcard.o(.text) refers to os_core.o(.text) for OSIntExit
    sdcard.o(.text) refers to os_core.o(.data) for OSIntNesting
    usart.o(.text) refers to memseta.o(.text) for __aeabi_memclr4
    usart.o(.text) refers to stm32f10x_rcc.o(.text) for RCC_APB2PeriphClockCmd
    usart.o(.text) refers to driver_misc.o(.text) for gpio_cfg
    usart.o(.text) refers to wait.o(.text) for init_event
    usart.o(.text) refers to stm32f10x_usart.o(.text) for USART_Init
    usart.o(.text) refers to misc.o(.text) for NVIC_Init
    usart.o(.text) refers to timer.o(.text) for os_time_get
    usart.o(.text) refers to printf8.o(i.__0printf$8) for __2printf
    usart.o(.text) refers to os_cpu_a.o(.text) for OS_CPU_SR_Save
    usart.o(.text) refers to usart.o(i.enter_interrupt) for enter_interrupt
    usart.o(.text) refers to usart.o(i.exit_interrupt) for exit_interrupt
    usart.o(.text) refers to usart.o(.bss) for .bss
    usart.o(.text) refers to main.o(.data) for command
    usart.o(.text) refers to main.o(.data) for command_event
    driver_misc.o(.text) refers to memory.o(.text) for sys_meminit
    driver_misc.o(.text) refers to misc.o(.text) for NVIC_PriorityGroupConfig
    driver_misc.o(.text) refers to timer.o(.text) for os_time_get
    driver_misc.o(.text) refers to stm32f10x_gpio.o(.text) for GPIO_Init
    driver_misc.o(.text) refers to stm32f10x_rcc.o(.text) for RCC_APB2PeriphClockCmd
    driver_misc.o(.text) refers to printf8.o(i.__0printf$8) for __2printf
    driver_misc.o(.text) refers to system_stm32f10x.o(.constdata) for SystemFrequency
[...]
    wlan_misc_ioctl_ipaddr_cfg               0x0802fb05   Thumb Code   192  mlan_sta_ioctl.o(.text)
    wlan_misc_ioctl_cfp_code_cfg             0x0802fbc5   Thumb Code   364  mlan_sta_ioctl.o(.text)
    wlan_misc_ioctl_country_code             0x0802fd31   Thumb Code   168  mlan_sta_ioctl.o(.text)
    wlan_set_ewpa_mode                       0x08030103   Thumb Code    30  mlan_sta_ioctl.o(.text)
    wlan_ops_sta_ioctl                       0x08030121   Thumb Code   440  mlan_sta_ioctl.o(.text)
    wlan_process_rx_packet                   0x0803099d   Thumb Code   272  mlan_sta_rx.o(.text)
    wlan_ops_sta_process_rx_packet           0x08030aad   Thumb Code   262  mlan_sta_rx.o(.text)
    wlan_check_last_packet_indication        0x08030bd1   Thumb Code   114  mlan_sta_tx.o(.text)
    wlan_ops_sta_process_txpd                0x08030c43   Thumb Code   248  mlan_sta_tx.o(.text)
    wlan_send_null_packet                    0x08030d3b   Thumb Code   192  mlan_sta_tx.o(.text)
    wlan_handle_rx_packet                    0x08030e6f   Thumb Code   110  mlan_txrx.o(.text)
    wlan_write_data_complete                 0x08030edd   Thumb Code    84  mlan_txrx.o(.text)
    wlan_process_tx                          0x08030f31   Thumb Code   152  mlan_txrx.o(.text)
    wlan_recv_packet_complete                0x08030fc9   Thumb Code   104  mlan_txrx.o(.text)
    wlan_add_buf_bypass_txqueue              0x08031031   Thumb Code    70  mlan_txrx.o(.text)
    wlan_bypass_tx_list_empty                0x08031077   Thumb Code    32  mlan_txrx.o(.text)
    wlan_cleanup_bypass_txq                  0x08031097   Thumb Code    84  mlan_txrx.o(.text)
    wlan_process_bypass_tx                   0x080310eb   Thumb Code   128  mlan_txrx.o(.text)
    wlan_check_specific_ie                   0x080323f9   Thumb Code   134  mlan_uap_cmdevent.o(.text)
    wlan_ops_uap_prepare_cmd                 0x0803254d   Thumb Code   828  mlan_uap_cmdevent.o(.text)
    wlan_ops_uap_process_cmdresp             0x08032889   Thumb Code   794  mlan_uap_cmdevent.o(.text)
    wlan_ops_uap_process_event               0x08032ba3   Thumb Code  1016  mlan_uap_cmdevent.o(.text)
    wlan_ops_uap_init_cmd                    0x08032f9b   Thumb Code    54  mlan_uap_cmdevent.o(.text)
    wlan_uap_set_channel                     0x08033255   Thumb Code    74  mlan_uap_ioctl.o(.text)
    wlan_uap_get_channel                     0x0803332b   Thumb Code    56  mlan_uap_ioctl.o(.text)
    wlan_uap_get_beacon_dtim                 0x0803354b   Thumb Code    72  mlan_uap_ioctl.o(.text)
    wlan_ops_uap_ioctl                       0x08033593   Thumb Code  1468  mlan_uap_ioctl.o(.text)
    wlan_ops_uap_process_txpd                0x08033d95   Thumb Code   226  mlan_uap_txrx.o(.text)
    wlan_process_uap_rx_packet               0x08033e77   Thumb Code   364  mlan_uap_txrx.o(.text)
    wlan_ops_uap_process_rx_packet           0x08033fe3   Thumb Code   302  mlan_uap_txrx.o(.text)
    wlan_uap_recv_packet                     0x08034111   Thumb Code   332  mlan_uap_txrx.o(.text)
    wlan_wmm_get_ralist_node                 0x08034449   Thumb Code    70  mlan_wmm.o(.text)
    wlan_get_random_ba_threshold             0x0803448f   Thumb Code    48  mlan_wmm.o(.text)
    wlan_ralist_add                          0x080344bf   Thumb Code   240  mlan_wmm.o(.text)
    wlan_is_ralist_valid                     0x080347ff   Thumb Code    48  mlan_wmm.o(.text)
    wlan_updata_ralist_tx_pause              0x08034c9b   Thumb Code   134  mlan_wmm.o(.text)
    wlan_clean_txrx                          0x08034d21   Thumb Code   182  mlan_wmm.o(.text)
    wlan_wmm_default_queue_priorities        0x08034dd7   Thumb Code    28  mlan_wmm.o(.text)
    wlan_wmm_setup_queue_priorities          0x08034df3   Thumb Code   190  mlan_wmm.o(.text)
    wlan_wmm_setup_ac_downgrade              0x08034eb1   Thumb Code    86  mlan_wmm.o(.text)
    wlan_wmm_init                            0x08034f07   Thumb Code   192  mlan_wmm.o(.text)
    wlan_wmm_setup_queues                    0x08034fc7   Thumb Code    18  mlan_wmm.o(.text)
    wlan_cmd_wmm_status_change               0x08034fd9   Thumb Code    18  mlan_wmm.o(.text)
    wlan_wmm_lists_empty                     0x08034feb   Thumb Code    62  mlan_wmm.o(.text)
    wlan_ralist_update                       0x08035029   Thumb Code   114  mlan_wmm.o(.text)
    wlan_wmm_add_buf_txqueue                 0x0803509b   Thumb Code   412  mlan_wmm.o(.text)
    wlan_ret_wmm_get_status                  0x08035237   Thumb Code   230  mlan_wmm.o(.text)
    wlan_wmm_process_association_req         0x0803531d   Thumb Code   134  mlan_wmm.o(.text)
    wlan_wmm_compute_driver_packet_delay     0x080353a3   Thumb Code    64  mlan_wmm.o(.text)
    wlan_wmm_process_tx                      0x080353e3   Thumb Code    42  mlan_wmm.o(.text)
    wlan_wmm_select_queue                    0x0803540d   Thumb Code    46  mlan_wmm.o(.text)
    wlan_drop_tx_pkts                        0x0803543b   Thumb Code    94  mlan_wmm.o(.text)
    wlan_wmm_delete_peer_ralist              0x08035499   Thumb Code   186  mlan_wmm.o(.text)
    wlan_cmd_wmm_addts_req                   0x08035553   Thumb Code    58  mlan_wmm.o(.text)
    wlan_ret_wmm_addts_req                   0x0803558d   Thumb Code    64  mlan_wmm.o(.text)
    wlan_cmd_wmm_delts_req                   0x080355cd   Thumb Code    84  mlan_wmm.o(.text)
    wlan_ret_wmm_delts_req                   0x08035621   Thumb Code    48  mlan_wmm.o(.text)
    wlan_cmd_wmm_queue_stats                 0x08035651   Thumb Code    92  mlan_wmm.o(.text)
    wlan_ret_wmm_queue_stats                 0x080356ad   Thumb Code    74  mlan_wmm.o(.text)
    wlan_cmd_wmm_ts_status                   0x080356f7   Thumb Code    36  mlan_wmm.o(.text)
    wlan_ret_wmm_ts_status                   0x0803571b   Thumb Code    30  mlan_wmm.o(.text)
    wlan_cmd_wmm_queue_config                0x08035739   Thumb Code    32  mlan_wmm.o(.text)
    wlan_ret_wmm_queue_config                0x08035759   Thumb Code    22  mlan_wmm.o(.text)
    wlan_wmm_cfg_ioctl                       0x0803576f   Thumb Code   312  mlan_wmm.o(.text)
    delay_1us                                0x08035b71   Thumb Code     8  sys_misc.o(.text)
    delay_us                                 0x08035b79   Thumb Code    16  sys_misc.o(.text)
    led_switch                               0x08035b89   Thumb Code    62  sys_misc.o(.text)
    led_bright                               0x08035bc7   Thumb Code    74  sys_misc.o(.text)
    led_scan                                 0x08035c11   Thumb Code   118  sys_misc.o(.text)
    button_stat_callback                     0x08035c87   Thumb Code   124  sys_misc.o(.text)
    assert_failed                            0x08035d03   Thumb Code    58  sys_misc.o(.text)
    led4_timer_callback                      0x08035d3d   Thumb Code    46  sys_misc.o(.text)
    led5_timer_callback                      0x08035d6b   Thumb Code    46  sys_misc.o(.text)
    misc_init                                0x08035d99   Thumb Code    42  sys_misc.o(.text)
    show_sys_info                            0x08035dc3   Thumb Code    84  sys_misc.o(.text)
    soft_reset                               0x08035e17   Thumb Code    66  sys_misc.o(.text)
    HardFault_Handler                        0x08035e59   Thumb Code    64  sys_misc.o(.text)
    App_TaskCreateHook                       0x08035e99   Thumb Code     2  sys_misc.o(.text)
    App_TaskDelHook                          0x08035e9b   Thumb Code     2  sys_misc.o(.text)
    App_TaskReturnHook                       0x08035e9d   Thumb Code     2  sys_misc.o(.text)
    App_TCBInitHook                          0x08035e9f   Thumb Code     2  sys_misc.o(.text)
    App_TaskSwHook                           0x08035ea1   Thumb Code     2  sys_misc.o(.text)
    App_TimeTickHook                         0x08035ea3   Thumb Code     2  sys_misc.o(.text)
    App_TaskStatHook                         0x08035ea5   Thumb Code   162  sys_misc.o(.text)
    switch_dbg                               0x08035f47   Thumb Code   364  sys_misc.o(.text)
    usr_gpio_init                            0x080360b3   Thumb Code    94  sys_misc.o(.text)
    get_wifi_dev                             0x08036125   Thumb Code     6  wifi.o(.text)
    is_hw_ok                                 0x0803612b   Thumb Code    12  wifi.o(.text)
    wifi_disconnect                          0x08036137   Thumb Code    86  wifi.o(.text)
    wifi_stop_ap                             0x0803618d   Thumb Code    38  wifi.o(.text)
    wifi_set_mode                            0x080361b3   Thumb Code   196  wifi.o(.text)
    wifi_set_multicast                       0x08036277   Thumb Code    36  wifi.o(.text)
    wifi_set_promisc                         0x0803629b   Thumb Code     6  wifi.o(.text)
    wifi_set_channel                         0x080362a1   Thumb Code   128  wifi.o(.text)
    wifi_ap_cfg                              0x08036321   Thumb Code   302  wifi.o(.text)
    wifi_join_adhoc                          0x0803644f   Thumb Code   382  wifi.o(.text)
    wifi_leave_adhoc                         0x080365cd   Thumb Code    90  wifi.o(.text)
    wifi_get_sta_list                        0x08036627   Thumb Code   122  wifi.o(.text)
    new_scan_req                             0x080366a1   Thumb Code   248  wifi.o(.text)
    wifi_scan                                0x08036799   Thumb Code   118  wifi.o(.text)
    is_wifi_connected                        0x0803680f   Thumb Code    20  wifi.o(.text)
    wifi_connect                             0x08036823   Thumb Code   334  wifi.o(.text)
    wifi_get_mac                             0x08036971   Thumb Code    22  wifi.o(.text)
    wifi_get_stats                           0x08036987   Thumb Code   264  wifi.o(.text)
    wifi_power_cfg                           0x08036a8f   Thumb Code   158  wifi.o(.text)
    event_callback                           0x08036b2d   Thumb Code     4  wifi.o(.text)
    create_mac                               0x08036b31   Thumb Code   100  wifi.o(.text)
    register_netdev                          0x08036b95   Thumb Code    82  wifi.o(.text)
    init_wifi                                0x08036be7   Thumb Code    18  wifi.o(.text)
    put_page                                 0x08036c2d   Thumb Code    76  skbuff.o(.text)
    __kfree_skb                              0x08036cf3   Thumb Code    18  skbuff.o(.text)
    kfree_skb                                0x08036d05   Thumb Code    30  skbuff.o(.text)
    skb_clone                                0x08036e1b   Thumb Code   104  skbuff.o(.text)
    skb_copy_from_linear_data_offset         0x08036e83   Thumb Code    20  skbuff.o(.text)
    skb_copy_bits                            0x08036e97   Thumb Code   344  skbuff.o(.text)
    get_page                                 0x08036fef   Thumb Code   258  skbuff.o(.text)
    pskb_expand_head                         0x080370f1   Thumb Code   444  skbuff.o(.text)
    __pskb_pull_tail                         0x080372ad   Thumb Code   442  skbuff.o(.text)
    skb_tailroom                             0x08037493   Thumb Code    20  skbuff.o(.text)
    skb_reserve                              0x080374a7   Thumb Code   106  skbuff.o(.text)
    skb_mac_header                           0x08037511   Thumb Code     4  skbuff.o(.text)
    skb_reset_mac_header                     0x08037515   Thumb Code     8  skbuff.o(.text)
    __alloc_skb                              0x0803751d   Thumb Code   204  skbuff.o(.text)
    __dev_alloc_skb                          0x080375e9   Thumb Code    36  skbuff.o(.text)
    skb_copy_from_linear_data                0x0803760d   Thumb Code    12  skbuff.o(.text)
    __netdev_alloc_skb                       0x08037619   Thumb Code    36  skbuff.o(.text)
    dev_alloc_skb                            0x0803763d   Thumb Code     4  skbuff.o(.text)
    get_global_skb_alloc                     0x08037641   Thumb Code     6  skbuff.o(.text)
    consume_skb                              0x08037647   Thumb Code    32  skbuff.o(.text)
    skb_recycle_check                        0x08037667   Thumb Code   126  skbuff.o(.text)
    skb_morph                                0x080376e5   Thumb Code    22  skbuff.o(.text)
    skb_put                                  0x0803772d   Thumb Code    40  skbuff.o(.text)
    skb_copy                                 0x08037755   Thumb Code    94  skbuff.o(.text)
    pskb_copy                                0x080377b3   Thumb Code   184  skbuff.o(.text)
    skb_realloc_headroom                     0x0803786b   Thumb Code    62  skbuff.o(.text)
    skb_copy_expand                          0x080378a9   Thumb Code   148  skbuff.o(.text)
    skb_push                                 0x0803793d   Thumb Code    44  skbuff.o(.text)
    do_gettimeofday                          0x08037add   Thumb Code    34  usr_cfg.o(.text)
    timeval_to_ktime                         0x08037aff   Thumb Code    16  usr_cfg.o(.text)
    INIT_LIST_HEAD                           0x08037b0f   Thumb Code     6  usr_cfg.o(.text)
    __list_add                               0x08037b15   Thumb Code    10  usr_cfg.o(.text)
    list_add                                 0x08037b1f   Thumb Code    12  usr_cfg.o(.text)
    list_add_tail                            0x08037b2b   Thumb Code    12  usr_cfg.o(.text)
    __list_del                               0x08037b37   Thumb Code     6  usr_cfg.o(.text)
    __list_del_entry                         0x08037b3d   Thumb Code     8  usr_cfg.o(.text)
    list_del                                 0x08037b45   Thumb Code    16  usr_cfg.o(.text)
    copy_from_user                           0x08037b55   Thumb Code    10  usr_cfg.o(.text)
    try_module_get                           0x08037b5f   Thumb Code     4  usr_cfg.o(.text)
    module_put                               0x08037b63   Thumb Code     4  usr_cfg.o(.text)
    ieee80211_get_channel                    0x08037b67   Thumb Code    68  usr_cfg.o(.text)
    wpa_parse_wpa_ie_rsn                     0x08037c7f   Thumb Code   438  usr_cfg.o(.text)
    wpa_parse_wpa_ie                         0x08038141   Thumb Code    12  usr_cfg.o(.text)
    wpa_sm_parse_own_wpa_ie                  0x0803814d   Thumb Code    44  usr_cfg.o(.text)
    handle_user_scan_result                  0x08038179   Thumb Code   192  usr_cfg.o(.text)
    cfg80211_inform_bss                      0x08038239   Thumb Code   136  usr_cfg.o(.text)
    wiphy_free                               0x080382c1   Thumb Code    54  usr_cfg.o(.text)
    wiphy_unregister                         0x080382f7   Thumb Code    54  usr_cfg.o(.text)
    ieee80211_channel_to_frequency           0x0803832d   Thumb Code    52  usr_cfg.o(.text)
    ieee80211_frequency_to_channel           0x08038361   Thumb Code    52  usr_cfg.o(.text)
    strnicmp                                 0x08038395   Thumb Code    62  usr_cfg.o(.text)
    cfg80211_scan_done                       0x080383d3   Thumb Code    72  usr_cfg.o(.text)
    cfg80211_connect_result                  0x0803841b   Thumb Code    64  usr_cfg.o(.text)
    cfg80211_cqm_rssi_notify                 0x0803845b   Thumb Code    54  usr_cfg.o(.text)
    cfg80211_michael_mic_failure             0x08038491   Thumb Code    54  usr_cfg.o(.text)
    cfg80211_ibss_joined                     0x080384c7   Thumb Code    54  usr_cfg.o(.text)
    cfg80211_put_bss                         0x080384fd   Thumb Code    12  usr_cfg.o(.text)
    cfg80211_remain_on_channel_expired       0x08038509   Thumb Code    54  usr_cfg.o(.text)
    cfg80211_ready_on_channel                0x0803853f   Thumb Code   230  usr_cfg.o(.text)
    eth_type_trans                           0x08038625   Thumb Code    30  usr_cfg.o(.text)
    netif_rx                                 0x08038643   Thumb Code    38  usr_cfg.o(.text)
    print_scan_result                        0x0803866d   Thumb Code   546  test_wifi.o(.text)
    scan_result_fun                          0x0803888f   Thumb Code     8  test_wifi.o(.text)
    test_scan                                0x08038897   Thumb Code   118  test_wifi.o(.text)
    test_wifi_connect                        0x0803890d   Thumb Code   250  test_wifi.o(.text)
    test_create_ap                           0x08038a07   Thumb Code   554  test_wifi.o(.text)
    test_wifi_disconnect                     0x08038c31   Thumb Code   128  test_wifi.o(.text)
    test_wifi_join_adhoc                     0x08038cb1   Thumb Code   146  test_wifi.o(.text)
    test_wifi_leave_adhoc                    0x08038d43   Thumb Code   128  test_wifi.o(.text)
    test_wifi_get_stats                      0x08038dc3   Thumb Code   114  test_wifi.o(.text)
    test_stop_ap                             0x08038e35   Thumb Code   128  test_wifi.o(.text)
    test_get_station_list                    0x08038eb5   Thumb Code   480  test_wifi.o(.text)
    test_power_save_enable                   0x08039095   Thumb Code    66  test_wifi.o(.text)
    test_power_save_disable                  0x080390d7   Thumb Code    66  test_wifi.o(.text)
    handle_cmd                               0x08039141   Thumb Code   424  main.o(.text)
    main_thread                              0x080392e9   Thumb Code   442  main.o(.text)
    main                                     0x080394a3   Thumb Code    42  main.o(.text)
    test_tcp_link                            0x0803959d   Thumb Code   220  test_tcpip.o(.text)
    test_udp_link                            0x08039679   Thumb Code   222  test_tcpip.o(.text)
    test_multicast_send_data                 0x08039757   Thumb Code   310  test_tcpip.o(.text)
    test_multicast_join                      0x0803988d   Thumb Code   470  test_tcpip.o(.text)
    test_udp_server                          0x08039a63   Thumb Code   184  test_tcpip.o(.text)
    close_socket                             0x08039b1b   Thumb Code   342  test_tcpip.o(.text)
    test_tcp_unlink                          0x08039c71   Thumb Code   142  test_tcpip.o(.text)
    test_send                                0x08039cff   Thumb Code   538  test_tcpip.o(.text)
    tcp_send_thread                          0x08039f19   Thumb Code   306  test_tcpip.o(.text)
    test_full_speed_send                     0x0803a04b   Thumb Code   154  test_tcpip.o(.text)
    test_full_speed_send_stop                0x0803a0e5   Thumb Code   130  test_tcpip.o(.text)
    test_sendto                              0x0803a167   Thumb Code   226  test_tcpip.o(.text)
    test_close_tcp_server                    0x0803a249   Thumb Code   168  test_tcpip.o(.text)
    tcp_accept_task                          0x0803a2f1   Thumb Code   440  test_tcpip.o(.text)
    test_dns                                 0x0803a4a9   Thumb Code   200  test_tcpip.o(.text)
    test_tcp_server                          0x0803a571   Thumb Code   348  test_tcpip.o(.text)
    show_tcpip_info                          0x0803a6cd   Thumb Code   532  test_tcpip.o(.text)
    test_auto_get_ip                         0x0803a8e1   Thumb Code   118  test_tcpip.o(.text)
    is_led_ctrl_cmd                          0x0803a957   Thumb Code    30  test_tcpip.o(.text)
    is_udp_server_socket                     0x0803a975   Thumb Code    34  test_tcpip.o(.text)
    is_dhcp_socket                           0x0803a997   Thumb Code    34  test_tcpip.o(.text)
    is_web_socket                            0x0803a9b9   Thumb Code    34  test_tcpip.o(.text)
    switch_loopback_test                     0x0803a9db   Thumb Code   110  test_tcpip.o(.text)
    tcp_recv_thread                          0x0803aa49   Thumb Code   890  test_tcpip.o(.text)
    tcpip_init_end                           0x0803adcd   Thumb Code    62  tcpapp.o(.text)
    lwip_netif_init                          0x0803ae0b   Thumb Code   132  tcpapp.o(.text)
    auto_get_ip                              0x0803ae8f   Thumb Code   110  tcpapp.o(.text)
    get_host_by_name                         0x0803aefd   Thumb Code    46  tcpapp.o(.text)
    get_connect_stat                         0x0803af2b   Thumb Code   110  tcpapp.o(.text)
    tcp_link                                 0x0803af99   Thumb Code   340  tcpapp.o(.text)
    udp_link                                 0x0803b0ed   Thumb Code   594  tcpapp.o(.text)
    udp_add_membership                       0x0803b33f   Thumb Code   402  tcpapp.o(.text)
    udp_create_server                        0x0803b4d1   Thumb Code   320  tcpapp.o(.text)
    udp_data_send                            0x0803b611   Thumb Code   564  tcpapp.o(.text)
    init_lwip                                0x0803b845   Thumb Code    52  tcpapp.o(.text)
    monitor_switch                           0x0803b8b5   Thumb Code   110  debug.o(.text)
    send_test_pkg                            0x0803b923   Thumb Code   182  debug.o(.text)
    get_msp_size                             0x0803b9d9   Thumb Code     6  debug.o(.text)
    get_msp_free                             0x0803b9df   Thumb Code    22  debug.o(.text)
    send_sys_stat_data                       0x0803b9f5   Thumb Code  1580  debug.o(.text)
    send_task_stat_data                      0x0803c021   Thumb Code   814  debug.o(.text)
    send_socket_stat_data                    0x0803c34f   Thumb Code  1706  debug.o(.text)
    handle_sys_monitor                       0x0803c9f9   Thumb Code    44  debug.o(.text)
    dev_monitor_task                         0x0803ca25   Thumb Code    34  debug.o(.text)
    fix_xrf_params                           0x0803caa1   Thumb Code    62  monitor.o(.text)
    init_monitor                             0x0803cadf   Thumb Code    34  monitor.o(.text)
    __rt_ctype_table                         0x0803cb19   Thumb Code     4  ctype_o.o(.text)
    tolower                                  0x0803cb21   Thumb Code    12  tolower.o(.text)
    ____aeabi_memcpy8$ret$move               0x0803cb2d   Thumb Code     0  memmove.o(.text)
    ___aeabi_memmove4$ret                    0x0803cb2d   Thumb Code     0  memmove.o(.text)
    ___aeabi_memmove8$ret                    0x0803cb2d   Thumb Code     0  memmove.o(.text)
    __aeabi_memcpy                           0x0803cb2d   Thumb Code    66  memmove.o(.text)
    __aeabi_memcpy4                          0x0803cb2d   Thumb Code     0  memmove.o(.text)
    __aeabi_memmove                          0x0803cb2d   Thumb Code     0  memmove.o(.text)
    memcpy                                   0x0803cb2d   Thumb Code     0  memmove.o(.text)
    memmove                                  0x0803cb2d   Thumb Code     0  memmove.o(.text)
    __aeabi_memset                           0x0803cb6f   Thumb Code    14  memseta.o(.text)
    __aeabi_memset4                          0x0803cb6f   Thumb Code     0  memseta.o(.text)
    __aeabi_memset8                          0x0803cb6f   Thumb Code     0  memseta.o(.text)
    __aeabi_memclr                           0x0803cb7d   Thumb Code     4  memseta.o(.text)
    __aeabi_memclr4                          0x0803cb7d   Thumb Code     0  memseta.o(.text)
    __aeabi_memclr8                          0x0803cb7d   Thumb Code     0  memseta.o(.text)
    memset                                   0x0803cb81   Thumb Code    20  memseta.o(.text)
    strcat                                   0x0803cb95   Thumb Code    28  strcat.o(.text)
    strncpy                                  0x0803cbb1   Thumb Code    24  strncpy.o(.text)
    strlen                                   0x0803cbc9   Thumb Code    16  strlen.o(.text)
    strcmp                                   0x0803cbd9   Thumb Code    28  strcmp.o(.text)
    memcmp                                   0x0803cbf5   Thumb Code    26  memcmp.o(.text)
    strcpy                                   0x0803cc0f   Thumb Code    18  strcpy.o(.text)
    strncmp                                  0x0803cc21   Thumb Code    30  strncmp.o(.text)
    __aeabi_uidiv                            0x0803cc3f   Thumb Code     0  uidiv.o(.text)
    __aeabi_uidivmod                         0x0803cc3f   Thumb Code    44  uidiv.o(.text)
    __aeabi_uldivmod                         0x0803cc6b   Thumb Code   102  uldiv.o(.text)
    __I$use$fp                               0x0803ccd1   Thumb Code     0  iusefp.o(.text)
    __aeabi_dadd                             0x0803ccd1   Thumb Code   318  dadd.o(.text)
    __aeabi_dsub                             0x0803ce0f   Thumb Code     6  dadd.o(.text)
    __aeabi_drsub                            0x0803ce15   Thumb Code     6  dadd.o(.text)
    __aeabi_dmul                             0x0803ce1b   Thumb Code   226  dmul.o(.text)
    __aeabi_ddiv                             0x0803cefd   Thumb Code   222  ddiv.o(.text)
    __aeabi_d2ulz                            0x0803cfdb   Thumb Code    48  dfixul.o(.text)
    __aeabi_cdrcmple                         0x0803d00d   Thumb Code    38  cdrcmple.o(.text)
    __scatterload                            0x0803d035   Thumb Code    28  init.o(.text)
    __scatterload_rt2                        0x0803d035   Thumb Code     0  init.o(.text)
    __aeabi_llsl                             0x0803d059   Thumb Code    30  llshl.o(.text)
    _ll_shift_l                              0x0803d059   Thumb Code     0  llshl.o(.text)
    __aeabi_llsr                             0x0803d077   Thumb Code    32  llushr.o(.text)
    _ll_ushift_r                             0x0803d077   Thumb Code     0  llushr.o(.text)
    __aeabi_lasr                             0x0803d097   Thumb Code    36  llsshr.o(.text)
    _ll_sshift_r                             0x0803d097   Thumb Code     0  llsshr.o(.text)
    _double_round                            0x0803d0bb   Thumb Code    26  depilogue.o(.text)
    _double_epilogue                         0x0803d0d5   Thumb Code   168  depilogue.o(.text)
    __decompress                             0x0803d17d   Thumb Code     0  __dczerorl2.o(.text)
    __decompress1                            0x0803d17d   Thumb Code    92  __dczerorl2.o(.text)
    __0printf$8                              0x0803d1d9   Thumb Code    22  printf8.o(i.__0printf$8)
    __1printf$8                              0x0803d1d9   Thumb Code     0  printf8.o(i.__0printf$8)
    __2printf                                0x0803d1d9   Thumb Code     0  printf8.o(i.__0printf$8)
    __0snprintf                              0x0803d1f9   Thumb Code    36  printfa.o(i.__0snprintf)
    __1snprintf                              0x0803d1f9   Thumb Code     0  printfa.o(i.__0snprintf)
    __2snprintf$full                         0x0803d1f9   Thumb Code     0  printfa.o(i.__0snprintf)
    __c89snprintf                            0x0803d1f9   Thumb Code     0  printfa.o(i.__0snprintf)
    snprintf                                 0x0803d1f9   Thumb Code     0  printfa.o(i.__0snprintf)
    __0snprintf$8                            0x0803d221   Thumb Code    36  printf8.o(i.__0snprintf$8)
    __1snprintf$8                            0x0803d221   Thumb Code     0  printf8.o(i.__0snprintf$8)
    __2snprintf                              0x0803d221   Thumb Code     0  printf8.o(i.__0snprintf$8)
    __0sprintf$8                             0x0803d249   Thumb Code    34  printf8.o(i.__0sprintf$8)
    __1sprintf$8                             0x0803d249   Thumb Code     0  printf8.o(i.__0sprintf$8)
    __2sprintf                               0x0803d249   Thumb Code     0  printf8.o(i.__0sprintf$8)
    __free$realloc                           0x0803d271   Thumb Code    88  mallocr.o(i.__free$realloc)
    __malloc$realloc                         0x0803d2cd   Thumb Code    64  mallocr.o(i.__malloc$realloc)
    __scatterload_copy                       0x0803d31d   Thumb Code    14  handlers.o(i.__scatterload_copy)
    __scatterload_null                       0x0803d32b   Thumb Code     2  handlers.o(i.__scatterload_null)
    __scatterload_zeroinit                   0x0803d32d   Thumb Code    14  handlers.o(i.__scatterload_zeroinit)
    enter_interrupt                          0x0803e06d   Thumb Code    10  usart.o(i.enter_interrupt)
    exit_interrupt                           0x0803e07d   Thumb Code    16  usart.o(i.exit_interrupt)
    local_irq_save                           0x0803e0d9   Thumb Code     4  sdcard.o(i.local_irq_save)
    realloc                                  0x0803e0dd   Thumb Code   108  mallocr.o(i.realloc)
    ADCPrescTable                            0x0803e14c   Data           4  stm32f10x_rcc.o(.constdata)
    APBAHBPrescTable                         0x0803e150   Data          16  stm32f10x_rcc.o(.constdata)
    SystemFrequency                          0x0803e160   Data           4  system_stm32f10x.o(.constdata)
    OSUnMapTbl                               0x0803e195   Data         256  os_core.o(.constdata)
    not_used_name                            0x0803e2b4   Data           9  memory.o(.constdata)
    pvNullPointer                            0x0803e3d4   Data           4  sys_arch.o(.constdata)
    zero_ref                                 0x0803e3e8   Data           4  def.o(.constdata)
    memp_sizes                               0x0803e4d4   Data          32  memp.o(.constdata)
    tcp_persist_backoff                      0x0803e508   Data           7  tcp.o(.constdata)
    tcp_state_str                            0x0803e510   Data          44  tcp.o(.constdata)
    tcp_backoff                              0x0803e53c   Data          13  tcp.o(.constdata)
    tcp_pcb_lists                            0x0803e54c   Data          16  tcp.o(.constdata)
    ip_addr_any                              0x0803e660   Data           4  ip_addr.o(.constdata)
    ip_addr_broadcast                        0x0803e664   Data           4  ip_addr.o(.constdata)
    ethbroadcast                             0x0803e6c4   Data           6  etharp.o(.constdata)
    ethzero                                  0x0803e6ca   Data           6  etharp.o(.constdata)
    broken_vendors                           0x0803e714   Data          16  dhcpd.o(.constdata)
    blank_chaddr                             0x0803e767   Data          16  leases.o(.constdata)
    options                                  0x0803e780   Data         324  options.o(.constdata)
    option_lengths                           0x0803e8c4   Data          40  options.o(.constdata)
    fm_88w8287                               0x0803e92c   Data       249580  moal_main.o(.constdata)
    woal_netdev_ops                          0x0807b818   Data          40  moal_main.o(.constdata)
    woal_uap_netdev_ops                      0x0807b840   Data          40  moal_main.o(.constdata)
    cfg80211_wext                            0x0807b9a8   Data           4  moal_main.o(.constdata)
    cfg80211_rates                           0x0807b9ac   Data         168  moal_cfg80211.o(.constdata)
    cfg80211_channels_2ghz                   0x0807ba54   Data         504  moal_cfg80211.o(.constdata)
    cfg80211_channels_5ghz                   0x0807bc4c   Data        1116  moal_cfg80211.o(.constdata)
    cfg80211_cipher_suites                   0x0807c0a8   Data          40  moal_cfg80211.o(.constdata)
    woal_callbacks                           0x0807c1c4   Data         132  moal_shim.o(.constdata)
    woal_cfg80211_sta_ops                    0x0807c284   Data          96  moal_sta_cfg80211.o(.constdata)
    woal_cfg80211_uap_ops                    0x0807c33c   Data          96  moal_uap_cfg80211.o(.constdata)
    SupportedRates_N                         0x0807c630   Data           3  mlan_cfp.o(.constdata)
    AdhocRates_B                             0x0807c633   Data           5  mlan_cfp.o(.constdata)
    SupportedRates_B                         0x0807c638   Data           5  mlan_cfp.o(.constdata)
    AdhocRates_G                             0x0807c810   Data           9  mlan_cfp.o(.constdata)
    AdhocRates_BG                            0x0807c819   Data          13  mlan_cfp.o(.constdata)
    AdhocRates_A                             0x0807c826   Data           9  mlan_cfp.o(.constdata)
    SupportedRates_A                         0x0807c82f   Data           9  mlan_cfp.o(.constdata)
    WlanDataRates                            0x0807c838   Data          64  mlan_cfp.o(.constdata)
    SupportedRates_G                         0x0807c878   Data           9  mlan_cfp.o(.constdata)
    SupportedRates_BG                        0x0807c881   Data          13  mlan_cfp.o(.constdata)
    region_code_index                        0x0807d678   Data          18  mlan_cfp.o(.constdata)
    cfp_code_index_bg                        0x0807d68a   Data           2  mlan_cfp.o(.constdata)
    cfp_code_index_a                         0x0807d68c   Data          10  mlan_cfp.o(.constdata)
    mlan_sta_ops                             0x0807d74c   Data          32  mlan_shim.o(.constdata)
    mlan_uap_ops                             0x0807d76c   Data          32  mlan_shim.o(.constdata)
    ac_to_tid                                0x0807d7e4   Data           8  mlan_wmm.o(.constdata)
    __ctype_table                            0x0807dff8   Data         129  ctype_o.o(.constdata)
    Region$$Table$$Base                      0x0807e1c8   Number         0  anon$$obj.o(Region$$Table)
    Region$$Table$$Limit                     0x0807e1e8   Number         0  anon$$obj.o(Region$$Table)
    OSCPUUsage                               0x2000000c   Data           1  os_core.o(.data)
    OSStatRdy                                0x2000000d   Data           1  os_core.o(.data)
    OSIntNesting                             0x2000000e   Data           1  os_core.o(.data)
    OSLockNesting                            0x2000000f   Data           1  os_core.o(.data)
    OSPrioCur                                0x20000010   Data           1  os_core.o(.data)
    OSPrioHighRdy                            0x20000011   Data           1  os_core.o(.data)
    OSRdyGrp                                 0x20000012   Data           1  os_core.o(.data)
    OSRunning                                0x20000013   Data           1  os_core.o(.data)
    OSTaskCtr                                0x20000014   Data           1  os_core.o(.data)
    OSTickStepState                          0x20000015   Data           1  os_core.o(.data)
    OSCtxSwCtr                               0x20000018   Data           4  os_core.o(.data)
    OSEventFreeList                          0x2000001c   Data           4  os_core.o(.data)
    OSIdleCtrMax                             0x20000020   Data           4  os_core.o(.data)
    OSIdleCtrRun                             0x20000024   Data           4  os_core.o(.data)
    OSIdleCtr                                0x20000028   Data           4  os_core.o(.data)
    OSTCBCur                                 0x2000002c   Data           4  os_core.o(.data)
    OSTCBFreeList                            0x20000030   Data           4  os_core.o(.data)
    OSTCBHighRdy                             0x20000034   Data           4  os_core.o(.data)
    OSTCBList                                0x20000038   Data           4  os_core.o(.data)
    OSTime                                   0x2000003c   Data           4  os_core.o(.data)
    OSRdyTbl                                 0x20000040   Data           5  os_core.o(.data)
    OSFlagFreeList                           0x20000048   Data           4  os_core.o(.data)
    OSQFreeList                              0x2000004c   Data           4  os_core.o(.data)
    OSTmrFree                                0x20000050   Data           2  os_core.o(.data)
    OSTmrUsed                                0x20000052   Data           2  os_core.o(.data)
    OSTmrTime                                0x20000054   Data           4  os_core.o(.data)
    OSTmrSem                                 0x20000058   Data           4  os_core.o(.data)
    OSTmrSemSignal                           0x2000005c   Data           4  os_core.o(.data)
    OSTmrFreeList                            0x20000060   Data           4  os_core.o(.data)
    jiffies                                  0x20000068   Data           4  os_cpu_c.o(.data)
    tick_ms                                  0x2000006c   Data           4  os_cpu_c.o(.data)
    errno                                    0x200000a8   Data           4  sockets.o(.data)
    mbox                                     0x200000b4   Data           4  tcpip.o(.data)
    timeoutslist                             0x200000bc   Data           4  sys_arch.o(.data)
    netif_list                               0x200000d8   Data           4  netif.o(.data)
    netif_default                            0x200000dc   Data           4  netif.o(.data)
    pbuf_free_ooseq_pending                  0x200000e0   Data           1  pbuf.o(.data)
    tcp_active_pcbs_changed                  0x200000e8   Data           1  tcp.o(.data)
    tcp_ticks                                0x200000f4   Data           4  tcp.o(.data)
    tcp_bound_pcbs                           0x200000f8   Data           4  tcp.o(.data)
    tcp_listen_pcbs                          0x200000fc   Data           4  tcp.o(.data)
    tcp_active_pcbs                          0x20000100   Data           4  tcp.o(.data)
    tcp_tw_pcbs                              0x20000104   Data           4  tcp.o(.data)
    tcp_tmp_pcb                              0x20000108   Data           4  tcp.o(.data)
    tcp_input_pcb                            0x20000124   Data           4  tcp_in.o(.data)
    udp_pcbs                                 0x20000134   Data           4  udp.o(.data)
    current_netif                            0x20000148   Data           4  ip.o(.data)
    current_header                           0x2000014c   Data           4  ip.o(.data)
    current_iphdr_src                        0x20000150   Data           4  ip.o(.data)
    current_iphdr_dest                       0x20000154   Data           4  ip.o(.data)
    tx_skb                                   0x20000160   Data           4  ethernetif.o(.data)
    leases                                   0x20000168   Data           4  dhcpd.o(.data)
    dhcp_packet                              0x2000016c   Data           4  dhcpd.o(.data)
    fw_name                                  0x20000170   Data           4  moal_main.o(.data)
    mac_addr                                 0x20000174   Data           4  moal_main.o(.data)
    max_sta_bss                              0x20000178   Data           4  moal_main.o(.data)
    sta_name                                 0x2000017c   Data           4  moal_main.o(.data)
    max_uap_bss                              0x20000180   Data           4  moal_main.o(.data)
    uap_name                                 0x20000184   Data           4  moal_main.o(.data)
    cal_data_cfg                             0x20000188   Data           4  moal_main.o(.data)
    drv_mode                                 0x2000018c   Data           4  moal_main.o(.data)
    AddRemoveCardSem                         0x20000190   Data           4  moal_main.o(.data)
    m_handle                                 0x20000194   Data           4  moal_main.o(.data)
    driver_version                           0x20000198   Data          10  moal_main.o(.data)
    cfg80211_band_2ghz                       0x200001a4   Data          44  moal_cfg80211.o(.data)
    cfg80211_band_5ghz                       0x200001d0   Data          44  moal_cfg80211.o(.data)
    assert_callback                          0x20000224   Data           4  mlan_shim.o(.data)
    mlan_ops                                 0x20000228   Data          12  mlan_shim.o(.data)
    tos_to_tid                               0x20000238   Data           8  mlan_wmm.o(.data)
    tos_to_tid_inv                           0x20000240   Data           8  mlan_wmm.o(.data)
    led_value                                0x20000248   Data           1  sys_misc.o(.data)
    led_bright_value                         0x20000249   Data           1  sys_misc.o(.data)
    g_switch                                 0x2000024a   Data           1  sys_misc.o(.data)
    led4_timer                               0x20000258   Data           4  sys_misc.o(.data)
    led5_timer                               0x2000025c   Data           4  sys_misc.o(.data)
    sta_wifi_dev                             0x20000260   Data           4  wifi.o(.data)
    ap_wifi_dev                              0x20000264   Data           4  wifi.o(.data)
    wifi_dev                                 0x20000268   Data           4  wifi.o(.data)
    usr_scan_result_callback                 0x20000270   Data           4  usr_cfg.o(.data)
    sta_mac                                  0x20000274   Data           8  test_wifi.o(.data)
    wpa_proto                                0x2000027c   Data          16  test_wifi.o(.data)
    i_socket                                 0x2000028c   Data           1  main.o(.data)
    command_event                            0x20000290   Data           4  main.o(.data)
    command                                  0x20000294   Data           1  main.o(.data)
    loopback_enable                          0x20000298   Data           1  test_tcpip.o(.data)
    rfds                                     0x20000299   Data           1  test_tcpip.o(.data)
    client_socket_fd                         0x2000029c   Data           4  test_tcpip.o(.data)
    server_socket_fd                         0x200002a0   Data           4  test_tcpip.o(.data)
    remote_socket_fd                         0x200002a4   Data           4  test_tcpip.o(.data)
    server_accept_thread_fd                  0x200002a8   Data           4  test_tcpip.o(.data)
    tcp_send_stop                            0x200002ac   Data           4  test_tcpip.o(.data)
    p_netif                                  0x200002b0   Data           4  tcpapp.o(.data)
    socket_mutex                             0x200002b4   Data           4  tcpapp.o(.data)
    monitor_enable                           0x200002b8   Data           1  debug.o(.data)
    dbg_level                                0x200002bc   Data           4  debug.o(.data)
    p_globle_buff                            0x200002c0   Data           4  debug.o(.data)
    err                                      0x200002c4   Data           4  debug.o(.data)
    __stdout                                 0x200002c8   Data           4  stdout.o(.data)
    __microlib_freelist                      0x200002cc   Data           4  mvars.o(.data)
    __microlib_freelist_initialised          0x200002d0   Data           4  mvars.o(.data)
    mem_used                                 0x200002d4   Data           8  memory.o(monitor_item_table)
    monitor_item_table$$Base                 0x200002d4   Number         0  memory.o(monitor_item_table)
    mem_max                                  0x200002dc   Data           8  memory.o(monitor_item_table)
    mem_err                                  0x200002e4   Data           8  memory.o(monitor_item_table)
    mem_block                                0x200002ec   Data           8  memory.o(monitor_item_table)
    send_packets_cnt                         0x200002f4   Data           8  ethernetif.o(monitor_item_table)
    recv_packets_cnt                         0x200002fc   Data           8  ethernetif.o(monitor_item_table)
    assoc_rsp_size                           0x20000304   Data           8  mlan_join.o(monitor_item_table)
    max_beacon_size                          0x2000030c   Data           8  mlan_scan.o(monitor_item_table)
    event_body_size                          0x20000314   Data           8  mlan_sdio.o(monitor_item_table)
    data_pkt_cnt                             0x2000031c   Data           8  mlan_sdio.o(monitor_item_table)
    tcp_totol_send                           0x20000324   Data           8  test_tcpip.o(monitor_item_table)
    tcp_totol_recv                           0x2000032c   Data           8  test_tcpip.o(monitor_item_table)
    monitor_send_cnt                         0x20000334   Data           8  debug.o(monitor_item_table)
    cccr                                     0x2000033c   Data          12  sdcard.o(.bss)
    monitor_item_table$$Limit                0x2000033c   Number         0  debug.o(monitor_item_table)
    func                                     0x20000348   Data          48  sdcard.o(.bss)
    u1_recv                                  0x20000378   Data         576  usart.o(.bss)
    u3_send                                  0x200005b8   Data          24  usart.o(.bss)
    u1_send                                  0x200005d0   Data          24  usart.o(.bss)
    buf_uart1                                0x200005e8   Data          88  usart.o(.bss)
    m25_flash                                0x20000640   Data          24  w25p80.o(.bss)
    OSEventTbl                               0x20000658   Data         960  os_core.o(.bss)
    OSTaskStatStk                            0x20000a18   Data         256  os_core.o(.bss)
    OSTaskIdleStk                            0x20000b18   Data         128  os_core.o(.bss)
    OSTCBPrioTbl                             0x20000b98   Data         132  os_core.o(.bss)
    OSTCBTbl                                 0x20000c1c   Data        1472  os_core.o(.bss)
    OSFlagTbl                                0x200011dc   Data          80  os_core.o(.bss)
    OSQTbl                                   0x2000122c   Data         384  os_core.o(.bss)
    OSTmrTbl                                 0x200013ac   Data        1280  os_core.o(.bss)
    OSTmrTaskStk                             0x200018ac   Data         256  os_core.o(.bss)
    OSTmrWheelTbl                            0x200019ac   Data          64  os_core.o(.bss)
    sockets                                  0x200019ec   Data         192  sockets.o(.bss)
    nulltimeouts                             0x20001aac   Data          12  sys_arch.o(.bss)
    dhcp_rx_options_val                      0x20001ab8   Data          36  dhcp.o(.bss)
    dhcp_rx_options_given                    0x20001adc   Data           9  dhcp.o(.bss)
    lwip_stats                               0x20001ba0   Data         232  stats.o(.bss)
    server_config                            0x20001cf8   Data         100  dhcpd.o(.bss)
    lastest_scan_result                      0x20001e9c   Data          55  usr_cfg.o(.bss)
    udp_remote_client                        0x20001ed4   Data          16  test_tcpip.o(.bss)
    tcp_rcv_buff                             0x20001ee4   Data        1028  test_tcpip.o(.bss)
    if_wifi                                  0x200022e8   Data          56  tcpapp.o(.bss)
    STACK$$Base                              0x20002320   Number         0  startup_stm32f10x_hd.o(STACK)
    __heap_base                              0x20002320   Data           0  startup_stm32f10x_hd.o(HEAP)
    __heap_limit                             0x20002320   Data           0  startup_stm32f10x_hd.o(HEAP)
    Image$$RW_IRAM1$$ZI$$Limit               0x20002720   Number         0  startup_stm32f10x_hd.o(STACK)
    __initial_sp                             0x20002720   Data           0  startup_stm32f10x_hd.o(STACK)



==============================================================================

Memory Map of the image

  Image Entry point : 0x08000131

  Load Region LR_IROM1 (Base: 0x08000000, Size: 0x0007e524, Max: 0x00080000, ABSOLUTE, COMPRESSED[0x0007e290])

    Execution Region ER_IROM1 (Base: 0x08000000, Size: 0x0007e1e8, Max: 0x00080000, ABSOLUTE)

    Base Addr    Size         Type   Attr      Idx    E Section Name        Object

    0x08000000   0x00000130   Data   RO          298    RESET               startup_stm32f10x_hd.o
    0x08000130   0x00000000   Code   RO         3982  * .ARM.Collect$$$$00000000  mc_w.l(entry.o)(mc_w.l)
    0x08000130   0x00000004   Code   RO         4330    .ARM.Collect$$$$00000001  mc_w.l(entry2.o)(mc_w.l)
    0x08000134   0x00000004   Code   RO         4333    .ARM.Collect$$$$00000004  mc_w.l(entry5.o)(mc_w.l)
    0x08000138   0x00000008   Code   RO         4334    .ARM.Collect$$$$00000007  mc_w.l(entry7.o)(mc_w.l)
    0x08000140   0x00000004   Code   RO         4331    .ARM.Collect$$$$00002712  mc_w.l(entry2.o)(mc_w.l)
    0x08000144   0x00000200   Code   RO          106    .text               stm32f10x_dma.o
    0x08000344   0x00000260   Code   RO          208    .text               stm32f10x_gpio.o
    0x080005a4   0x000003d4   Code   RO          220    .text               stm32f10x_rcc.o
    0x08000978   0x00000200   Code   RO          235    .text               stm32f10x_sdio.o
    0x08000b78   0x00000330   Code   RO          247    .text               stm32f10x_spi.o
    0x08000ea8   0x000003f4   Code   RO          272    .text               stm32f10x_usart.o
    0x0800129c   0x00000030   Code   RO          299    .text               startup_stm32f10x_hd.o
    0x080012cc   0x000000e0   Code   RO          314    .text               misc.o
    0x080013ac   0x000000d0   Code   RO          326    .text               system_stm32f10x.o
    0x0800147c   0x000010e4   Code   RO          348    .text               sdcard.o
    0x08002560   0x0000045c   Code   RO          510    .text               usart.o
    0x080029bc   0x00000238   Code   RO          553    .text               driver_misc.o
    0x08002bf4   0x000006f8   Code   RO          584    .text               w25p80.o
    0x080032ec   0x00000900   Code   RO          601    .text               os_core.o
    0x08003bec   0x00000588   Code   RO          638    .text               os_flag.o
    0x08004174   0x00000508   Code   RO          685    .text               os_q.o
    0x0800467c   0x00000310   Code   RO          697    .text               os_sem.o
    0x0800498c   0x000006d4   Code   RO          709    .text               os_task.o
    0x08005060   0x00000150   Code   RO          722    .text               os_time.o
    0x080051b0   0x000005dc   Code   RO          734    .text               os_tmr.o
    0x0800578c   0x00000110   Code   RO          772    .text               os_cpu_c.o
    0x0800589c   0x000000a4   Code   RO          908    .text               os_cpu_a.o
    0x08005940   0x000000a6   Code   RO          911    .text               atomic.o
    0x080059e6   0x00000002   PAD
    0x080059e8   0x00000138   Code   RO          955    .text               mutex.o
    0x08005b20   0x000003a0   Code   RO          979    .text               task.o
    0x08005ec0   0x0000033c   Code   RO          995    .text               timer.o
    0x080061fc   0x00000234   Code   RO         1008    .text               wait.o
    0x08006430   0x00000d74   Code   RO         1020    .text               memory.o
    0x080071a4   0x00000c20   Code   RO         1058    .text               api_lib.o
    0x08007dc4   0x000016cc   Code   RO         1129    .text               api_msg.o
    0x08009490   0x00000398   Code   RO         1253    .text               netbuf.o
    0x08009828   0x000017c4   Code   RO         1309    .text               sockets.o
    0x0800afec   0x00000358   Code   RO         1356    .text               tcpip.o
    0x0800b344   0x00000504   Code   RO         1391    .text               sys_arch.o
    0x0800b848   0x000016bc   Code   RO         1484    .text               dhcp.o
    0x0800cf04   0x0000063c   Code   RO         1526    .text               dns.o
    0x0800d540   0x0000002a   Code   RO         1543    .text               init.o
    0x0800d56a   0x00000002   PAD
    0x0800d56c   0x000002b0   Code   RO         1614    .text               netif.o
    0x0800d81c   0x00000fac   Code   RO         1640    .text               pbuf.o
    0x0800e7c8   0x000001fc   Code   RO         1669    .text               raw.o
    0x0800e9c4   0x00000002   Code   RO         1684    .text               stats.o
    0x0800e9c6   0x00000002   PAD
    0x0800e9c8   0x000012b4   Code   RO         1714    .text               tcp.o
    0x0800fc7c   0x0000171c   Code   RO         1742    .text               tcp_in.o
    0x08011398   0x000010c8   Code   RO         1768    .text               tcp_out.o
    0x08012460   0x000002dc   Code   RO         1781    .text               timers.o
    0x0801273c   0x00000574   Code   RO         1826    .text               udp.o
    0x08012cb0   0x0000040c   Code   RO         1862    .text               icmp.o
    0x080130bc   0x000006cc   Code   RO         1874    .text               igmp.o
    0x08013788   0x00000244   Code   RO         1899    .text               inet_chksum.o
    0x080139cc   0x00000510   Code   RO         1911    .text               ip.o
    0x08013edc   0x00000250   Code   RO         1960    .text               ip_addr.o
    0x0801412c   0x0000099c   Code   RO         1984    .text               ip_frag.o
    0x08014ac8   0x00000344   Code   RO         1999    .text               ethernetif.o
    0x08014e0c   0x00000c34   Code   RO         2042    .text               etharp.o
    0x08015a40   0x00000704   Code   RO         2086    .text               dhcpd.o
    0x08016144   0x00000260   Code   RO         2159    .text               leases.o
    0x080163a4   0x00000208   Code   RO         2275    .text               options.o
    0x080165ac   0x000002e0   Code   RO         2318    .text               packet.o
    0x0801688c   0x0000049c   Code   RO         2372    .text               serverpacket.o
    0x08016d28   0x000018d0   Code   RO         2422    .text               moal_main.o
    0x080185f8   0x00000cc0   Code   RO         2501    .text               moal_cfg80211.o
    0x080192b8   0x00001f90   Code   RO         2602    .text               moal_ioctl.o
    0x0801b248   0x00000788   Code   RO         2658    .text               moal_sdio_mmc.o
    0x0801b9d0   0x00000868   Code   RO         2734    .text               moal_shim.o
    0x0801c238   0x00001120   Code   RO         2779    .text               moal_sta_cfg80211.o
    0x0801d358   0x00000680   Code   RO         2799    .text               moal_uap_cfg80211.o
    0x0801d9d8   0x000015a4   Code   RO         2814    .text               moal_uap.o
    0x0801ef7c   0x0000009a   Code   RO         2838    .text               moal_uap_priv.o
    0x0801f016   0x00000002   PAD
    0x0801f018   0x000009ac   Code   RO         2853    .text               mlan_11d.o
    0x0801f9c4   0x000015b4   Code   RO         2892    .text               mlan_11h.o
    0x08020f78   0x00001044   Code   RO         2917    .text               mlan_11n.o
    0x08021fbc   0x0000052c   Code   RO         2949    .text               mlan_11n_aggr.o
    0x080224e8   0x0000089e   Code   RO         2978    .text               mlan_11n_rxreorder.o
    0x08022d86   0x00000002   PAD
    0x08022d88   0x0000085c   Code   RO         3000    .text               mlan_cfp.o
    0x080235e4   0x000018dc   Code   RO         3053    .text               mlan_cmdevt.o
    0x08024ec0   0x00000a6c   Code   RO         3081    .text               mlan_init.o
    0x0802592c   0x000013ae   Code   RO         3113    .text               mlan_join.o
    0x08026cda   0x00000002   PAD
    0x08026cdc   0x000000e4   Code   RO         3141    .text               mlan_meas.o
    0x08026dc0   0x000016b8   Code   RO         3158    .text               mlan_misc.o
    0x08028478   0x00002680   Code   RO         3184    .text               mlan_scan.o
    0x0802aaf8   0x00000978   Code   RO         3215    .text               mlan_sdio.o
    0x0802b470   0x000008fa   Code   RO         3242    .text               mlan_shim.o
    0x0802bd6a   0x00000002   PAD
    0x0802bd6c   0x00000efc   Code   RO         3269    .text               mlan_sta_cmd.o
    0x0802cc68   0x00000c4a   Code   RO         3281    .text               mlan_sta_cmdresp.o
    0x0802d8b2   0x00000002   PAD
    0x0802d8b4   0x000005a0   Code   RO         3293    .text               mlan_sta_event.o
    0x0802de54   0x00002b48   Code   RO         3305    .text               mlan_sta_ioctl.o
    0x0803099c   0x00000234   Code   RO         3325    .text               mlan_sta_rx.o
    0x08030bd0   0x00000230   Code   RO         3341    .text               mlan_sta_tx.o
    0x08030e00   0x000003ac   Code   RO         3360    .text               mlan_txrx.o
    0x080311ac   0x000020a8   Code   RO         3379    .text               mlan_uap_cmdevent.o
    0x08033254   0x00000adc   Code   RO         3391    .text               mlan_uap_ioctl.o
    0x08033d30   0x0000052c   Code   RO         3405    .text               mlan_uap_txrx.o
    0x0803425c   0x00001914   Code   RO         3417    .text               mlan_wmm.o
    0x08035b70   0x000005b4   Code   RO         3447    .text               sys_misc.o
    0x08036124   0x00000b08   Code   RO         3484    .text               wifi.o
    0x08036c2c   0x00000eb0   Code   RO         3533    .text               skbuff.o
    0x08037adc   0x00000b90   Code   RO         3555    .text               usr_cfg.o
    0x0803866c   0x00000ad4   Code   RO         3597    .text               test_wifi.o
    0x08039140   0x0000045c   Code   RO         3720    .text               main.o
    0x0803959c   0x00001830   Code   RO         3761    .text               test_tcpip.o
    0x0803adcc   0x00000ae8   Code   RO         3819    .text               tcpapp.o
    0x0803b8b4   0x000011ec   Code   RO         3909    .text               debug.o
    0x0803caa0   0x00000078   Code   RO         3946    .text               monitor.o
    0x0803cb18   0x00000008   Code   RO         3985    .text               mc_w.l(ctype_o.o)(mc_w.l)
    0x0803cb20   0x0000000c   Code   RO         4013    .text               mc_w.l(tolower.o)(mc_w.l)
    0x0803cb2c   0x00000042   Code   RO         4019    .text               mc_w.l(memmove.o)(mc_w.l)
    0x0803cb6e   0x00000026   Code   RO         4025    .text               mc_w.l(memseta.o)(mc_w.l)
    0x0803cb94   0x0000001c   Code   RO         4027    .text               mc_w.l(strcat.o)(mc_w.l)
    0x0803cbb0   0x00000018   Code   RO         4029    .text               mc_w.l(strncpy.o)(mc_w.l)
    0x0803cbc8   0x00000010   Code   RO         4031    .text               mc_w.l(strlen.o)(mc_w.l)
    0x0803cbd8   0x0000001c   Code   RO         4033    .text               mc_w.l(strcmp.o)(mc_w.l)
    0x0803cbf4   0x0000001a   Code   RO         4035    .text               mc_w.l(memcmp.o)(mc_w.l)
    0x0803cc0e   0x00000012   Code   RO         4037    .text               mc_w.l(strcpy.o)(mc_w.l)
    0x0803cc20   0x0000001e   Code   RO         4039    .text               mc_w.l(strncmp.o)(mc_w.l)
    0x0803cc3e   0x0000002c   Code   RO         4336    .text               mc_w.l(uidiv.o)(mc_w.l)
    0x0803cc6a   0x00000066   Code   RO         4338    .text               mc_w.l(uldiv.o)(mc_w.l)
    0x0803ccd0   0x00000000   Code   RO         4351    .text               mc_w.l(iusefp.o)(mc_w.l)
    0x0803ccd0   0x0000014a   Code   RO         4352    .text               mf_w.l(dadd.o)(mf_w.l)
    0x0803ce1a   0x000000e2   Code   RO         4354    .text               mf_w.l(dmul.o)(mf_w.l)
    0x0803cefc   0x000000de   Code   RO         4356    .text               mf_w.l(ddiv.o)(mf_w.l)
    0x0803cfda   0x00000030   Code   RO         4358    .text               mf_w.l(dfixul.o)(mf_w.l)
    0x0803d00a   0x00000002   PAD
    0x0803d00c   0x00000028   Code   RO         4360    .text               mf_w.l(cdrcmple.o)(mf_w.l)
    0x0803d034   0x00000024   Code   RO         4362    .text               mc_w.l(init.o)(mc_w.l)
    0x0803d058   0x0000001e   Code   RO         4364    .text               mc_w.l(llshl.o)(mc_w.l)
    0x0803d076   0x00000020   Code   RO         4366    .text               mc_w.l(llushr.o)(mc_w.l)
    0x0803d096   0x00000024   Code   RO         4368    .text               mc_w.l(llsshr.o)(mc_w.l)
    0x0803d0ba   0x000000c2   Code   RO         4372    .text               mf_w.l(depilogue.o)(mf_w.l)
    0x0803d17c   0x0000005c   Code   RO         4384    .text               mc_w.l(__dczerorl2.o)(mc_w.l)
    0x0803d1d8   0x00000020   Code   RO         4256    i.__0printf$8       mc_w.l(printf8.o)(mc_w.l)
    0x0803d1f8   0x00000028   Code   RO         4283    i.__0snprintf       mc_w.l(printfa.o)(mc_w.l)
    0x0803d220   0x00000028   Code   RO         4257    i.__0snprintf$8     mc_w.l(printf8.o)(mc_w.l)
    0x0803d248   0x00000028   Code   RO         4258    i.__0sprintf$8      mc_w.l(printf8.o)(mc_w.l)
    0x0803d270   0x0000005c   Code   RO         4310    i.__free$realloc    mc_w.l(mallocr.o)(mc_w.l)
    0x0803d2cc   0x00000050   Code   RO         4311    i.__malloc$realloc  mc_w.l(mallocr.o)(mc_w.l)
    0x0803d31c   0x0000000e   Code   RO         4378    i.__scatterload_copy  mc_w.l(handlers.o)(mc_w.l)
    0x0803d32a   0x00000002   Code   RO         4379    i.__scatterload_null  mc_w.l(handlers.o)(mc_w.l)
    0x0803d32c   0x0000000e   Code   RO         4380    i.__scatterload_zeroinit  mc_w.l(handlers.o)(mc_w.l)
    0x0803d33a   0x00000002   PAD
    0x0803d33c   0x00000154   Code   RO         4289    i._fp_digits        mc_w.l(printfa.o)(mc_w.l)
    0x0803d490   0x00000428   Code   RO         4263    i._printf_core      mc_w.l(printf8.o)(mc_w.l)
    0x0803d8b8   0x000006d4   Code   RO         4290    i._printf_core      mc_w.l(printfa.o)(mc_w.l)
    0x0803df8c   0x00000026   Code   RO         4264    i._printf_post_padding  mc_w.l(printf8.o)(mc_w.l)
    0x0803dfb2   0x00000026   Code   RO         4291    i._printf_post_padding  mc_w.l(printfa.o)(mc_w.l)
    0x0803dfd8   0x0000002e   Code   RO         4265    i._printf_pre_padding  mc_w.l(printf8.o)(mc_w.l)
    0x0803e006   0x0000002e   Code   RO         4292    i._printf_pre_padding  mc_w.l(printfa.o)(mc_w.l)
    0x0803e034   0x00000016   Code   RO         4266    i._snputc           mc_w.l(printf8.o)(mc_w.l)
    0x0803e04a   0x00000016   Code   RO         4293    i._snputc           mc_w.l(printfa.o)(mc_w.l)
    0x0803e060   0x0000000a   Code   RO         4267    i._sputc            mc_w.l(printf8.o)(mc_w.l)
    0x0803e06a   0x00000002   PAD
    0x0803e06c   0x00000010   Code   RO          525    i.enter_interrupt   usart.o
    0x0803e07c   0x00000014   Code   RO          530    i.exit_interrupt    usart.o
    0x0803e090   0x00000048   Code   RO         4312    i.internal_alloc    mc_w.l(mallocr.o)(mc_w.l)
    0x0803e0d8   0x00000004   Code   RO          362    i.local_irq_save    sdcard.o
    0x0803e0dc   0x00000070   Code   RO         4313    i.realloc           mc_w.l(mallocr.o)(mc_w.l)
    0x0803e14c   0x00000014   Data   RO          221    .constdata          stm32f10x_rcc.o
    0x0803e160   0x00000004   Data   RO          327    .constdata          system_stm32f10x.o
    0x0803e164   0x00000016   Data   RO          350    .constdata          sdcard.o
    0x0803e17a   0x0000001b   Data   RO          586    .constdata          w25p80.o
    0x0803e195   0x00000100   Data   RO          608    .constdata          os_core.o
    0x0803e295   0x0000001f   Data   RO          980    .constdata          task.o
    0x0803e2b4   0x0000004a   Data   RO         1021    .constdata          memory.o
    0x0803e2fe   0x0000000d   Data   RO         1059    .constdata          api_lib.o
    0x0803e30b   0x00000020   Data   RO         1130    .constdata          api_msg.o
    0x0803e32b   0x0000000b   Data   RO         1254    .constdata          netbuf.o
    0x0803e336   0x00000002   PAD
    0x0803e338   0x00000040   Data   RO         1311    .constdata          sockets.o
    0x0803e378   0x0000005a   Data   RO         1357    .constdata          tcpip.o
    0x0803e3d2   0x00000002   PAD
    0x0803e3d4   0x00000011   Data   RO         1393    .constdata          sys_arch.o
    0x0803e3e5   0x00000003   PAD
    0x0803e3e8   0x00000004   Data   RO         1472    .constdata          def.o
    0x0803e3ec   0x00000095   Data   RO         1486    .constdata          dhcp.o
    0x0803e481   0x00000003   PAD
    0x0803e484   0x00000050   Data   RO         1528    .constdata          dns.o
    0x0803e4d4   0x00000020   Data   RO         1587    .constdata          memp.o
    0x0803e4f4   0x0000000b   Data   RO         1641    .constdata          pbuf.o
    0x0803e4ff   0x00000008   Data   RO         1670    .constdata          raw.o
    0x0803e507   0x00000001   PAD
    0x0803e508   0x000000c6   Data   RO         1715    .constdata          tcp.o
    0x0803e5ce   0x00000002   PAD
    0x0803e5d0   0x00000069   Data   RO         1769    .constdata          tcp_out.o
    0x0803e639   0x0000000c   Data   RO         1782    .constdata          timers.o
    0x0803e645   0x00000008   Data   RO         1827    .constdata          udp.o
    0x0803e64d   0x00000012   Data   RO         1875    .constdata          igmp.o
    0x0803e65f   0x00000001   PAD
    0x0803e660   0x00000004   Data   RO         1962    .constdata          ip_addr.o
    0x0803e664   0x00000004   Data   RO         1963    .constdata          ip_addr.o
    0x0803e668   0x0000003c   Data   RO         1985    .constdata          ip_frag.o
    0x0803e6a4   0x0000001e   Data   RO         2000    .constdata          ethernetif.o
    0x0803e6c2   0x00000002   PAD
    0x0803e6c4   0x00000050   Data   RO         2044    .constdata          etharp.o
    0x0803e714   0x00000053   Data   RO         2088    .constdata          dhcpd.o
    0x0803e767   0x00000019   Data   RO         2160    .constdata          leases.o
    0x0803e780   0x0000017a   Data   RO         2276    .constdata          options.o
    0x0803e8fa   0x0000000b   Data   RO         2319    .constdata          packet.o
    0x0803e905   0x00000026   Data   RO         2373    .constdata          serverpacket.o
    0x0803e92b   0x00000001   PAD
    0x0803e92c   0x0003d07b   Data   RO         2423    .constdata          moal_main.o
    0x0807b9a7   0x00000001   PAD
    0x0807b9a8   0x00000004   Data   RO         2430    .constdata          moal_main.o
    0x0807b9ac   0x000000a8   Data   RO         2502    .constdata          moal_cfg80211.o
    0x0807ba54   0x000001f8   Data   RO         2503    .constdata          moal_cfg80211.o
    0x0807bc4c   0x0000045c   Data   RO         2504    .constdata          moal_cfg80211.o
    0x0807c0a8   0x00000028   Data   RO         2505    .constdata          moal_cfg80211.o
    0x0807c0d0   0x0000004a   Data   RO         2506    .constdata          moal_cfg80211.o
    0x0807c11a   0x00000082   Data   RO         2603    .constdata          moal_ioctl.o
    0x0807c19c   0x00000028   Data   RO         2659    .constdata          moal_sdio_mmc.o
    0x0807c1c4   0x00000084   Data   RO         2736    .constdata          moal_shim.o
    0x0807c248   0x0000003a   Data   RO         2737    .constdata          moal_shim.o
    0x0807c282   0x00000002   PAD
    0x0807c284   0x0000008f   Data   RO         2780    .constdata          moal_sta_cfg80211.o
    0x0807c313   0x00000001   PAD
    0x0807c314   0x000000a3   Data   RO         2800    .constdata          moal_uap_cfg80211.o
    0x0807c3b7   0x00000014   Data   RO         2815    .constdata          moal_uap.o
    0x0807c3cb   0x00000001   PAD
    0x0807c3cc   0x0000024c   Data   RO         2854    .constdata          mlan_11d.o
    0x0807c618   0x00000010   Data   RO         2893    .constdata          mlan_11h.o
    0x0807c628   0x00000008   Data   RO         2950    .constdata          mlan_11n_aggr.o
    0x0807c630   0x000002f5   Data   RO         3001    .constdata          mlan_cfp.o
    0x0807c925   0x00000003   PAD
    0x0807c928   0x00000084   Data   RO         3002    .constdata          mlan_cfp.o
    0x0807c9ac   0x0000009c   Data   RO         3003    .constdata          mlan_cfp.o
    0x0807ca48   0x0000009c   Data   RO         3004    .constdata          mlan_cfp.o
    0x0807cae4   0x0000009c   Data   RO         3005    .constdata          mlan_cfp.o
    0x0807cb80   0x0000000c   Data   RO         3006    .constdata          mlan_cfp.o
    0x0807cb8c   0x0000009c   Data   RO         3007    .constdata          mlan_cfp.o
    0x0807cc28   0x0000009c   Data   RO         3008    .constdata          mlan_cfp.o
    0x0807ccc4   0x000000a8   Data   RO         3009    .constdata          mlan_cfp.o
    0x0807cd6c   0x00000120   Data   RO         3010    .constdata          mlan_cfp.o
    0x0807ce8c   0x000000fc   Data   RO         3011    .constdata          mlan_cfp.o
    0x0807cf88   0x000000e4   Data   RO         3012    .constdata          mlan_cfp.o
    0x0807d06c   0x000000e4   Data   RO         3013    .constdata          mlan_cfp.o
    0x0807d150   0x0000003c   Data   RO         3014    .constdata          mlan_cfp.o
    0x0807d18c   0x0000000c   Data   RO         3015    .constdata          mlan_cfp.o
    0x0807d198   0x000000e4   Data   RO         3016    .constdata          mlan_cfp.o
    0x0807d27c   0x00000030   Data   RO         3017    .constdata          mlan_cfp.o
    0x0807d2ac   0x00000030   Data   RO         3018    .constdata          mlan_cfp.o
    0x0807d2dc   0x00000060   Data   RO         3019    .constdata          mlan_cfp.o
    0x0807d33c   0x00000084   Data   RO         3020    .constdata          mlan_cfp.o
    0x0807d3c0   0x0000003c   Data   RO         3021    .constdata          mlan_cfp.o
    0x0807d3fc   0x00000084   Data   RO         3022    .constdata          mlan_cfp.o
    0x0807d480   0x0000003c   Data   RO         3023    .constdata          mlan_cfp.o
    0x0807d4bc   0x00000030   Data   RO         3024    .constdata          mlan_cfp.o
    0x0807d4ec   0x00000030   Data   RO         3025    .constdata          mlan_cfp.o
    0x0807d51c   0x00000030   Data   RO         3026    .constdata          mlan_cfp.o
    0x0807d54c   0x00000084   Data   RO         3027    .constdata          mlan_cfp.o
    0x0807d5d0   0x0000003c   Data   RO         3028    .constdata          mlan_cfp.o
    0x0807d60c   0x0000006c   Data   RO         3029    .constdata          mlan_cfp.o
    0x0807d678   0x00000012   Data   RO         3030    .constdata          mlan_cfp.o
    0x0807d68a   0x00000002   Data   RO         3031    .constdata          mlan_cfp.o
    0x0807d68c   0x0000000a   Data   RO         3032    .constdata          mlan_cfp.o
    0x0807d696   0x0000002c   Data   RO         3054    .constdata          mlan_cmdevt.o
    0x0807d6c2   0x00000021   Data   RO         3082    .constdata          mlan_init.o
    0x0807d6e3   0x00000051   Data   RO         3114    .constdata          mlan_join.o
    0x0807d734   0x00000016   Data   RO         3216    .constdata          mlan_sdio.o
    0x0807d74a   0x00000002   PAD
    0x0807d74c   0x00000020   Data   RO         3243    .constdata          mlan_shim.o
    0x0807d76c   0x00000020   Data   RO         3244    .constdata          mlan_shim.o
    0x0807d78c   0x0000003f   Data   RO         3306    .constdata          mlan_sta_ioctl.o
    0x0807d7cb   0x00000015   Data   RO         3392    .constdata          mlan_uap_ioctl.o
    0x0807d7e0   0x0000001d   Data   RO         3418    .constdata          mlan_wmm.o
    0x0807d7fd   0x00000012   Data   RO         3448    .constdata          sys_misc.o
    0x0807d80f   0x000000a6   Data   RO         3485    .constdata          wifi.o
    0x0807d8b5   0x00000003   PAD
    0x0807d8b8   0x0000011e   Data   RO         3534    .constdata          skbuff.o
    0x0807d9d6   0x000000b8   Data   RO         3557    .constdata          usr_cfg.o
    0x0807da8e   0x0000008e   Data   RO         3598    .constdata          test_wifi.o
    0x0807db1c   0x00000061   Data   RO         3721    .constdata          main.o
    0x0807db7d   0x000000e4   Data   RO         3763    .constdata          test_tcpip.o
    0x0807dc61   0x0000006a   Data   RO         3821    .constdata          tcpapp.o
    0x0807dccb   0x00000001   PAD
    0x0807dccc   0x0000032c   Data   RO         3910    .constdata          debug.o
    0x0807dff8   0x00000081   Data   RO         3986    .constdata          mc_w.l(ctype_o.o)(mc_w.l)
    0x0807e079   0x00000003   PAD
    0x0807e07c   0x00000004   Data   RO         3987    .constdata          mc_w.l(ctype_o.o)(mc_w.l)
    0x0807e080   0x00000068   Data   RO         1716    .conststring        tcp.o
    0x0807e0e8   0x0000001d   Data   RO         3599    .conststring        test_wifi.o
    0x0807e105   0x0000000e   Data   RO         3911    .conststring        debug.o
    0x0807e113   0x00000023   Data   RO         1022    .conststrlit        memory.o
    0x0807e136   0x00000022   Data   RO         2001    .conststrlit        ethernetif.o
    0x0807e158   0x0000000f   Data   RO         3115    .conststrlit        mlan_join.o
    0x0807e167   0x00000010   Data   RO         3185    .conststrlit        mlan_scan.o
    0x0807e177   0x0000001d   Data   RO         3217    .conststrlit        mlan_sdio.o
    0x0807e194   0x0000001e   Data   RO         3764    .conststrlit        test_tcpip.o
    0x0807e1b2   0x00000015   Data   RO         3912    .conststrlit        debug.o
    0x0807e1c7   0x00000001   PAD
    0x0807e1c8   0x00000020   Data   RO         4376    Region$$Table       anon$$obj.o


    Execution Region RW_IRAM1 (Base: 0x20000000, Size: 0x00002720, Max: 0x00010000, ABSOLUTE, COMPRESSED[0x000000a8])

    Base Addr    Size         Type   Attr      Idx    E Section Name        Object

    0x20000000   0x0000000c   Data   RW          351    .data               sdcard.o
    0x2000000c   0x00000039   Data   RW          609    .data               os_core.o
    0x20000045   0x00000003   PAD
    0x20000048   0x00000004   Data   RW          610    .data               os_core.o
    0x2000004c   0x00000004   Data   RW          611    .data               os_core.o
    0x20000050   0x00000002   Data   RW          612    .data               os_core.o
    0x20000052   0x00000002   Data   RW          613    .data               os_core.o
    0x20000054   0x00000004   Data   RW          614    .data               os_core.o
    0x20000058   0x00000004   Data   RW          615    .data               os_core.o
    0x2000005c   0x00000004   Data   RW          616    .data               os_core.o
    0x20000060   0x00000004   Data   RW          617    .data               os_core.o
    0x20000064   0x00000010   Data   RW          773    .data               os_cpu_c.o
    0x20000074   0x00000004   Data   RW          981    .data               task.o
    0x20000078   0x00000028   Data   RW         1023    .data               memory.o
    0x200000a0   0x0000000c   Data   RW         1312    .data               sockets.o
    0x200000ac   0x00000010   Data   RW         1358    .data               tcpip.o
    0x200000bc   0x00000004   Data   RW         1394    .data               sys_arch.o
    0x200000c0   0x00000004   Data   RW         1487    .data               dhcp.o
    0x200000c4   0x00000010   Data   RW         1529    .data               dns.o
    0x200000d4   0x0000000c   Data   RW         1615    .data               netif.o
    0x200000e0   0x00000001   Data   RW         1642    .data               pbuf.o
    0x200000e1   0x00000003   PAD
    0x200000e4   0x00000004   Data   RW         1671    .data               raw.o
    0x200000e8   0x00000024   Data   RW         1717    .data               tcp.o
    0x2000010c   0x0000001c   Data   RW         1744    .data               tcp_in.o
    0x20000128   0x00000008   Data   RW         1783    .data               timers.o
    0x20000130   0x00000008   Data   RW         1828    .data               udp.o
    0x20000138   0x0000000c   Data   RW         1876    .data               igmp.o
    0x20000144   0x00000014   Data   RW         1912    .data               ip.o
    0x20000158   0x00000008   Data   RW         1986    .data               ip_frag.o
    0x20000160   0x00000004   Data   RW         2002    .data               ethernetif.o
    0x20000164   0x00000001   Data   RW         2045    .data               etharp.o
    0x20000165   0x00000003   PAD
    0x20000168   0x00000008   Data   RW         2089    .data               dhcpd.o
    0x20000170   0x00000032   Data   RW         2432    .data               moal_main.o
    0x200001a2   0x00000002   PAD
    0x200001a4   0x0000002c   Data   RW         2507    .data               moal_cfg80211.o
    0x200001d0   0x0000002c   Data   RW         2508    .data               moal_cfg80211.o
    0x200001fc   0x00000004   Data   RW         2509    .data               moal_cfg80211.o
    0x20000200   0x00000001   Data   RW         2738    .data               moal_shim.o
    0x20000201   0x00000003   PAD
    0x20000204   0x00000004   Data   RW         2816    .data               moal_uap.o
    0x20000208   0x00000001   Data   RW         2918    .data               mlan_11n.o
    0x20000209   0x00000003   PAD
    0x2000020c   0x00000004   Data   RW         3055    .data               mlan_cmdevt.o
    0x20000210   0x00000001   Data   RW         3142    .data               mlan_meas.o
    0x20000211   0x00000010   Data   RW         3186    .data               mlan_scan.o
    0x20000221   0x00000003   PAD
    0x20000224   0x00000010   Data   RW         3245    .data               mlan_shim.o
    0x20000234   0x00000014   Data   RW         3419    .data               mlan_wmm.o
    0x20000248   0x00000018   Data   RW         3449    .data               sys_misc.o
    0x20000260   0x0000000c   Data   RW         3486    .data               wifi.o
    0x2000026c   0x00000004   Data   RW         3535    .data               skbuff.o
    0x20000270   0x00000004   Data   RW         3558    .data               usr_cfg.o
    0x20000274   0x00000018   Data   RW         3600    .data               test_wifi.o
    0x2000028c   0x00000008   Data   RW         3722    .data               main.o
    0x20000294   0x00000001   Data   RW         3723    .data               main.o
    0x20000295   0x00000003   PAD
    0x20000298   0x00000018   Data   RW         3765    .data               test_tcpip.o
    0x200002b0   0x00000008   Data   RW         3822    .data               tcpapp.o
    0x200002b8   0x00000010   Data   RW         3913    .data               debug.o
    0x200002c8   0x00000004   Data   RW         4335    .data               mc_w.l(stdout.o)(mc_w.l)
    0x200002cc   0x00000004   Data   RW         4340    .data               mc_w.l(mvars.o)(mc_w.l)
    0x200002d0   0x00000004   Data   RW         4341    .data               mc_w.l(mvars.o)(mc_w.l)
    0x200002d4   0x00000020   Data   RW         1024    monitor_item_table  memory.o
    0x200002f4   0x00000010   Data   RW         2003    monitor_item_table  ethernetif.o
    0x20000304   0x00000008   Data   RW         3116    monitor_item_table  mlan_join.o
    0x2000030c   0x00000008   Data   RW         3187    monitor_item_table  mlan_scan.o
    0x20000314   0x00000010   Data   RW         3218    monitor_item_table  mlan_sdio.o
    0x20000324   0x00000010   Data   RW         3766    monitor_item_table  test_tcpip.o
    0x20000334   0x00000008   Data   RW         3914    monitor_item_table  debug.o
    0x2000033c   0x0000003c   Zero   RW          349    .bss                sdcard.o
    0x20000378   0x000002c8   Zero   RW          511    .bss                usart.o
    0x20000640   0x00000018   Zero   RW          585    .bss                w25p80.o
    0x20000658   0x00000b84   Zero   RW          602    .bss                os_core.o
    0x200011dc   0x00000050   Zero   RW          603    .bss                os_core.o
    0x2000122c   0x00000180   Zero   RW          604    .bss                os_core.o
    0x200013ac   0x00000500   Zero   RW          605    .bss                os_core.o
    0x200018ac   0x00000100   Zero   RW          606    .bss                os_core.o
    0x200019ac   0x00000040   Zero   RW          607    .bss                os_core.o
    0x200019ec   0x000000c0   Zero   RW         1310    .bss                sockets.o
    0x20001aac   0x0000000c   Zero   RW         1392    .bss                sys_arch.o
    0x20001ab8   0x0000002d   Zero   RW         1485    .bss                dhcp.o
    0x20001ae5   0x00000003   PAD
    0x20001ae8   0x000000b8   Zero   RW         1527    .bss                dns.o
    0x20001ba0   0x000000e8   Zero   RW         1685    .bss                stats.o
    0x20001c88   0x00000010   Zero   RW         1743    .bss                tcp_in.o
    0x20001c98   0x00000010   Zero   RW         1961    .bss                ip_addr.o
    0x20001ca8   0x00000050   Zero   RW         2043    .bss                etharp.o
    0x20001cf8   0x00000064   Zero   RW         2087    .bss                dhcpd.o
    0x20001d5c   0x00000140   Zero   RW         2735    .bss                moal_shim.o
    0x20001e9c   0x00000037   Zero   RW         3556    .bss                usr_cfg.o
    0x20001ed3   0x00000001   PAD
    0x20001ed4   0x00000414   Zero   RW         3762    .bss                test_tcpip.o
    0x200022e8   0x00000038   Zero   RW         3820    .bss                tcpapp.o
    0x20002320   0x00000000   Zero   RW          297    HEAP                startup_stm32f10x_hd.o
    0x20002320   0x00000400   Zero   RW          296    STACK               startup_stm32f10x_hd.o


==============================================================================

Image component sizes


      Code (inc. data)   RO Data    RW Data    ZI Data      Debug   Object Name

      3104        948         13          0          0          0   api_lib.o
      5836       1250         32          0          0          0   api_msg.o
       166          0          0          0          0          0   atomic.o
      4588        552        847         24          0          0   debug.o
         0          0          4          0          0          0   def.o
      5820       1078        149          4         45          0   dhcp.o
      1796        208         83          8        100          0   dhcpd.o
      1596        272         80         16        184          0   dns.o
       568        120          0          0          0          0   driver_misc.o
      3124        604         80          1         80          0   etharp.o
       836        220         64         20          0          0   ethernetif.o
      1036        372          0          0          0          0   icmp.o
      1740        404         18         12          0          0   igmp.o
       580         96          0          0          0          0   inet_chksum.o
        42          0          0          0          0          0   init.o
      1296        160          0         20          0          0   ip.o
       592        102          8          0         16          0   ip_addr.o
      2460        534         60          8          0          0   ip_frag.o
       608         52         25          0          0          0   leases.o
      1116        234         97          9          0          0   main.o
      3444        750        109         72          0          0   memory.o
         0          0         32          0          0          0   memp.o
       224         16          0          0          0          0   misc.o
      2476         22        588          0          0          0   mlan_11d.o
      5556         98         16          0          0          0   mlan_11h.o
      4164         36          0          1          0          0   mlan_11n.o
      1324         18          8          0          0          0   mlan_11n_aggr.o
      2206          6          0          0          0          0   mlan_11n_rxreorder.o
      2140         86       4195          0          0          0   mlan_cfp.o
      6364         76         44          4          0          0   mlan_cmdevt.o
      2668         12         33          0          0          0   mlan_init.o
      5038        186         96          8          0          0   mlan_join.o
       228          8          0          1          0          0   mlan_meas.o
      5816         68          0          0          0          0   mlan_misc.o
      9856         64         16         24          0          0   mlan_scan.o
      2424         88         51         16          0          0   mlan_sdio.o
      2298         28         64         16          0          0   mlan_shim.o
      3836         34          0          0          0          0   mlan_sta_cmd.o
      3146         34          0          0          0          0   mlan_sta_cmdresp.o
      1440         46          0          0          0          0   mlan_sta_event.o
     11080        486         63          0          0          0   mlan_sta_ioctl.o
       564         30          0          0          0          0   mlan_sta_rx.o
       560          6          0          0          0          0   mlan_sta_tx.o
       940         28          0          0          0          0   mlan_txrx.o
      8360         96          0          0          0          0   mlan_uap_cmdevent.o
      2780        114         21          0          0          0   mlan_uap_ioctl.o
      1324          4          0          0          0          0   mlan_uap_txrx.o
      6420        120         29         20          0          0   mlan_wmm.o
      3264         90       1902         92          0          0   moal_cfg80211.o
         0          0          0          0          0          0   moal_debug.o
      8080        266        130          0          0          0   moal_ioctl.o
      6352        318     249983         50          0          0   moal_main.o
         0          0          0          0          0          0   moal_proc.o
      1928        168         40          0          0          0   moal_sdio_mmc.o
      2152        160        190          1        320          0   moal_shim.o
      4384         72        143          0          0          0   moal_sta_cfg80211.o
      5540        274         20          4          0          0   moal_uap.o
      1664         80        163          0          0          0   moal_uap_cfg80211.o
       154          0          0          0          0          0   moal_uap_priv.o
       120         24          0          0          0          0   monitor.o
       312         84          0          0          0          0   mutex.o
       920        344         11          0          0          0   netbuf.o
       688        112          0         12          0          0   netif.o
       520         10        378          0          0          0   options.o
      2304         80        256         85       5012          0   os_core.o
       164         32          0          0          0          0   os_cpu_a.o
       272         14          0         16          0          0   os_cpu_c.o
      1416         38          0          0          0          0   os_flag.o
      1288         32          0          0          0          0   os_q.o
       784         20          0          0          0          0   os_sem.o
      1748         70          0          0          0          0   os_task.o
       336         24          0          0          0          0   os_time.o
      1500        176          0          0          0          0   os_tmr.o
       736         62         11          0          0          0   packet.o
      4012       1258         11          1          0          0   pbuf.o
       508        134          8          4          0          0   raw.o
      4328        650         22         12         60          0   sdcard.o
      1180         78         38          0          0          0   serverpacket.o
      3760        254        286          4          0          0   skbuff.o
      6084        732         64         12        192          0   sockets.o
        48         12        304          0       1024          0   startup_stm32f10x_hd.o
         2          0          0          0        232          0   stats.o
         0          0          0          0          0          0   stm32f10x_adc.o
       512         18          0          0          0          0   stm32f10x_dma.o
       608         18          0          0          0          0   stm32f10x_gpio.o
       980         56         20          0          0          0   stm32f10x_rcc.o
       512         54          0          0          0          0   stm32f10x_sdio.o
       816          4          0          0          0          0   stm32f10x_spi.o
      1012         12          0          0          0          0   stm32f10x_usart.o
      1284        226         17          4         12          0   sys_arch.o
      1460        264         18         24          0          0   sys_misc.o
       208         18          4          0          0          0   system_stm32f10x.o
       928        156         31          4          0          0   task.o
      4788       1120        302         36          0          0   tcp.o
      5916        956          0         28         16          0   tcp_in.o
      4296        886        105          0          0          0   tcp_out.o
      2792        416        106          8         56          0   tcpapp.o
       856        186         90         16          0          0   tcpip.o
      6192       1062        258         40       1044          0   test_tcpip.o
      2772        520        171         24          0          0   test_wifi.o
       828        178          0          0          0          0   timer.o
       732        190         12          8          0          0   timers.o
      1396        204          8          8          0          0   udp.o
      1152        156          0          0        712          0   usart.o
      2960        538        184          4         55          0   usr_cfg.o
      1784        216         27          0         24          0   w25p80.o
       564        160          0          0          0          0   wait.o
      2824        410        166         12          0          0   wifi.o

    ----------------------------------------------------------------------
    248316      23458     262468        816       9188          0   Object Totals
         0          0         32          0          0          0   (incl. Generated)
        16          0         32         23          4          3   (incl. Padding)

    ----------------------------------------------------------------------

      Code (inc. data)   RO Data    RW Data    ZI Data      Debug   Library Member Name

        92          0          0          0          0          0   __dczerorl2.o
         8          4        133          0          0          0   ctype_o.o
         0          0          0          0          0          0   entry.o
         8          4          0          0          0          0   entry2.o
         4          0          0          0          0          0   entry5.o
         8          4          0          0          0          0   entry7.o
        30          0          0          0          0          0   handlers.o
        36          8          0          0          0          0   init.o
         0          0          0          0          0          0   iusefp.o
        30          0          0          0          0          0   llshl.o
        36          0          0          0          0          0   llsshr.o
        32          0          0          0          0          0   llushr.o
       356         28          0          0          0          0   mallocr.o
        26          0          0          0          0          0   memcmp.o
        66          0          0          0          0          0   memmove.o
        38          0          0          0          0          0   memseta.o
         0          0          0          8          0          0   mvars.o
      1292         64          0          0          0          0   printf8.o
      2234         86          0          0          0          0   printfa.o
         0          0          0          4          0          0   stdout.o
        28          0          0          0          0          0   strcat.o
        28          0          0          0          0          0   strcmp.o
        18          0          0          0          0          0   strcpy.o
        16          0          0          0          0          0   strlen.o
        30          0          0          0          0          0   strncmp.o
        24          0          0          0          0          0   strncpy.o
        12          0          0          0          0          0   tolower.o
        44          0          0          0          0          0   uidiv.o
       102          0          0          0          0          0   uldiv.o
        40          2          0          0          0          0   cdrcmple.o
       330          0          0          0          0          0   dadd.o
       222          0          0          0          0          0   ddiv.o
       194          0          0          0          0          0   depilogue.o
        48          0          0          0          0          0   dfixul.o
       226          0          0          0          0          0   dmul.o

    ----------------------------------------------------------------------
      5664        200        136         12          0          0   Library Totals
         6          0          3          0          0          0   (incl. Padding)

    ----------------------------------------------------------------------

      Code (inc. data)   RO Data    RW Data    ZI Data      Debug   Library Name

      4598        198        133         12          0       2820   mc_w.l
      1060          2          0          0          0        664   mf_w.l

    ----------------------------------------------------------------------
      5664        200        136         12          0          0   Library Totals

    ----------------------------------------------------------------------

==============================================================================


      Code (inc. data)   RO Data    RW Data    ZI Data      Debug   

    253980      23658     262604        828       9188    3100288   Grand Totals
    253980      23658     262604        168       9188    3100288   ELF Image Totals (compressed)
    253980      23658     262604        168          0          0   ROM Totals

==============================================================================

    Total RO  Size (Code + RO Data)               516584 ( 504.48kB)
    Total RW  Size (RW Data + ZI Data)             10016 (   9.78kB)
    Total ROM Size (Code + RO Data + RW Data)     516752 ( 504.64kB)

==============================================================================

