<html>
<body>
<pre>
<h1>µVision Build Log</h1>
<h2>Project:</h2>
D:\workspace\keil_project\STM32MARVELL88\project\wifi.uvproj
Project File Date:  09/17/2016

<h2>Output:</h2>
Build target 'mcu_wifi'
compiling stm32f10x_adc.c...
compiling stm32f10x_dac.c...
compiling stm32f10x_dma.c...
compiling stm32f10x_exti.c...
compiling stm32f10x_flash.c...
compiling stm32f10x_gpio.c...
compiling stm32f10x_rcc.c...
compiling stm32f10x_sdio.c...
compiling stm32f10x_spi.c...
compiling stm32f10x_tim.c...
compiling stm32f10x_usart.c...
compiling stm32f10x_wwdg.c...
assembling startup_stm32f10x_hd.s...
compiling core_cm3.c...
compiling misc.c...
compiling system_stm32f10x.c...
compiling stm32f10x_pwr.c...
compiling sdcard.c...
compiling usart.c...
compiling driver_misc.c...
compiling w25p80.c...
compiling os_core.c...
compiling os_flag.c...
compiling os_mbox.c...
compiling os_mem.c...
compiling os_mutex.c...
compiling os_q.c...
compiling os_sem.c...
compiling os_task.c...
compiling os_time.c...
compiling os_tmr.c...
compiling os_cpu_c.c...
assembling os_cpu_a.asm...
compiling atomic.c...
compiling mbox.c...
compiling msg_q.c...
compiling mutex.c...
compiling sem.c...
compiling task.c...
compiling timer.c...
compiling wait.c...
compiling memory.c...
compiling api_lib.c...
compiling api_msg.c...
compiling err.c...
compiling netbuf.c...
compiling netdb.c...
compiling netifapi.c...
compiling sockets.c...
compiling tcpip.c...
compiling sys_arch.c...
compiling def.c...
compiling dhcp.c...
compiling dns.c...
compiling init.c...
compiling mem.c...
compiling memp.c...
compiling netif.c...
compiling pbuf.c...
compiling raw.c...
compiling stats.c...
compiling sys.c...
compiling tcp.c...
compiling tcp_in.c...
compiling tcp_out.c...
compiling timers.c...
compiling udp.c...
compiling autoip.c...
compiling icmp.c...
compiling igmp.c...
compiling inet.c...
compiling inet_chksum.c...
compiling ip.c...
compiling ip_addr.c...
compiling ip_frag.c...
compiling ethernetif.c...
compiling etharp.c...
compiling dhcpd.c...
compiling leases.c...
compiling options.c...
compiling packet.c...
compiling serverpacket.c...
compiling moal_main.c...
compiling moal_cfg80211.c...
compiling moal_debug.c...
compiling moal_ioctl.c...
compiling moal_proc.c...
compiling moal_sdio_mmc.c...
compiling moal_shim.c...
compiling moal_sta_cfg80211.c...
compiling moal_uap_cfg80211.c...
compiling moal_uap.c...
compiling moal_uap_priv.c...
compiling mlan_11d.c...
compiling mlan_11h.c...
compiling mlan_11n.c...
compiling mlan_11n_aggr.c...
compiling mlan_11n_rxreorder.c...
compiling mlan_cfp.c...
compiling mlan_cmdevt.c...
compiling mlan_init.c...
compiling mlan_join.c...
compiling mlan_meas.c...
compiling mlan_misc.c...
compiling mlan_scan.c...
compiling mlan_sdio.c...
compiling mlan_shim.c...
compiling mlan_sta_cmd.c...
compiling mlan_sta_cmdresp.c...
compiling mlan_sta_event.c...
compiling mlan_sta_ioctl.c...
compiling mlan_sta_rx.c...
compiling mlan_sta_tx.c...
compiling mlan_txrx.c...
compiling mlan_uap_cmdevent.c...
compiling mlan_uap_ioctl.c...
compiling mlan_uap_txrx.c...
compiling mlan_wmm.c...
compiling sys_misc.c...
compiling wifi.c...
compiling skbuff.c...
..\net\wlan_src\user\skbuff.c(791): warning:  #174-D: expression has no effect
..\net\wlan_src\user\skbuff.c:                  skb_get(list);
..\net\wlan_src\user\skbuff.c:                  ^
..\net\wlan_src\user\skbuff.c(1838): warning:  #1441-D: nonstandard cast on lvalue
..\net\wlan_src\user\skbuff.c:                  (int)to += copy;
..\net\wlan_src\user\skbuff.c:                  ^
..\net\wlan_src\user\skbuff.c(1863): warning:  #1441-D: nonstandard cast on lvalue
..\net\wlan_src\user\skbuff.c:                          (int)to += copy;
..\net\wlan_src\user\skbuff.c:                          ^
..\net\wlan_src\user\skbuff.c(1884): warning:  #1441-D: nonstandard cast on lvalue
..\net\wlan_src\user\skbuff.c:                          (int)to += copy;
..\net\wlan_src\user\skbuff.c:                          ^
..\net\wlan_src\user\skbuff.c: ..\net\wlan_src\user\skbuff.c: 4 warnings, 0 errors
compiling usr_cfg.c...
compiling test_wifi.c...
compiling main.c...
compiling test_tcpip.c...
compiling tcpapp.c...
compiling webserver.c...
compiling debug.c...
assembling monitor.c...
compiling delay.c...
compiling DHT11_BUS.c...
compiling oled.c...
assembling web.c...
linking...
Program Size: Code=263172 RO-data=285104 RW-data=2108 ZI-data=9964  
FromELF: creating hex file...
".\out\STM32WIFI.axf" - 0 Error(s), 4 Warning(s).
Load "D:\\workspace\\keil_project\\STM32MARVELL88\\project\\out\\STM32WIFI.AXF" 
Set JLink Project File to "D:\workspace\keil_project\STM32MARVELL88\project\JLinkSettings.ini"
 
JLink info:
------------
DLL: V5.02c, compiled Sep 10 2015 17:39:31
Firmware: J-Link ARM V8 compiled Nov 28 2014 13:44:46
Hardware: V8.00
S/N : 99999993 
Feature(s) : RDI,FlashDL,FlashBP,JFlash,GDBFULL 
 
* JLink Info: TotalIRLen = 9, IRPrint = 0x0011
* JLink Info: Found Cortex-M3 r1p1, Little endian.
* JLink Info: FPUnit: 6 code (BP) slots and 2 literal slots
* JLink Info: CoreSight components:
* JLink Info: ROMTbl 0 @ E00FF000
* JLink Info: ROMTbl 0 [0]: FFF0F000, CID: B105E00D, PID: 001BB000 SCS
* JLink Info: ROMTbl 0 [1]: FFF02000, CID: B105E00D, PID: 001BB002 DWT
* JLink Info: ROMTbl 0 [2]: FFF03000, CID: B105E00D, PID: 000BB003 FPB
* JLink Info: ROMTbl 0 [3]: FFF01000, CID: B105E00D, PID: 001BB001 ITM
* JLink Info: ROMTbl 0 [4]: FFF41000, CID: B105900D, PID: 001BB923 TPIU-Lite
* JLink Info: ROMTbl 0 [5]: FFF42000, CID: B105900D, PID: 101BB924 ETM-M3
ROMTableAddr = 0xE00FF003
 
Target info:
------------
Device: STM32F103RG
* JLink Info: Device "STM32F103RG" selected.
VTarget = 3.235V
State of Pins: 
TCK: 1, TDI: 0, TDO: 1, TMS: 0, TRES: 1, TRST: 1
Hardware-Breakpoints: 6
Software-Breakpoints: 8192
Watchpoints:          4
JTAG speed: 9600 kHz
 
Erase Done.
Programming Done.
Verify OK.
Application running ...
Build target 'mcu_wifi'
compiling main.c...
linking...
Program Size: Code=263236 RO-data=285104 RW-data=2108 ZI-data=9964  
FromELF: creating hex file...
".\out\STM32WIFI.axf" - 0 Error(s), 0 Warning(s).
Build target 'mcu_wifi'
compiling stm32f10x_adc.c...
compiling stm32f10x_dac.c...
compiling stm32f10x_dma.c...
compiling stm32f10x_exti.c...
compiling stm32f10x_flash.c...
compiling stm32f10x_gpio.c...
compiling stm32f10x_rcc.c...
compiling stm32f10x_sdio.c...
compiling stm32f10x_spi.c...
compiling stm32f10x_tim.c...
compiling stm32f10x_usart.c...
compiling stm32f10x_wwdg.c...
assembling startup_stm32f10x_hd.s...
compiling core_cm3.c...
compiling misc.c...
compiling system_stm32f10x.c...
compiling stm32f10x_pwr.c...
compiling sdcard.c...
compiling usart.c...
compiling driver_misc.c...
compiling w25p80.c...
compiling os_core.c...
compiling os_flag.c...
compiling os_mbox.c...
compiling os_mem.c...
compiling os_mutex.c...
compiling os_q.c...
compiling os_sem.c...
compiling os_task.c...
compiling os_time.c...
compiling os_tmr.c...
compiling os_cpu_c.c...
assembling os_cpu_a.asm...
compiling atomic.c...
compiling mbox.c...
compiling msg_q.c...
compiling mutex.c...
compiling sem.c...
compiling task.c...
compiling timer.c...
compiling wait.c...
compiling memory.c...
compiling api_lib.c...
compiling api_msg.c...
compiling err.c...
compiling netbuf.c...
compiling netdb.c...
compiling netifapi.c...
compiling sockets.c...
compiling tcpip.c...
compiling sys_arch.c...
compiling def.c...
compiling dhcp.c...
compiling dns.c...
compiling init.c...
compiling mem.c...
compiling memp.c...
compiling netif.c...
compiling pbuf.c...
compiling raw.c...
compiling stats.c...
compiling sys.c...
compiling tcp.c...
compiling tcp_in.c...
compiling tcp_out.c...
compiling timers.c...
compiling udp.c...
compiling autoip.c...
compiling icmp.c...
compiling igmp.c...
compiling inet.c...
compiling inet_chksum.c...
compiling ip.c...
compiling ip_addr.c...
compiling ip_frag.c...
compiling ethernetif.c...
compiling etharp.c...
compiling dhcpd.c...
compiling leases.c...
compiling options.c...
compiling packet.c...
compiling serverpacket.c...
compiling moal_main.c...
compiling moal_cfg80211.c...
compiling moal_debug.c...
compiling moal_ioctl.c...
compiling moal_proc.c...
compiling moal_sdio_mmc.c...
compiling moal_shim.c...
compiling moal_sta_cfg80211.c...
compiling moal_uap_cfg80211.c...
compiling moal_uap.c...
compiling moal_uap_priv.c...
compiling mlan_11d.c...
compiling mlan_11h.c...
compiling mlan_11n.c...
compiling mlan_11n_aggr.c...
compiling mlan_11n_rxreorder.c...
compiling mlan_cfp.c...
compiling mlan_cmdevt.c...
compiling mlan_init.c...
compiling mlan_join.c...
compiling mlan_meas.c...
compiling mlan_misc.c...
compiling mlan_scan.c...
compiling mlan_sdio.c...
compiling mlan_shim.c...
compiling mlan_sta_cmd.c...
compiling mlan_sta_cmdresp.c...
compiling mlan_sta_event.c...
compiling mlan_sta_ioctl.c...
compiling mlan_sta_rx.c...
compiling mlan_sta_tx.c...
compiling mlan_txrx.c...
compiling mlan_uap_cmdevent.c...
compiling mlan_uap_ioctl.c...
compiling mlan_uap_txrx.c...
compiling mlan_wmm.c...
compiling sys_misc.c...
compiling wifi.c...
compiling skbuff.c...
..\net\wlan_src\user\skbuff.c(791): warning:  #174-D: expression has no effect
..\net\wlan_src\user\skbuff.c:                  skb_get(list);
..\net\wlan_src\user\skbuff.c:                  ^
..\net\wlan_src\user\skbuff.c(1838): warning:  #1441-D: nonstandard cast on lvalue
..\net\wlan_src\user\skbuff.c:                  (int)to += copy;
..\net\wlan_src\user\skbuff.c:                  ^
..\net\wlan_src\user\skbuff.c(1863): warning:  #1441-D: nonstandard cast on lvalue
..\net\wlan_src\user\skbuff.c:                          (int)to += copy;
..\net\wlan_src\user\skbuff.c:                          ^
..\net\wlan_src\user\skbuff.c(1884): warning:  #1441-D: nonstandard cast on lvalue
..\net\wlan_src\user\skbuff.c:                          (int)to += copy;
..\net\wlan_src\user\skbuff.c:                          ^
..\net\wlan_src\user\skbuff.c: ..\net\wlan_src\user\skbuff.c: 4 warnings, 0 errors
compiling usr_cfg.c...
compiling test_wifi.c...
compiling main.c...
compiling test_tcpip.c...
compiling tcpapp.c...
compiling webserver.c...
compiling debug.c...
assembling monitor.c...
compiling delay.c...
compiling DHT11_BUS.c...
compiling oled.c...
assembling web.c...
linking...
Program Size: Code=263236 RO-data=285104 RW-data=2108 ZI-data=9964  
FromELF: creating hex file...
".\out\STM32WIFI.axf" - 0 Error(s), 4 Warning(s).
Load "D:\\workspace\\keil_project\\STM32MARVELL88\\project\\out\\STM32WIFI.AXF" 
Set JLink Project File to "D:\workspace\keil_project\STM32MARVELL88\project\JLinkSettings.ini"
 
JLink info:
------------
DLL: V5.02c, compiled Sep 10 2015 17:39:31
Firmware: J-Link ARM V8 compiled Nov 28 2014 13:44:46
Hardware: V8.00
S/N : 99999993 
Feature(s) : RDI,FlashDL,FlashBP,JFlash,GDBFULL 
 
* JLink Info: TotalIRLen = 9, IRPrint = 0x0011
* JLink Info: Found Cortex-M3 r1p1, Little endian.
* JLink Info: FPUnit: 6 code (BP) slots and 2 literal slots
* JLink Info: CoreSight components:
* JLink Info: ROMTbl 0 @ E00FF000
* JLink Info: ROMTbl 0 [0]: FFF0F000, CID: B105E00D, PID: 001BB000 SCS
* JLink Info: ROMTbl 0 [1]: FFF02000, CID: B105E00D, PID: 001BB002 DWT
* JLink Info: ROMTbl 0 [2]: FFF03000, CID: B105E00D, PID: 000BB003 FPB
* JLink Info: ROMTbl 0 [3]: FFF01000, CID: B105E00D, PID: 001BB001 ITM
* JLink Info: ROMTbl 0 [4]: FFF41000, CID: B105900D, PID: 001BB923 TPIU-Lite
* JLink Info: ROMTbl 0 [5]: FFF42000, CID: B105900D, PID: 101BB924 ETM-M3
ROMTableAddr = 0xE00FF003
 
Target info:
------------
Device: STM32F103RG
* JLink Info: Device "STM32F103RG" selected.
VTarget = 3.241V
State of Pins: 
TCK: 1, TDI: 0, TDO: 1, TMS: 0, TRES: 1, TRST: 1
Hardware-Breakpoints: 6
Software-Breakpoints: 8192
Watchpoints:          4
JTAG speed: 9600 kHz
 
Erase Done.
Programming Done.
Verify OK.
Application running ...
Load "D:\\workspace\\keil_project\\STM32MARVELL88\\project\\out\\STM32WIFI.AXF" 
Set JLink Project File to "D:\workspace\keil_project\STM32MARVELL88\project\JLinkSettings.ini"
 
JLink info:
------------
DLL: V5.02c, compiled Sep 10 2015 17:39:31
Firmware: J-Link ARM V8 compiled Nov 28 2014 13:44:46
Hardware: V8.00
S/N : 99999993 
Feature(s) : RDI,FlashDL,FlashBP,JFlash,GDBFULL 
 
* JLink Info: TotalIRLen = 9, IRPrint = 0x0011
* JLink Info: Found Cortex-M3 r1p1, Little endian.
* JLink Info: FPUnit: 6 code (BP) slots and 2 literal slots
* JLink Info: CoreSight components:
* JLink Info: ROMTbl 0 @ E00FF000
* JLink Info: ROMTbl 0 [0]: FFF0F000, CID: B105E00D, PID: 001BB000 SCS
* JLink Info: ROMTbl 0 [1]: FFF02000, CID: B105E00D, PID: 001BB002 DWT
* JLink Info: ROMTbl 0 [2]: FFF03000, CID: B105E00D, PID: 000BB003 FPB
* JLink Info: ROMTbl 0 [3]: FFF01000, CID: B105E00D, PID: 001BB001 ITM
* JLink Info: ROMTbl 0 [4]: FFF41000, CID: B105900D, PID: 001BB923 TPIU-Lite
* JLink Info: ROMTbl 0 [5]: FFF42000, CID: B105900D, PID: 101BB924 ETM-M3
ROMTableAddr = 0xE00FF003
 
Target info:
------------
Device: STM32F103RG
* JLink Info: Device "STM32F103RG" selected.
VTarget = 3.235V
State of Pins: 
TCK: 1, TDI: 0, TDO: 1, TMS: 0, TRES: 1, TRST: 1
Hardware-Breakpoints: 6
Software-Breakpoints: 8192
Watchpoints:          4
JTAG speed: 9600 kHz
 
Erase Done.
Programming Done.
Verify OK.
Application running ...
"C:\Program Files\Microsoft Visual Studio\VSS\win32\Ssexp.exe" 
--- Error: failed to execute '"C:\Program Files\Microsoft Visual Studio\VSS\win32\Ssexp.exe" '
"C:\Program Files\ComponentSoftware\CS-RCS\System\csrcs.exe" Create "wifi.uv2"
--- Error: failed to execute '"C:\Program Files\ComponentSoftware\CS-RCS\System\csrcs.exe" Create "wifi.uv2"'
