<html>
<body>
<pre>
<h1>礦ision Build Log</h1>
<h2>Project:</h2>
E:\c\STM-WIFI-W8782客户资料\源码\mcu_wifi_88w8782(V2.3)\mcu_wifi_88w8782(V2.3)\keil_project\wifi.uvproj
Project File Date:  07/22/2016

<h2>Output:</h2>
Build target 'mcu_wifi'
compiling sys_misc.c...
..\app\src\sys_misc.c(129): warning:  #188-D: enumerated type mixed with another type
..\app\src\sys_misc.c:          led_stat = !led_stat;
..\app\src\sys_misc.c:                   ^
..\app\src\sys_misc.c(140): warning:  #188-D: enumerated type mixed with another type
..\app\src\sys_misc.c:          led_stat = !led_stat;
..\app\src\sys_misc.c:                   ^
..\app\src\sys_misc.c(239): error:  #20: identifier "i_socket" is undefined
..\app\src\sys_misc.c:                          switch(i_socket)
..\app\src\sys_misc.c:                                 ^
..\app\src\sys_misc.c: ..\app\src\sys_misc.c: 2 warnings, 1 error
compiling test_wifi.c...
..\app\src\test_wifi.c(125): warning:  #223-D: function "netif_set_down" declared implicitly
..\app\src\test_wifi.c:                 netif_set_down(p_netif);
..\app\src\test_wifi.c:                 ^
..\app\src\test_wifi.c(126): warning:  #223-D: function "netif_set_up" declared implicitly
..\app\src\test_wifi.c:                 netif_set_up(p_netif);
..\app\src\test_wifi.c:                 ^
..\app\src\test_wifi.c: ..\app\src\test_wifi.c: 2 warnings, 0 errors
compiling main.c...
..\app\src\main.c(132): warning:  #111-D: statement is unreachable
..\app\src\main.c:                      break;
..\app\src\main.c:                      ^
..\app\src\main.c: ..\app\src\main.c: 1 warning, 0 errors
Target not created
Build target 'mcu_wifi'
compiling sdcard.c...
compiling usart.c...
compiling driver_misc.c...
..\drivers\stm32f10x\src\driver_misc.c(45): warning:  #188-D: enumerated type mixed with another type
..\drivers\stm32f10x\src\driver_misc.c:         GPIO_InitStructure.GPIO_Mode = mode;
..\drivers\stm32f10x\src\driver_misc.c:                                      ^
..\drivers\stm32f10x\src\driver_misc.c: ..\drivers\stm32f10x\src\driver_misc.c: 1 warning, 0 errors
compiling w25p80.c...
compiling os_cpu_c.c...
compiling memory.c...
compiling sys_misc.c...
..\app\src\sys_misc.c(129): warning:  #188-D: enumerated type mixed with another type
..\app\src\sys_misc.c:          led_stat = !led_stat;
..\app\src\sys_misc.c:                   ^
..\app\src\sys_misc.c(140): warning:  #188-D: enumerated type mixed with another type
..\app\src\sys_misc.c:          led_stat = !led_stat;
..\app\src\sys_misc.c:                   ^
..\app\src\sys_misc.c: ..\app\src\sys_misc.c: 2 warnings, 0 errors
compiling wifi.c...
..\app\src\wifi.c(663): warning:  #188-D: enumerated type mixed with another type
..\app\src\wifi.c:                              enable = 0;
..\app\src\wifi.c:                                     ^
..\app\src\wifi.c(665): warning:  #188-D: enumerated type mixed with another type
..\app\src\wifi.c:                              enable = 1;
..\app\src\wifi.c:                                     ^
..\app\src\wifi.c: ..\app\src\wifi.c: 2 warnings, 0 errors
compiling test_wifi.c...
..\app\src\test_wifi.c(125): warning:  #223-D: function "netif_set_down" declared implicitly
..\app\src\test_wifi.c:                 netif_set_down(p_netif);
..\app\src\test_wifi.c:                 ^
..\app\src\test_wifi.c(126): warning:  #223-D: function "netif_set_up" declared implicitly
..\app\src\test_wifi.c:                 netif_set_up(p_netif);
..\app\src\test_wifi.c:                 ^
..\app\src\test_wifi.c: ..\app\src\test_wifi.c: 2 warnings, 0 errors
compiling main.c...
..\app\src\main.c(132): warning:  #111-D: statement is unreachable
..\app\src\main.c:                      break;
..\app\src\main.c:                      ^
..\app\src\main.c: ..\app\src\main.c: 1 warning, 0 errors
compiling test_tcpip.c...
compiling tcpapp.c...
compiling webserver.c...
compiling debug.c...
..\app\src\debug.c(16): warning:  #188-D: enumerated type mixed with another type
..\app\src\debug.c:   bool monitor_enable = 1;
..\app\src\debug.c:                         ^
..\app\src\debug.c(24): warning:  #188-D: enumerated type mixed with another type
..\app\src\debug.c:     monitor_enable = !monitor_enable;
..\app\src\debug.c:                    ^
..\app\src\debug.c(72): warning:  #161-D: unrecognized #pragma
..\app\src\debug.c:   #pragma section = "monitor_item_table"
..\app\src\debug.c:           ^
..\app\src\debug.c(230): warning:  #177-D: variable "item" was declared but never referenced
..\app\src\debug.c:             struct dev_monitor_item *item = (struct dev_monitor_item*)start;
..\app\src\debug.c:                                      ^
..\app\src\debug.c: ..\app\src\debug.c: 4 warnings, 0 errors
compiling monitor.c...
linking...
Program Size: Code=253980 RO-data=262604 RW-data=828 ZI-data=9188  
FromELF: creating hex file...
User command #1: hex2bin.exe   .\out\wifi.hex
hex2bin v1.0.9, Copyright (C) 2012 Jacques Pelletier
checksum extensions Copyright (C) 2004 Rockwell Automation
improved P.G. 2007, modified Danny Schneider,2012
Lowest address  = 00000000
Highest address = 0007E28F
Pad Byte        = FF
8-bit Checksum = 26
".\out\wifi.axf" - 0 Error(s), 12 Warning(s).
Load "E:\\c\\STM-WIFI-W8782客户资料\\源码\\mcu_wifi_88w8782(V2.3)\\mcu_wifi_88w8782(V2.3)\\keil_project\\out\\wifi.AXF" 
Set JLink Project File to "E:\c\STM-WIFI-W8782客户资料\源码\mcu_wifi_88w8782(V2.3)\mcu_wifi_88w8782(V2.3)\keil_project\JLinkSettings.ini"
 
JLink info:
------------
DLL: V5.02c, compiled Sep 10 2015 17:39:31
Firmware: J-Link ARM V8 compiled Nov 28 2014 13:44:46
Hardware: V8.00
S/N : 99999993 
Feature(s) : RDI,FlashDL,FlashBP,JFlash,GDBFULL 
 
* JLink Info: TotalIRLen = 9, IRPrint = 0x0011
* JLink Info: Found Cortex-M3 r1p1, Little endian.
* JLink Info: FPUnit: 6 code (BP) slots and 2 literal slots
* JLink Info: CoreSight components:
* JLink Info: ROMTbl 0 @ E00FF000
* JLink Info: ROMTbl 0 [0]: FFF0F000, CID: B105E00D, PID: 001BB000 SCS
* JLink Info: ROMTbl 0 [1]: FFF02000, CID: B105E00D, PID: 001BB002 DWT
* JLink Info: ROMTbl 0 [2]: FFF03000, CID: B105E00D, PID: 000BB003 FPB
* JLink Info: ROMTbl 0 [3]: FFF01000, CID: B105E00D, PID: 001BB001 ITM
* JLink Info: ROMTbl 0 [4]: FFF41000, CID: B105900D, PID: 001BB923 TPIU-Lite
* JLink Info: ROMTbl 0 [5]: FFF42000, CID: B105900D, PID: 101BB924 ETM-M3
ROMTableAddr = 0xE00FF003
 
Target info:
------------
Device: STM32F103RE
* JLink Info: Device "STM32F103RE" selected.
VTarget = 3.261V
State of Pins: 
TCK: 1, TDI: 0, TDO: 1, TMS: 0, TRES: 1, TRST: 1
Hardware-Breakpoints: 6
Software-Breakpoints: 8192
Watchpoints:          4
JTAG speed: 9600 kHz
 
Erase Done.
Programming Failed!
Load "E:\\c\\STM-WIFI-W8782客户资料\\源码\\mcu_wifi_88w8782(V2.3)\\mcu_wifi_88w8782(V2.3)\\keil_project\\out\\wifi.AXF" 
Set JLink Project File to "E:\c\STM-WIFI-W8782客户资料\源码\mcu_wifi_88w8782(V2.3)\mcu_wifi_88w8782(V2.3)\keil_project\JLinkSettings.ini"
 
JLink info:
------------
DLL: V5.02c, compiled Sep 10 2015 17:39:31
Firmware: J-Link ARM V8 compiled Nov 28 2014 13:44:46
Hardware: V8.00
S/N : 99999993 
Feature(s) : RDI,FlashDL,FlashBP,JFlash,GDBFULL 
 
* JLink Info: TotalIRLen = 9, IRPrint = 0x0011
* JLink Info: Found Cortex-M3 r1p1, Little endian.
* JLink Info: FPUnit: 6 code (BP) slots and 2 literal slots
* JLink Info: CoreSight components:
* JLink Info: ROMTbl 0 @ E00FF000
* JLink Info: ROMTbl 0 [0]: FFF0F000, CID: B105E00D, PID: 001BB000 SCS
* JLink Info: ROMTbl 0 [1]: FFF02000, CID: B105E00D, PID: 001BB002 DWT
* JLink Info: ROMTbl 0 [2]: FFF03000, CID: B105E00D, PID: 000BB003 FPB
* JLink Info: ROMTbl 0 [3]: FFF01000, CID: B105E00D, PID: 001BB001 ITM
* JLink Info: ROMTbl 0 [4]: FFF41000, CID: B105900D, PID: 001BB923 TPIU-Lite
* JLink Info: ROMTbl 0 [5]: FFF42000, CID: B105900D, PID: 101BB924 ETM-M3
ROMTableAddr = 0xE00FF003
 
Target info:
------------
Device: STM32F103RE
* JLink Info: Device "STM32F103RE" selected.
VTarget = 3.254V
State of Pins: 
TCK: 1, TDI: 0, TDO: 1, TMS: 0, TRES: 1, TRST: 1
Hardware-Breakpoints: 6
Software-Breakpoints: 8192
Watchpoints:          4
JTAG speed: 9600 kHz
 
Erase Done.
Programming Done.
Verify OK.
Application running ...
Build target 'mcu_wifi'
compiling stm32f10x_adc.c...
compiling stm32f10x_dac.c...
compiling stm32f10x_dma.c...
compiling stm32f10x_exti.c...
compiling stm32f10x_flash.c...
compiling stm32f10x_gpio.c...
compiling stm32f10x_rcc.c...
compiling stm32f10x_sdio.c...
compiling stm32f10x_spi.c...
compiling stm32f10x_tim.c...
compiling stm32f10x_usart.c...
compiling stm32f10x_wwdg.c...
assembling startup_stm32f10x_hd.s...
compiling core_cm3.c...
compiling misc.c...
compiling system_stm32f10x.c...
compiling sdcard.c...
compiling usart.c...
compiling driver_misc.c...
..\drivers\stm32f10x\src\driver_misc.c(45): warning:  #188-D: enumerated type mixed with another type
..\drivers\stm32f10x\src\driver_misc.c:         GPIO_InitStructure.GPIO_Mode = mode;
..\drivers\stm32f10x\src\driver_misc.c:                                      ^
..\drivers\stm32f10x\src\driver_misc.c: ..\drivers\stm32f10x\src\driver_misc.c: 1 warning, 0 errors
compiling w25p80.c...
compiling os_core.c...
compiling os_flag.c...
compiling os_mbox.c...
compiling os_mem.c...
compiling os_mutex.c...
compiling os_q.c...
compiling os_sem.c...
compiling os_task.c...
compiling os_time.c...
compiling os_tmr.c...
compiling os_cpu_c.c...
assembling os_cpu_a.asm...
compiling atomic.c...
compiling mbox.c...
compiling msg_q.c...
compiling mutex.c...
compiling sem.c...
compiling task.c...
compiling timer.c...
compiling wait.c...
compiling memory.c...
compiling api_lib.c...
compiling api_msg.c...
compiling err.c...
compiling netbuf.c...
compiling netdb.c...
compiling netifapi.c...
compiling sockets.c...
compiling tcpip.c...
compiling sys_arch.c...
compiling def.c...
compiling dhcp.c...
compiling dns.c...
compiling init.c...
compiling mem.c...
compiling memp.c...
compiling netif.c...
compiling pbuf.c...
compiling raw.c...
compiling stats.c...
compiling sys.c...
compiling tcp.c...
compiling tcp_in.c...
compiling tcp_out.c...
compiling timers.c...
compiling udp.c...
compiling autoip.c...
compiling icmp.c...
compiling igmp.c...
compiling inet.c...
compiling inet_chksum.c...
compiling ip.c...
compiling ip_addr.c...
compiling ip_frag.c...
compiling ethernetif.c...
..\net\lwip\src\netif\ethernetif.c(124): warning:  #69-D: integer conversion resulted in truncation
..\net\lwip\src\netif\ethernetif.c:     netif->flags = NETIF_FLAG_BROADCAST | 
..\net\lwip\src\netif\ethernetif.c:                    ^
..\net\lwip\src\netif\ethernetif.c: ..\net\lwip\src\netif\ethernetif.c: 1 warning, 0 errors
compiling etharp.c...
compiling dhcpd.c...
compiling leases.c...
compiling options.c...
compiling packet.c...
compiling serverpacket.c...
compiling moal_main.c...
..\net\wlan_src\mlinux\moal_main.c(3180): warning:  #1293-D: assignment in condition
..\net\wlan_src\mlinux\moal_main.c:           for (i = 0; i < handle->priv_num && (priv = handle->priv[i]); i++) {
..\net\wlan_src\mlinux\moal_main.c:                                               ^
..\net\wlan_src\mlinux\moal_main.c: ..\net\wlan_src\mlinux\moal_main.c: 1 warning, 0 errors
compiling moal_cfg80211.c...
compiling moal_debug.c...
compiling moal_ioctl.c...
..\net\wlan_src\mlinux\moal_ioctl.c(3593): warning:  #188-D: enumerated type mixed with another type
..\net\wlan_src\mlinux\moal_ioctl.c:           return -EBUSY;
..\net\wlan_src\mlinux\moal_ioctl.c:                  ^
..\net\wlan_src\mlinux\moal_ioctl.c: ..\net\wlan_src\mlinux\moal_ioctl.c: 1 warning, 0 errors
compiling moal_proc.c...
compiling moal_sdio_mmc.c...
compiling moal_shim.c...
compiling moal_sta_cfg80211.c...
compiling moal_uap_cfg80211.c...
compiling moal_uap.c...
compiling moal_uap_priv.c...
compiling mlan_11d.c...
compiling mlan_11h.c...
compiling mlan_11n.c...
..\net\wlan_src\mlan\mlan_11n.c(507): warning:  #188-D: enumerated type mixed with another type
..\net\wlan_src\mlan\mlan_11n.c:                       ret =
..\net\wlan_src\mlan\mlan_11n.c:                           ^
..\net\wlan_src\mlan\mlan_11n.c(512): warning:  #188-D: enumerated type mixed with another type
..\net\wlan_src\mlan\mlan_11n.c:                       ret =
..\net\wlan_src\mlan\mlan_11n.c:                           ^
..\net\wlan_src\mlan\mlan_11n.c(568): warning:  #188-D: enumerated type mixed with another type
..\net\wlan_src\mlan\mlan_11n.c:                       ret =
..\net\wlan_src\mlan\mlan_11n.c:                           ^
..\net\wlan_src\mlan\mlan_11n.c(572): warning:  #188-D: enumerated type mixed with another type
..\net\wlan_src\mlan\mlan_11n.c:                       ret =
..\net\wlan_src\mlan\mlan_11n.c:                           ^
..\net\wlan_src\mlan\mlan_11n.c: ..\net\wlan_src\mlan\mlan_11n.c: 4 warnings, 0 errors
compiling mlan_11n_aggr.c...
compiling mlan_11n_rxreorder.c...
compiling mlan_cfp.c...
compiling mlan_cmdevt.c...
compiling mlan_init.c...
compiling mlan_join.c...
compiling mlan_meas.c...
compiling mlan_misc.c...
..\net\wlan_src\mlan\mlan_misc.c(2207): warning:  #186-D: pointless comparison of unsigned integer with zero
..\net\wlan_src\mlan\mlan_misc.c:           if ((rate_index >= MLAN_RATE_INDEX_HRDSSS0) &&
..\net\wlan_src\mlan\mlan_misc.c:                           ^
..\net\wlan_src\mlan\mlan_misc.c: ..\net\wlan_src\mlan\mlan_misc.c: 1 warning, 0 errors
compiling mlan_scan.c...
compiling mlan_sdio.c...
compiling mlan_shim.c...
compiling mlan_sta_cmd.c...
..\net\wlan_src\mlan\mlan_sta_cmd.c(1802): warning:  #188-D: enumerated type mixed with another type
..\net\wlan_src\mlan\mlan_sta_cmd.c:           ret = wlan_meas_cmd_process(pmpriv, cmd_ptr, pdata_buf);
..\net\wlan_src\mlan\mlan_sta_cmd.c:               ^
..\net\wlan_src\mlan\mlan_sta_cmd.c: ..\net\wlan_src\mlan\mlan_sta_cmd.c: 1 warning, 0 errors
compiling mlan_sta_cmdresp.c...
..\net\wlan_src\mlan\mlan_sta_cmdresp.c(289): warning:  #188-D: enumerated type mixed with another type
..\net\wlan_src\mlan\mlan_sta_cmdresp.c:               pmpriv->state_11d.enable_11d = ul_temp;
..\net\wlan_src\mlan\mlan_sta_cmdresp.c:                                            ^
..\net\wlan_src\mlan\mlan_sta_cmdresp.c(292): warning:  #188-D: enumerated type mixed with another type
..\net\wlan_src\mlan\mlan_sta_cmdresp.c:                   pmpriv->state_11d.user_enable_11d = ul_temp;
..\net\wlan_src\mlan\mlan_sta_cmdresp.c:                                                     ^
..\net\wlan_src\mlan\mlan_sta_cmdresp.c(1590): warning:  #188-D: enumerated type mixed with another type
..\net\wlan_src\mlan\mlan_sta_cmdresp.c:           ret = wlan_meas_cmdresp_process(pmpriv, resp);
..\net\wlan_src\mlan\mlan_sta_cmdresp.c:               ^
..\net\wlan_src\mlan\mlan_sta_cmdresp.c: ..\net\wlan_src\mlan\mlan_sta_cmdresp.c: 3 warnings, 0 errors
compiling mlan_sta_event.c...
compiling mlan_sta_ioctl.c...
..\net\wlan_src\mlan\mlan_sta_ioctl.c(3768): warning:  #188-D: enumerated type mixed with another type
..\net\wlan_src\mlan\mlan_sta_ioctl.c:               ret = wlan_11h_issue_radar_detect(pmpriv, pioctl_req,
..\net\wlan_src\mlan\mlan_sta_ioctl.c:                   ^
..\net\wlan_src\mlan\mlan_sta_ioctl.c: ..\net\wlan_src\mlan\mlan_sta_ioctl.c: 1 warning, 0 errors
compiling mlan_sta_rx.c...
compiling mlan_sta_tx.c...
compiling mlan_txrx.c...
compiling mlan_uap_cmdevent.c...
..\net\wlan_src\mlan\mlan_uap_cmdevent.c(1871): warning:  #188-D: enumerated type mixed with another type
..\net\wlan_src\mlan\mlan_uap_cmdevent.c:               pmpriv->state_11d.enable_11d = data;
..\net\wlan_src\mlan\mlan_uap_cmdevent.c:                                            ^
..\net\wlan_src\mlan\mlan_uap_cmdevent.c(1874): warning:  #188-D: enumerated type mixed with another type
..\net\wlan_src\mlan\mlan_uap_cmdevent.c:                   pmpriv->state_11d.user_enable_11d = data;
..\net\wlan_src\mlan\mlan_uap_cmdevent.c:                                                     ^
..\net\wlan_src\mlan\mlan_uap_cmdevent.c(3109): warning:  #188-D: enumerated type mixed with another type
..\net\wlan_src\mlan\mlan_uap_cmdevent.c:           pevent->event_id = 0;   // clear to avoid resending at end of fcn
..\net\wlan_src\mlan\mlan_uap_cmdevent.c:                            ^
..\net\wlan_src\mlan\mlan_uap_cmdevent.c: ..\net\wlan_src\mlan\mlan_uap_cmdevent.c: 3 warnings, 0 errors
compiling mlan_uap_ioctl.c...
..\net\wlan_src\mlan\mlan_uap_ioctl.c(97): warning:  #550-D: variable "old_channel" was set but never used
..\net\wlan_src\mlan\mlan_uap_ioctl.c:       t_u8 old_channel;
..\net\wlan_src\mlan\mlan_uap_ioctl.c:            ^
..\net\wlan_src\mlan\mlan_uap_ioctl.c(1034): warning:  #188-D: enumerated type mixed with another type
..\net\wlan_src\mlan\mlan_uap_ioctl.c:           ret = wlan_11h_issue_radar_detect(pmpriv,
..\net\wlan_src\mlan\mlan_uap_ioctl.c:               ^
..\net\wlan_src\mlan\mlan_uap_ioctl.c: ..\net\wlan_src\mlan\mlan_uap_ioctl.c: 2 warnings, 0 errors
compiling mlan_uap_txrx.c...
compiling mlan_wmm.c...
..\net\wlan_src\mlan\mlan_wmm.c(76): warning:  #83-D: type qualifier specified more than once
..\net\wlan_src\mlan\mlan_wmm.c:   const static const t_u8 wmm_info_ie[] = { WMM_IE, 0x07,
..\net\wlan_src\mlan\mlan_wmm.c:                ^
..\net\wlan_src\mlan\mlan_wmm.c(86): warning:  #83-D: type qualifier specified more than once
..\net\wlan_src\mlan\mlan_wmm.c:   const static const t_u8 wmm_aci_to_qidx_map[] = { WMM_AC_BE,
..\net\wlan_src\mlan\mlan_wmm.c:                ^
..\net\wlan_src\mlan\mlan_wmm.c(131): warning:  #83-D: type qualifier specified more than once
..\net\wlan_src\mlan\mlan_wmm.c:   const static const mlan_wmm_ac_e tos_to_ac[] = { WMM_AC_BE,
..\net\wlan_src\mlan\mlan_wmm.c:                ^
..\net\wlan_src\mlan\mlan_wmm.c: ..\net\wlan_src\mlan\mlan_wmm.c: 3 warnings, 0 errors
compiling sys_misc.c...
..\app\src\sys_misc.c(129): warning:  #188-D: enumerated type mixed with another type
..\app\src\sys_misc.c:          led_stat = !led_stat;
..\app\src\sys_misc.c:                   ^
..\app\src\sys_misc.c(140): warning:  #188-D: enumerated type mixed with another type
..\app\src\sys_misc.c:          led_stat = !led_stat;
..\app\src\sys_misc.c:                   ^
..\app\src\sys_misc.c: ..\app\src\sys_misc.c: 2 warnings, 0 errors
compiling wifi.c...
..\app\src\wifi.c(663): warning:  #188-D: enumerated type mixed with another type
..\app\src\wifi.c:                              enable = 0;
..\app\src\wifi.c:                                     ^
..\app\src\wifi.c(665): warning:  #188-D: enumerated type mixed with another type
..\app\src\wifi.c:                              enable = 1;
..\app\src\wifi.c:                                     ^
..\app\src\wifi.c: ..\app\src\wifi.c: 2 warnings, 0 errors
compiling skbuff.c...
..\net\wlan_src\user\skbuff.c(323): warning:  #188-D: enumerated type mixed with another type
..\net\wlan_src\user\skbuff.c:          return skb_shinfo(skb)->frag_list != NULL;
..\net\wlan_src\user\skbuff.c:                 ^
..\net\wlan_src\user\skbuff.c(799): warning:  #174-D: expression has no effect
..\net\wlan_src\user\skbuff.c:                  skb_get(list);
..\net\wlan_src\user\skbuff.c:                  ^
..\net\wlan_src\user\skbuff.c(983): warning:  #188-D: enumerated type mixed with another type
..\net\wlan_src\user\skbuff.c:                  return false;
..\net\wlan_src\user\skbuff.c:                         ^
..\net\wlan_src\user\skbuff.c(987): warning:  #188-D: enumerated type mixed with another type
..\net\wlan_src\user\skbuff.c:                  return false;
..\net\wlan_src\user\skbuff.c:                         ^
..\net\wlan_src\user\skbuff.c(990): warning:  #188-D: enumerated type mixed with another type
..\net\wlan_src\user\skbuff.c:                  return false;
..\net\wlan_src\user\skbuff.c:                         ^
..\net\wlan_src\user\skbuff.c(1002): warning:  #188-D: enumerated type mixed with another type
..\net\wlan_src\user\skbuff.c:          return true;
..\net\wlan_src\user\skbuff.c:                 ^
..\net\wlan_src\user\skbuff.c(1292): warning:  #188-D: enumerated type mixed with another type
..\net\wlan_src\user\skbuff.c:                  fastpath = true;
..\net\wlan_src\user\skbuff.c:                           ^
..\net\wlan_src\user\skbuff.c(1297): warning:  #188-D: enumerated type mixed with another type
..\net\wlan_src\user\skbuff.c:                  fastpath = atomic_read(&skb_shinfo(skb)->dataref) == delta;
..\net\wlan_src\user\skbuff.c:                           ^
..\net\wlan_src\user\skbuff.c(1850): warning:  #1441-D: nonstandard cast on lvalue
..\net\wlan_src\user\skbuff.c:                  (int)to += copy;
..\net\wlan_src\user\skbuff.c:                  ^
..\net\wlan_src\user\skbuff.c(1875): warning:  #1441-D: nonstandard cast on lvalue
..\net\wlan_src\user\skbuff.c:                          (int)to += copy;
..\net\wlan_src\user\skbuff.c:                          ^
..\net\wlan_src\user\skbuff.c(1896): warning:  #1441-D: nonstandard cast on lvalue
..\net\wlan_src\user\skbuff.c:                          (int)to += copy;
..\net\wlan_src\user\skbuff.c:                          ^
..\net\wlan_src\user\skbuff.c: ..\net\wlan_src\user\skbuff.c: 11 warnings, 0 errors
compiling usr_cfg.c...
compiling test_wifi.c...
..\app\src\test_wifi.c(125): warning:  #223-D: function "netif_set_down" declared implicitly
..\app\src\test_wifi.c:                 netif_set_down(p_netif);
..\app\src\test_wifi.c:                 ^
..\app\src\test_wifi.c(126): warning:  #223-D: function "netif_set_up" declared implicitly
..\app\src\test_wifi.c:                 netif_set_up(p_netif);
..\app\src\test_wifi.c:                 ^
..\app\src\test_wifi.c: ..\app\src\test_wifi.c: 2 warnings, 0 errors
compiling main.c...
..\app\src\main.c(132): warning:  #111-D: statement is unreachable
..\app\src\main.c:                      break;
..\app\src\main.c:                      ^
..\app\src\main.c: ..\app\src\main.c: 1 warning, 0 errors
compiling test_tcpip.c...
compiling tcpapp.c...
compiling webserver.c...
compiling debug.c...
..\app\src\debug.c(16): warning:  #188-D: enumerated type mixed with another type
..\app\src\debug.c:   bool monitor_enable = 1;
..\app\src\debug.c:                         ^
..\app\src\debug.c(24): warning:  #188-D: enumerated type mixed with another type
..\app\src\debug.c:     monitor_enable = !monitor_enable;
..\app\src\debug.c:                    ^
..\app\src\debug.c(72): warning:  #161-D: unrecognized #pragma
..\app\src\debug.c:   #pragma section = "monitor_item_table"
..\app\src\debug.c:           ^
..\app\src\debug.c(230): warning:  #177-D: variable "item" was declared but never referenced
..\app\src\debug.c:             struct dev_monitor_item *item = (struct dev_monitor_item*)start;
..\app\src\debug.c:                                      ^
..\app\src\debug.c: ..\app\src\debug.c: 4 warnings, 0 errors
compiling monitor.c...
linking...
Program Size: Code=253980 RO-data=262604 RW-data=828 ZI-data=9188  
FromELF: creating hex file...
User command #1: hex2bin.exe   .\out\wifi.hex
hex2bin v1.0.9, Copyright (C) 2012 Jacques Pelletier
checksum extensions Copyright (C) 2004 Rockwell Automation
improved P.G. 2007, modified Danny Schneider,2012
Lowest address  = 00000000
Highest address = 0007E28F
Pad Byte        = FF
8-bit Checksum = 26
".\out\STM32WIFI.axf" - 0 Error(s), 44 Warning(s).
Build target 'mcu_wifi'
compiling main.c...
..\app\src\main.c(132): warning:  #111-D: statement is unreachable
..\app\src\main.c:                      break;
..\app\src\main.c:                      ^
..\app\src\main.c: ..\app\src\main.c: 1 warning, 0 errors
linking...
Program Size: Code=253980 RO-data=262604 RW-data=828 ZI-data=9188  
FromELF: creating hex file...
User command #1: hex2bin.exe   .\out\wifi.hex
hex2bin v1.0.9, Copyright (C) 2012 Jacques Pelletier
checksum extensions Copyright (C) 2004 Rockwell Automation
improved P.G. 2007, modified Danny Schneider,2012
Lowest address  = 00000000
Highest address = 0007E28F
Pad Byte        = FF
8-bit Checksum = 26
".\out\STM32WIFI.axf" - 0 Error(s), 1 Warning(s).
Build target 'mcu_wifi'
linking...
Program Size: Code=253980 RO-data=262604 RW-data=828 ZI-data=9188  
FromELF: creating hex file...
User command #1: hex2bin.exe   .\out\wifi.hex
hex2bin v1.0.9, Copyright (C) 2012 Jacques Pelletier
checksum extensions Copyright (C) 2004 Rockwell Automation
improved P.G. 2007, modified Danny Schneider,2012
Lowest address  = 00000000
Highest address = 0007E28F
Pad Byte        = FF
8-bit Checksum = 26
".\out\STM32WIFI.axf" - 0 Error(s), 0 Warning(s).
Build target 'mcu_wifi'
linking...
Program Size: Code=253980 RO-data=262604 RW-data=828 ZI-data=9188  
FromELF: creating hex file...
User command #1: hex2bin.exe   .\out\wifi.hex
hex2bin v1.0.9, Copyright (C) 2012 Jacques Pelletier
checksum extensions Copyright (C) 2004 Rockwell Automation
improved P.G. 2007, modified Danny Schneider,2012
Lowest address  = 00000000
Highest address = 0007E28F
Pad Byte        = FF
8-bit Checksum = 26
".\out\STM32WIFI.axf" - 0 Error(s), 0 Warning(s).
Load "E:\\c\\STM-WIFI-W8782客户资料\\源码\\mcu_wifi_88w8782(V2.3)\\mcu_wifi_88w8782(V2.3)\\keil_project\\out\\STM32WIFI.AXF" 
Set JLink Project File to "E:\c\STM-WIFI-W8782客户资料\源码\mcu_wifi_88w8782(V2.3)\mcu_wifi_88w8782(V2.3)\keil_project\JLinkSettings.ini"
 
JLink info:
------------
DLL: V5.02c, compiled Sep 10 2015 17:39:31
Firmware: J-Link ARM V8 compiled Nov 28 2014 13:44:46
Hardware: V8.00
S/N : 99999993 
Feature(s) : RDI,FlashDL,FlashBP,JFlash,GDBFULL 
 
* JLink Info: TotalIRLen = 9, IRPrint = 0x0011
* JLink Info: Found Cortex-M3 r1p1, Little endian.
* JLink Info: FPUnit: 6 code (BP) slots and 2 literal slots
* JLink Info: CoreSight components:
* JLink Info: ROMTbl 0 @ E00FF000
* JLink Info: ROMTbl 0 [0]: FFF0F000, CID: B105E00D, PID: 001BB000 SCS
* JLink Info: ROMTbl 0 [1]: FFF02000, CID: B105E00D, PID: 001BB002 DWT
* JLink Info: ROMTbl 0 [2]: FFF03000, CID: B105E00D, PID: 000BB003 FPB
* JLink Info: ROMTbl 0 [3]: FFF01000, CID: B105E00D, PID: 001BB001 ITM
* JLink Info: ROMTbl 0 [4]: FFF41000, CID: B105900D, PID: 001BB923 TPIU-Lite
* JLink Info: ROMTbl 0 [5]: FFF42000, CID: B105900D, PID: 101BB924 ETM-M3
ROMTableAddr = 0xE00FF003
 
Target info:
------------
Device: STM32F103RE
* JLink Info: Device "STM32F103RE" selected.
VTarget = 3.254V
State of Pins: 
TCK: 1, TDI: 0, TDO: 1, TMS: 0, TRES: 1, TRST: 1
Hardware-Breakpoints: 6
Software-Breakpoints: 8192
Watchpoints:          4
JTAG speed: 9600 kHz
 
Erase Done.
Programming Done.
Verify OK.
Application running ...
Build target 'mcu_wifi'
compiling stm32f10x_adc.c...
compiling stm32f10x_dac.c...
compiling stm32f10x_dma.c...
compiling stm32f10x_exti.c...
compiling stm32f10x_flash.c...
compiling stm32f10x_gpio.c...
compiling stm32f10x_rcc.c...
compiling stm32f10x_sdio.c...
compiling stm32f10x_spi.c...
compiling stm32f10x_tim.c...
compiling stm32f10x_usart.c...
compiling stm32f10x_wwdg.c...
assembling startup_stm32f10x_hd.s...
compiling core_cm3.c...
compiling misc.c...
compiling system_stm32f10x.c...
compiling sdcard.c...
compiling usart.c...
compiling driver_misc.c...
..\drivers\stm32f10x\src\driver_misc.c(45): warning:  #188-D: enumerated type mixed with another type
..\drivers\stm32f10x\src\driver_misc.c:         GPIO_InitStructure.GPIO_Mode = mode;
..\drivers\stm32f10x\src\driver_misc.c:                                      ^
..\drivers\stm32f10x\src\driver_misc.c: ..\drivers\stm32f10x\src\driver_misc.c: 1 warning, 0 errors
compiling w25p80.c...
compiling os_core.c...
compiling os_flag.c...
compiling os_mbox.c...
compiling os_mem.c...
compiling os_mutex.c...
compiling os_q.c...
compiling os_sem.c...
compiling os_task.c...
compiling os_time.c...
compiling os_tmr.c...
compiling os_cpu_c.c...
assembling os_cpu_a.asm...
compiling atomic.c...
compiling mbox.c...
compiling msg_q.c...
compiling mutex.c...
compiling sem.c...
compiling task.c...
compiling timer.c...
compiling wait.c...
compiling memory.c...
compiling api_lib.c...
compiling api_msg.c...
compiling err.c...
compiling netbuf.c...
compiling netdb.c...
compiling netifapi.c...
compiling sockets.c...
compiling tcpip.c...
compiling sys_arch.c...
compiling def.c...
compiling dhcp.c...
compiling dns.c...
compiling init.c...
compiling mem.c...
compiling memp.c...
compiling netif.c...
compiling pbuf.c...
compiling raw.c...
compiling stats.c...
compiling sys.c...
compiling tcp.c...
compiling tcp_in.c...
compiling tcp_out.c...
compiling timers.c...
compiling udp.c...
compiling autoip.c...
compiling icmp.c...
compiling igmp.c...
compiling inet.c...
compiling inet_chksum.c...
compiling ip.c...
compiling ip_addr.c...
compiling ip_frag.c...
compiling ethernetif.c...
..\net\lwip\src\netif\ethernetif.c(124): warning:  #69-D: integer conversion resulted in truncation
..\net\lwip\src\netif\ethernetif.c:     netif->flags = NETIF_FLAG_BROADCAST | 
..\net\lwip\src\netif\ethernetif.c:                    ^
..\net\lwip\src\netif\ethernetif.c: ..\net\lwip\src\netif\ethernetif.c: 1 warning, 0 errors
compiling etharp.c...
compiling dhcpd.c...
compiling leases.c...
compiling options.c...
compiling packet.c...
compiling serverpacket.c...
compiling moal_main.c...
..\net\wlan_src\mlinux\moal_main.c(3180): warning:  #1293-D: assignment in condition
..\net\wlan_src\mlinux\moal_main.c:           for (i = 0; i < handle->priv_num && (priv = handle->priv[i]); i++) {
..\net\wlan_src\mlinux\moal_main.c:                                               ^
..\net\wlan_src\mlinux\moal_main.c: ..\net\wlan_src\mlinux\moal_main.c: 1 warning, 0 errors
compiling moal_cfg80211.c...
compiling moal_debug.c...
compiling moal_ioctl.c...
..\net\wlan_src\mlinux\moal_ioctl.c(3593): warning:  #188-D: enumerated type mixed with another type
..\net\wlan_src\mlinux\moal_ioctl.c:           return -EBUSY;
..\net\wlan_src\mlinux\moal_ioctl.c:                  ^
..\net\wlan_src\mlinux\moal_ioctl.c: ..\net\wlan_src\mlinux\moal_ioctl.c: 1 warning, 0 errors
compiling moal_proc.c...
compiling moal_sdio_mmc.c...
compiling moal_shim.c...
compiling moal_sta_cfg80211.c...
compiling moal_uap_cfg80211.c...
compiling moal_uap.c...
compiling moal_uap_priv.c...
compiling mlan_11d.c...
compiling mlan_11h.c...
compiling mlan_11n.c...
..\net\wlan_src\mlan\mlan_11n.c(507): warning:  #188-D: enumerated type mixed with another type
..\net\wlan_src\mlan\mlan_11n.c:                       ret =
..\net\wlan_src\mlan\mlan_11n.c:                           ^
..\net\wlan_src\mlan\mlan_11n.c(512): warning:  #188-D: enumerated type mixed with another type
..\net\wlan_src\mlan\mlan_11n.c:                       ret =
..\net\wlan_src\mlan\mlan_11n.c:                           ^
..\net\wlan_src\mlan\mlan_11n.c(568): warning:  #188-D: enumerated type mixed with another type
..\net\wlan_src\mlan\mlan_11n.c:                       ret =
..\net\wlan_src\mlan\mlan_11n.c:                           ^
..\net\wlan_src\mlan\mlan_11n.c(572): warning:  #188-D: enumerated type mixed with another type
..\net\wlan_src\mlan\mlan_11n.c:                       ret =
..\net\wlan_src\mlan\mlan_11n.c:                           ^
..\net\wlan_src\mlan\mlan_11n.c: ..\net\wlan_src\mlan\mlan_11n.c: 4 warnings, 0 errors
compiling mlan_11n_aggr.c...
compiling mlan_11n_rxreorder.c...
compiling mlan_cfp.c...
compiling mlan_cmdevt.c...
compiling mlan_init.c...
compiling mlan_join.c...
compiling mlan_meas.c...
compiling mlan_misc.c...
..\net\wlan_src\mlan\mlan_misc.c(2207): warning:  #186-D: pointless comparison of unsigned integer with zero
..\net\wlan_src\mlan\mlan_misc.c:           if ((rate_index >= MLAN_RATE_INDEX_HRDSSS0) &&
..\net\wlan_src\mlan\mlan_misc.c:                           ^
..\net\wlan_src\mlan\mlan_misc.c: ..\net\wlan_src\mlan\mlan_misc.c: 1 warning, 0 errors
compiling mlan_scan.c...
compiling mlan_sdio.c...
compiling mlan_shim.c...
compiling mlan_sta_cmd.c...
..\net\wlan_src\mlan\mlan_sta_cmd.c(1802): warning:  #188-D: enumerated type mixed with another type
..\net\wlan_src\mlan\mlan_sta_cmd.c:           ret = wlan_meas_cmd_process(pmpriv, cmd_ptr, pdata_buf);
..\net\wlan_src\mlan\mlan_sta_cmd.c:               ^
..\net\wlan_src\mlan\mlan_sta_cmd.c: ..\net\wlan_src\mlan\mlan_sta_cmd.c: 1 warning, 0 errors
compiling mlan_sta_cmdresp.c...
..\net\wlan_src\mlan\mlan_sta_cmdresp.c(289): warning:  #188-D: enumerated type mixed with another type
..\net\wlan_src\mlan\mlan_sta_cmdresp.c:               pmpriv->state_11d.enable_11d = ul_temp;
..\net\wlan_src\mlan\mlan_sta_cmdresp.c:                                            ^
..\net\wlan_src\mlan\mlan_sta_cmdresp.c(292): warning:  #188-D: enumerated type mixed with another type
..\net\wlan_src\mlan\mlan_sta_cmdresp.c:                   pmpriv->state_11d.user_enable_11d = ul_temp;
..\net\wlan_src\mlan\mlan_sta_cmdresp.c:                                                     ^
..\net\wlan_src\mlan\mlan_sta_cmdresp.c(1590): warning:  #188-D: enumerated type mixed with another type
..\net\wlan_src\mlan\mlan_sta_cmdresp.c:           ret = wlan_meas_cmdresp_process(pmpriv, resp);
..\net\wlan_src\mlan\mlan_sta_cmdresp.c:               ^
..\net\wlan_src\mlan\mlan_sta_cmdresp.c: ..\net\wlan_src\mlan\mlan_sta_cmdresp.c: 3 warnings, 0 errors
compiling mlan_sta_event.c...
compiling mlan_sta_ioctl.c...
..\net\wlan_src\mlan\mlan_sta_ioctl.c(3768): warning:  #188-D: enumerated type mixed with another type
..\net\wlan_src\mlan\mlan_sta_ioctl.c:               ret = wlan_11h_issue_radar_detect(pmpriv, pioctl_req,
..\net\wlan_src\mlan\mlan_sta_ioctl.c:                   ^
..\net\wlan_src\mlan\mlan_sta_ioctl.c: ..\net\wlan_src\mlan\mlan_sta_ioctl.c: 1 warning, 0 errors
compiling mlan_sta_rx.c...
compiling mlan_sta_tx.c...
compiling mlan_txrx.c...
compiling mlan_uap_cmdevent.c...
..\net\wlan_src\mlan\mlan_uap_cmdevent.c(1871): warning:  #188-D: enumerated type mixed with another type
..\net\wlan_src\mlan\mlan_uap_cmdevent.c:               pmpriv->state_11d.enable_11d = data;
..\net\wlan_src\mlan\mlan_uap_cmdevent.c:                                            ^
..\net\wlan_src\mlan\mlan_uap_cmdevent.c(1874): warning:  #188-D: enumerated type mixed with another type
..\net\wlan_src\mlan\mlan_uap_cmdevent.c:                   pmpriv->state_11d.user_enable_11d = data;
..\net\wlan_src\mlan\mlan_uap_cmdevent.c:                                                     ^
..\net\wlan_src\mlan\mlan_uap_cmdevent.c(3109): warning:  #188-D: enumerated type mixed with another type
..\net\wlan_src\mlan\mlan_uap_cmdevent.c:           pevent->event_id = 0;   // clear to avoid resending at end of fcn
..\net\wlan_src\mlan\mlan_uap_cmdevent.c:                            ^
..\net\wlan_src\mlan\mlan_uap_cmdevent.c: ..\net\wlan_src\mlan\mlan_uap_cmdevent.c: 3 warnings, 0 errors
compiling mlan_uap_ioctl.c...
..\net\wlan_src\mlan\mlan_uap_ioctl.c(97): warning:  #550-D: variable "old_channel" was set but never used
..\net\wlan_src\mlan\mlan_uap_ioctl.c:       t_u8 old_channel;
..\net\wlan_src\mlan\mlan_uap_ioctl.c:            ^
..\net\wlan_src\mlan\mlan_uap_ioctl.c(1034): warning:  #188-D: enumerated type mixed with another type
..\net\wlan_src\mlan\mlan_uap_ioctl.c:           ret = wlan_11h_issue_radar_detect(pmpriv,
..\net\wlan_src\mlan\mlan_uap_ioctl.c:               ^
..\net\wlan_src\mlan\mlan_uap_ioctl.c: ..\net\wlan_src\mlan\mlan_uap_ioctl.c: 2 warnings, 0 errors
compiling mlan_uap_txrx.c...
compiling mlan_wmm.c...
..\net\wlan_src\mlan\mlan_wmm.c(76): warning:  #83-D: type qualifier specified more than once
..\net\wlan_src\mlan\mlan_wmm.c:   const static const t_u8 wmm_info_ie[] = { WMM_IE, 0x07,
..\net\wlan_src\mlan\mlan_wmm.c:                ^
..\net\wlan_src\mlan\mlan_wmm.c(86): warning:  #83-D: type qualifier specified more than once
..\net\wlan_src\mlan\mlan_wmm.c:   const static const t_u8 wmm_aci_to_qidx_map[] = { WMM_AC_BE,
..\net\wlan_src\mlan\mlan_wmm.c:                ^
..\net\wlan_src\mlan\mlan_wmm.c(131): warning:  #83-D: type qualifier specified more than once
..\net\wlan_src\mlan\mlan_wmm.c:   const static const mlan_wmm_ac_e tos_to_ac[] = { WMM_AC_BE,
..\net\wlan_src\mlan\mlan_wmm.c:                ^
..\net\wlan_src\mlan\mlan_wmm.c: ..\net\wlan_src\mlan\mlan_wmm.c: 3 warnings, 0 errors
compiling sys_misc.c...
..\app\src\sys_misc.c(129): warning:  #188-D: enumerated type mixed with another type
..\app\src\sys_misc.c:          led_stat = !led_stat;
..\app\src\sys_misc.c:                   ^
..\app\src\sys_misc.c(140): warning:  #188-D: enumerated type mixed with another type
..\app\src\sys_misc.c:          led_stat = !led_stat;
..\app\src\sys_misc.c:                   ^
..\app\src\sys_misc.c: ..\app\src\sys_misc.c: 2 warnings, 0 errors
compiling wifi.c...
..\app\src\wifi.c(663): warning:  #188-D: enumerated type mixed with another type
..\app\src\wifi.c:                              enable = 0;
..\app\src\wifi.c:                                     ^
..\app\src\wifi.c(665): warning:  #188-D: enumerated type mixed with another type
..\app\src\wifi.c:                              enable = 1;
..\app\src\wifi.c:                                     ^
..\app\src\wifi.c: ..\app\src\wifi.c: 2 warnings, 0 errors
compiling skbuff.c...
..\net\wlan_src\user\skbuff.c(323): warning:  #188-D: enumerated type mixed with another type
..\net\wlan_src\user\skbuff.c:          return skb_shinfo(skb)->frag_list != NULL;
..\net\wlan_src\user\skbuff.c:                 ^
..\net\wlan_src\user\skbuff.c(799): warning:  #174-D: expression has no effect
..\net\wlan_src\user\skbuff.c:                  skb_get(list);
..\net\wlan_src\user\skbuff.c:                  ^
..\net\wlan_src\user\skbuff.c(983): warning:  #188-D: enumerated type mixed with another type
..\net\wlan_src\user\skbuff.c:                  return false;
..\net\wlan_src\user\skbuff.c:                         ^
..\net\wlan_src\user\skbuff.c(987): warning:  #188-D: enumerated type mixed with another type
..\net\wlan_src\user\skbuff.c:                  return false;
..\net\wlan_src\user\skbuff.c:                         ^
..\net\wlan_src\user\skbuff.c(990): warning:  #188-D: enumerated type mixed with another type
..\net\wlan_src\user\skbuff.c:                  return false;
..\net\wlan_src\user\skbuff.c:                         ^
..\net\wlan_src\user\skbuff.c(1002): warning:  #188-D: enumerated type mixed with another type
..\net\wlan_src\user\skbuff.c:          return true;
..\net\wlan_src\user\skbuff.c:                 ^
..\net\wlan_src\user\skbuff.c(1292): warning:  #188-D: enumerated type mixed with another type
..\net\wlan_src\user\skbuff.c:                  fastpath = true;
..\net\wlan_src\user\skbuff.c:                           ^
..\net\wlan_src\user\skbuff.c(1297): warning:  #188-D: enumerated type mixed with another type
..\net\wlan_src\user\skbuff.c:                  fastpath = atomic_read(&skb_shinfo(skb)->dataref) == delta;
..\net\wlan_src\user\skbuff.c:                           ^
..\net\wlan_src\user\skbuff.c(1850): warning:  #1441-D: nonstandard cast on lvalue
..\net\wlan_src\user\skbuff.c:                  (int)to += copy;
..\net\wlan_src\user\skbuff.c:                  ^
..\net\wlan_src\user\skbuff.c(1875): warning:  #1441-D: nonstandard cast on lvalue
..\net\wlan_src\user\skbuff.c:                          (int)to += copy;
..\net\wlan_src\user\skbuff.c:                          ^
..\net\wlan_src\user\skbuff.c(1896): warning:  #1441-D: nonstandard cast on lvalue
..\net\wlan_src\user\skbuff.c:                          (int)to += copy;
..\net\wlan_src\user\skbuff.c:                          ^
..\net\wlan_src\user\skbuff.c: ..\net\wlan_src\user\skbuff.c: 11 warnings, 0 errors
compiling usr_cfg.c...
compiling test_wifi.c...
..\app\src\test_wifi.c(125): warning:  #223-D: function "netif_set_down" declared implicitly
..\app\src\test_wifi.c:                 netif_set_down(p_netif);
..\app\src\test_wifi.c:                 ^
..\app\src\test_wifi.c(126): warning:  #223-D: function "netif_set_up" declared implicitly
..\app\src\test_wifi.c:                 netif_set_up(p_netif);
..\app\src\test_wifi.c:                 ^
..\app\src\test_wifi.c: ..\app\src\test_wifi.c: 2 warnings, 0 errors
compiling main.c...
..\app\src\main.c(132): warning:  #111-D: statement is unreachable
..\app\src\main.c:                      break;
..\app\src\main.c:                      ^
..\app\src\main.c: ..\app\src\main.c: 1 warning, 0 errors
compiling test_tcpip.c...
compiling tcpapp.c...
compiling webserver.c...
compiling debug.c...
..\app\src\debug.c(16): warning:  #188-D: enumerated type mixed with another type
..\app\src\debug.c:   bool monitor_enable = 1;
..\app\src\debug.c:                         ^
..\app\src\debug.c(24): warning:  #188-D: enumerated type mixed with another type
..\app\src\debug.c:     monitor_enable = !monitor_enable;
..\app\src\debug.c:                    ^
..\app\src\debug.c(72): warning:  #161-D: unrecognized #pragma
..\app\src\debug.c:   #pragma section = "monitor_item_table"
..\app\src\debug.c:           ^
..\app\src\debug.c(230): warning:  #177-D: variable "item" was declared but never referenced
..\app\src\debug.c:             struct dev_monitor_item *item = (struct dev_monitor_item*)start;
..\app\src\debug.c:                                      ^
..\app\src\debug.c: ..\app\src\debug.c: 4 warnings, 0 errors
compiling monitor.c...
linking...
Program Size: Code=253824 RO-data=262604 RW-data=828 ZI-data=9188  
FromELF: creating hex file...
".\out\STM32WIFI.axf" - 0 Error(s), 44 Warning(s).
Load "E:\\c\\STM-WIFI-W8782客户资料\\源码\\mcu_wifi_88w8782(V2.3)\\mcu_wifi_88w8782(V2.3)\\keil_project\\out\\STM32WIFI.AXF" 
Set JLink Project File to "E:\c\STM-WIFI-W8782客户资料\源码\mcu_wifi_88w8782(V2.3)\mcu_wifi_88w8782(V2.3)\keil_project\JLinkSettings.ini"
 
JLink info:
------------
DLL: V5.02c, compiled Sep 10 2015 17:39:31
Firmware: J-Link ARM V8 compiled Nov 28 2014 13:44:46
Hardware: V8.00
S/N : 99999993 
Feature(s) : RDI,FlashDL,FlashBP,JFlash,GDBFULL 
 
* JLink Info: TotalIRLen = 9, IRPrint = 0x0011
* JLink Info: Found Cortex-M3 r1p1, Little endian.
* JLink Info: FPUnit: 6 code (BP) slots and 2 literal slots
* JLink Info: CoreSight components:
* JLink Info: ROMTbl 0 @ E00FF000
* JLink Info: ROMTbl 0 [0]: FFF0F000, CID: B105E00D, PID: 001BB000 SCS
* JLink Info: ROMTbl 0 [1]: FFF02000, CID: B105E00D, PID: 001BB002 DWT
* JLink Info: ROMTbl 0 [2]: FFF03000, CID: B105E00D, PID: 000BB003 FPB
* JLink Info: ROMTbl 0 [3]: FFF01000, CID: B105E00D, PID: 001BB001 ITM
* JLink Info: ROMTbl 0 [4]: FFF41000, CID: B105900D, PID: 001BB923 TPIU-Lite
* JLink Info: ROMTbl 0 [5]: FFF42000, CID: B105900D, PID: 101BB924 ETM-M3
ROMTableAddr = 0xE00FF003
 
Target info:
------------
Device: STM32F103RE
* JLink Info: Device "STM32F103RE" selected.
VTarget = 3.261V
State of Pins: 
TCK: 1, TDI: 0, TDO: 1, TMS: 0, TRES: 1, TRST: 1
Hardware-Breakpoints: 6
Software-Breakpoints: 8192
Watchpoints:          4
JTAG speed: 9600 kHz
 
Erase Done.
Programming Done.
Verify OK.
Application running ...
Build target 'mcu_wifi'
compiling usart.c...
compiling sys_misc.c...
..\app\src\sys_misc.c(129): warning:  #188-D: enumerated type mixed with another type
..\app\src\sys_misc.c:          led_stat = !led_stat;
..\app\src\sys_misc.c:                   ^
..\app\src\sys_misc.c(140): warning:  #188-D: enumerated type mixed with another type
..\app\src\sys_misc.c:          led_stat = !led_stat;
..\app\src\sys_misc.c:                   ^
..\app\src\sys_misc.c: ..\app\src\sys_misc.c: 2 warnings, 0 errors
compiling main.c...
..\app\src\main.c(25): error:  #167: argument of type "char *" is incompatible with parameter of type "int"
..\app\src\main.c:      cmd = tolower(cmd);
..\app\src\main.c:                    ^
..\app\src\main.c(25): error:  #513: a value of type "int" cannot be assigned to an entity of type "char *"
..\app\src\main.c:      cmd = tolower(cmd);
..\app\src\main.c:          ^
..\app\src\main.c(26): error:  #31: expression must have integral type
..\app\src\main.c:      switch (cmd)
..\app\src\main.c:              ^
..\app\src\main.c(28): error:  #31: expression must have integral type
..\app\src\main.c:              case "at":
..\app\src\main.c:                   ^
..\app\src\main.c(30): error:  #31: expression must have integral type
..\app\src\main.c:              case "at+info":
..\app\src\main.c:                   ^
..\app\src\main.c(33): error:  #31: expression must have integral type
..\app\src\main.c:              case "at+scan":
..\app\src\main.c:                   ^
..\app\src\main.c(36): error:  #31: expression must have integral type
..\app\src\main.c:              case "at+conn":
..\app\src\main.c:                   ^
..\app\src\main.c(39): error:  #31: expression must have integral type
..\app\src\main.c:              case "at+disconn":
..\app\src\main.c:                   ^
..\app\src\main.c(42): error:  #31: expression must have integral type
..\app\src\main.c:              case "at+ap":
..\app\src\main.c:                   ^
..\app\src\main.c(45): error:  #31: expression must have integral type
..\app\src\main.c:              case "at+tcp":
..\app\src\main.c:                   ^
..\app\src\main.c(48): error:  #31: expression must have integral type
..\app\src\main.c:              case "at+utcp":
..\app\src\main.c:                   ^
..\app\src\main.c(51): error:  #31: expression must have integral type
..\app\src\main.c:              case "at+sendtcp":
..\app\src\main.c:                   ^
..\app\src\main.c(54): error:  #31: expression must have integral type
..\app\src\main.c:              case "at+tcpserver":
..\app\src\main.c:                   ^
..\app\src\main.c(57): error:  #31: expression must have integral type
..\app\src\main.c:              case "at+closetcpserver":
..\app\src\main.c:                   ^
..\app\src\main.c(60): error:  #31: expression must have integral type
..\app\src\main.c:              case "at+dns":
..\app\src\main.c:                   ^
..\app\src\main.c(63): error:  #31: expression must have integral type
..\app\src\main.c:              case "at+ip":
..\app\src\main.c:                   ^
..\app\src\main.c(66): error:  #31: expression must have integral type
..\app\src\main.c:              case "at+slide":
..\app\src\main.c:                   ^
..\app\src\main.c(71): error:  #31: expression must have integral type
..\app\src\main.c:              case "at+status":
..\app\src\main.c:                   ^
..\app\src\main.c(74): error:  #31: expression must have integral type
..\app\src\main.c:              case "at+udp":
..\app\src\main.c:                   ^
..\app\src\main.c(77): error:  #31: expression must have integral type
..\app\src\main.c:              case "at+join":
..\app\src\main.c:                   ^
..\app\src\main.c(80): error:  #31: expression must have integral type
..\app\src\main.c:              case "at+udpserver":
..\app\src\main.c:                   ^
..\app\src\main.c(83): error:  #31: expression must have integral type
..\app\src\main.c:              case "at+sendudp":
..\app\src\main.c:                   ^
..\app\src\main.c(86): error:  #31: expression must have integral type
..\app\src\main.c:              case "at+dbg":
..\app\src\main.c:                   ^
..\app\src\main.c(89): error:  #31: expression must have integral type
..\app\src\main.c:              case "at+stopap":
..\app\src\main.c:                   ^
..\app\src\main.c(92): error:  #31: expression must have integral type
..\app\src\main.c:              case "at+list":
..\app\src\main.c:                   ^
..\app\src\main.c(95): error:  #31: expression must have integral type
..\app\src\main.c:              case "at+adhoc":
..\app\src\main.c:                   ^
..\app\src\main.c(98): error:  #31: expression must have integral type
..\app\src\main.c:              case "at+disadhoc":
..\app\src\main.c:                   ^
..\app\src\main.c(101): error:  #31: expression must have integral type
..\app\src\main.c:              case "at+power":
..\app\src\main.c:                   ^
..\app\src\main.c(104): error:  #31: expression must have integral type
..\app\src\main.c:              case "at+info":
..\app\src\main.c:                   ^
..\app\src\main.c(107): error:  #31: expression must have integral type
..\app\src\main.c:              case "at+monitor":
..\app\src\main.c:                   ^
..\app\src\main.c: ..\app\src\main.c: 0 warnings, 30 errors
compiling test_tcpip.c...
Target not created
Build target 'mcu_wifi'
compiling main.c...
..\app\src\main.c(25): error:  #31: expression must have integral type
..\app\src\main.c:      switch (cmd)
..\app\src\main.c:              ^
..\app\src\main.c(27): error:  #31: expression must have integral type
..\app\src\main.c:              case "at":
..\app\src\main.c:                   ^
..\app\src\main.c(29): error:  #31: expression must have integral type
..\app\src\main.c:              case "at+info":
..\app\src\main.c:                   ^
..\app\src\main.c(32): error:  #31: expression must have integral type
..\app\src\main.c:              case "at+scan":
..\app\src\main.c:                   ^
..\app\src\main.c(35): error:  #31: expression must have integral type
..\app\src\main.c:              case "at+conn":
..\app\src\main.c:                   ^
..\app\src\main.c(38): error:  #31: expression must have integral type
..\app\src\main.c:              case "at+disconn":
..\app\src\main.c:                   ^
..\app\src\main.c(41): error:  #31: expression must have integral type
..\app\src\main.c:              case "at+ap":
..\app\src\main.c:                   ^
..\app\src\main.c(44): error:  #31: expression must have integral type
..\app\src\main.c:              case "at+tcp":
..\app\src\main.c:                   ^
..\app\src\main.c(47): error:  #31: expression must have integral type
..\app\src\main.c:              case "at+utcp":
..\app\src\main.c:                   ^
..\app\src\main.c(50): error:  #31: expression must have integral type
..\app\src\main.c:              case "at+sendtcp":
..\app\src\main.c:                   ^
..\app\src\main.c(53): error:  #31: expression must have integral type
..\app\src\main.c:              case "at+tcpserver":
..\app\src\main.c:                   ^
..\app\src\main.c(56): error:  #31: expression must have integral type
..\app\src\main.c:              case "at+closetcpserver":
..\app\src\main.c:                   ^
..\app\src\main.c(59): error:  #31: expression must have integral type
..\app\src\main.c:              case "at+dns":
..\app\src\main.c:                   ^
..\app\src\main.c(62): error:  #31: expression must have integral type
..\app\src\main.c:              case "at+ip":
..\app\src\main.c:                   ^
..\app\src\main.c(65): error:  #31: expression must have integral type
..\app\src\main.c:              case "at+slide":
..\app\src\main.c:                   ^
..\app\src\main.c(70): error:  #31: expression must have integral type
..\app\src\main.c:              case "at+status":
..\app\src\main.c:                   ^
..\app\src\main.c(73): error:  #31: expression must have integral type
..\app\src\main.c:              case "at+udp":
..\app\src\main.c:                   ^
..\app\src\main.c(76): error:  #31: expression must have integral type
..\app\src\main.c:              case "at+join":
..\app\src\main.c:                   ^
..\app\src\main.c(79): error:  #31: expression must have integral type
..\app\src\main.c:              case "at+udpserver":
..\app\src\main.c:                   ^
..\app\src\main.c(82): error:  #31: expression must have integral type
..\app\src\main.c:              case "at+sendudp":
..\app\src\main.c:                   ^
..\app\src\main.c(85): error:  #31: expression must have integral type
..\app\src\main.c:              case "at+dbg":
..\app\src\main.c:                   ^
..\app\src\main.c(88): error:  #31: expression must have integral type
..\app\src\main.c:              case "at+stopap":
..\app\src\main.c:                   ^
..\app\src\main.c(91): error:  #31: expression must have integral type
..\app\src\main.c:              case "at+list":
..\app\src\main.c:                   ^
..\app\src\main.c(94): error:  #31: expression must have integral type
..\app\src\main.c:              case "at+adhoc":
..\app\src\main.c:                   ^
..\app\src\main.c(97): error:  #31: expression must have integral type
..\app\src\main.c:              case "at+disadhoc":
..\app\src\main.c:                   ^
..\app\src\main.c(100): error:  #31: expression must have integral type
..\app\src\main.c:              case "at+power":
..\app\src\main.c:                   ^
..\app\src\main.c(103): error:  #31: expression must have integral type
..\app\src\main.c:              case "at+info":
..\app\src\main.c:                   ^
..\app\src\main.c(106): error:  #31: expression must have integral type
..\app\src\main.c:              case "at+monitor":
..\app\src\main.c:                   ^
..\app\src\main.c(109): error:  #31: expression must have integral type
..\app\src\main.c:              case "at+full":
..\app\src\main.c:                   ^
..\app\src\main.c(112): error:  #31: expression must have integral type
..\app\src\main.c:              case "at+disfull":
..\app\src\main.c:                   ^
..\app\src\main.c: ..\app\src\main.c: 0 warnings, 30 errors
Target not created
Build target 'mcu_wifi'
compiling main.c...
..\app\src\main.c(25): warning:  #223-D: function "strlwr" declared implicitly
..\app\src\main.c:      cmd = strlwr(cmd);
..\app\src\main.c:            ^
..\app\src\main.c(25): error:  #513: a value of type "int" cannot be assigned to an entity of type "char *"
..\app\src\main.c:      cmd = strlwr(cmd);
..\app\src\main.c:          ^
..\app\src\main.c(133): warning:  #225-D: the format string ends before this argument
..\app\src\main.c:      p_dbg("error command : s ",cmd);
..\app\src\main.c:      ^
..\app\src\main.c(238): error:  #20: identifier "client_socket_fd" is undefined
..\app\src\main.c:                      if((client_socket_fd !=  - 1)||(remote_socket_fd !=  - 1)|| (server_socket_fd !=  - 1))
..\app\src\main.c:                          ^
..\app\src\main.c(238): error:  #20: identifier "remote_socket_fd" is undefined
..\app\src\main.c:                      if((client_socket_fd !=  - 1)||(remote_socket_fd !=  - 1)|| (server_socket_fd !=  - 1))
..\app\src\main.c:                                                      ^
..\app\src\main.c(238): error:  #20: identifier "server_socket_fd" is undefined
..\app\src\main.c:                      if((client_socket_fd !=  - 1)||(remote_socket_fd !=  - 1)|| (server_socket_fd !=  - 1))
..\app\src\main.c:                                                                                   ^
..\app\src\main.c: ..\app\src\main.c: 2 warnings, 4 errors
Target not created
Build target 'mcu_wifi'
compiling stm32f10x_adc.c...
compiling stm32f10x_dac.c...
compiling stm32f10x_dma.c...
compiling stm32f10x_exti.c...
compiling stm32f10x_flash.c...
compiling stm32f10x_gpio.c...
compiling stm32f10x_rcc.c...
compiling stm32f10x_sdio.c...
compiling stm32f10x_spi.c...
compiling stm32f10x_tim.c...
compiling stm32f10x_usart.c...
compiling stm32f10x_wwdg.c...
assembling startup_stm32f10x_hd.s...
compiling core_cm3.c...
compiling misc.c...
compiling system_stm32f10x.c...
compiling sdcard.c...
compiling usart.c...
compiling driver_misc.c...
..\drivers\stm32f10x\src\driver_misc.c(45): warning:  #188-D: enumerated type mixed with another type
..\drivers\stm32f10x\src\driver_misc.c:         GPIO_InitStructure.GPIO_Mode = mode;
..\drivers\stm32f10x\src\driver_misc.c:                                      ^
..\drivers\stm32f10x\src\driver_misc.c: ..\drivers\stm32f10x\src\driver_misc.c: 1 warning, 0 errors
compiling w25p80.c...
compiling os_core.c...
compiling os_flag.c...
compiling os_mbox.c...
compiling os_mem.c...
compiling os_mutex.c...
compiling os_q.c...
compiling os_sem.c...
compiling os_task.c...
compiling os_time.c...
compiling os_tmr.c...
compiling os_cpu_c.c...
assembling os_cpu_a.asm...
compiling atomic.c...
compiling mbox.c...
compiling msg_q.c...
compiling mutex.c...
compiling sem.c...
compiling task.c...
compiling timer.c...
compiling wait.c...
compiling memory.c...
compiling api_lib.c...
compiling api_msg.c...
compiling err.c...
compiling netbuf.c...
compiling netdb.c...
compiling netifapi.c...
compiling sockets.c...
compiling tcpip.c...
compiling sys_arch.c...
compiling def.c...
compiling dhcp.c...
compiling dns.c...
compiling init.c...
compiling mem.c...
compiling memp.c...
compiling netif.c...
compiling pbuf.c...
compiling raw.c...
compiling stats.c...
compiling sys.c...
compiling tcp.c...
compiling tcp_in.c...
compiling tcp_out.c...
compiling timers.c...
compiling udp.c...
compiling autoip.c...
compiling icmp.c...
compiling igmp.c...
compiling inet.c...
compiling inet_chksum.c...
compiling ip.c...
compiling ip_addr.c...
compiling ip_frag.c...
compiling ethernetif.c...
..\net\lwip\src\netif\ethernetif.c(124): warning:  #69-D: integer conversion resulted in truncation
..\net\lwip\src\netif\ethernetif.c:     netif->flags = NETIF_FLAG_BROADCAST | 
..\net\lwip\src\netif\ethernetif.c:                    ^
..\net\lwip\src\netif\ethernetif.c: ..\net\lwip\src\netif\ethernetif.c: 1 warning, 0 errors
compiling etharp.c...
compiling dhcpd.c...
compiling leases.c...
compiling options.c...
compiling packet.c...
compiling serverpacket.c...
compiling moal_main.c...
..\net\wlan_src\mlinux\moal_main.c(3180): warning:  #1293-D: assignment in condition
..\net\wlan_src\mlinux\moal_main.c:           for (i = 0; i < handle->priv_num && (priv = handle->priv[i]); i++) {
..\net\wlan_src\mlinux\moal_main.c:                                               ^
..\net\wlan_src\mlinux\moal_main.c: ..\net\wlan_src\mlinux\moal_main.c: 1 warning, 0 errors
compiling moal_cfg80211.c...
compiling moal_debug.c...
compiling moal_ioctl.c...
..\net\wlan_src\mlinux\moal_ioctl.c(3593): warning:  #188-D: enumerated type mixed with another type
..\net\wlan_src\mlinux\moal_ioctl.c:           return -EBUSY;
..\net\wlan_src\mlinux\moal_ioctl.c:                  ^
..\net\wlan_src\mlinux\moal_ioctl.c: ..\net\wlan_src\mlinux\moal_ioctl.c: 1 warning, 0 errors
compiling moal_proc.c...
compiling moal_sdio_mmc.c...
compiling moal_shim.c...
compiling moal_sta_cfg80211.c...
compiling moal_uap_cfg80211.c...
compiling moal_uap.c...
compiling moal_uap_priv.c...
compiling mlan_11d.c...
compiling mlan_11h.c...
compiling mlan_11n.c...
..\net\wlan_src\mlan\mlan_11n.c(507): warning:  #188-D: enumerated type mixed with another type
..\net\wlan_src\mlan\mlan_11n.c:                       ret =
..\net\wlan_src\mlan\mlan_11n.c:                           ^
..\net\wlan_src\mlan\mlan_11n.c(512): warning:  #188-D: enumerated type mixed with another type
..\net\wlan_src\mlan\mlan_11n.c:                       ret =
..\net\wlan_src\mlan\mlan_11n.c:                           ^
..\net\wlan_src\mlan\mlan_11n.c(568): warning:  #188-D: enumerated type mixed with another type
..\net\wlan_src\mlan\mlan_11n.c:                       ret =
..\net\wlan_src\mlan\mlan_11n.c:                           ^
..\net\wlan_src\mlan\mlan_11n.c(572): warning:  #188-D: enumerated type mixed with another type
..\net\wlan_src\mlan\mlan_11n.c:                       ret =
..\net\wlan_src\mlan\mlan_11n.c:                           ^
..\net\wlan_src\mlan\mlan_11n.c: ..\net\wlan_src\mlan\mlan_11n.c: 4 warnings, 0 errors
compiling mlan_11n_aggr.c...
compiling mlan_11n_rxreorder.c...
compiling mlan_cfp.c...
compiling mlan_cmdevt.c...
compiling mlan_init.c...
compiling mlan_join.c...
compiling mlan_meas.c...
compiling mlan_misc.c...
..\net\wlan_src\mlan\mlan_misc.c(2207): warning:  #186-D: pointless comparison of unsigned integer with zero
..\net\wlan_src\mlan\mlan_misc.c:           if ((rate_index >= MLAN_RATE_INDEX_HRDSSS0) &&
..\net\wlan_src\mlan\mlan_misc.c:                           ^
..\net\wlan_src\mlan\mlan_misc.c: ..\net\wlan_src\mlan\mlan_misc.c: 1 warning, 0 errors
compiling mlan_scan.c...
compiling mlan_sdio.c...
compiling mlan_shim.c...
compiling mlan_sta_cmd.c...
..\net\wlan_src\mlan\mlan_sta_cmd.c(1802): warning:  #188-D: enumerated type mixed with another type
..\net\wlan_src\mlan\mlan_sta_cmd.c:           ret = wlan_meas_cmd_process(pmpriv, cmd_ptr, pdata_buf);
..\net\wlan_src\mlan\mlan_sta_cmd.c:               ^
..\net\wlan_src\mlan\mlan_sta_cmd.c: ..\net\wlan_src\mlan\mlan_sta_cmd.c: 1 warning, 0 errors
compiling mlan_sta_cmdresp.c...
..\net\wlan_src\mlan\mlan_sta_cmdresp.c(289): warning:  #188-D: enumerated type mixed with another type
..\net\wlan_src\mlan\mlan_sta_cmdresp.c:               pmpriv->state_11d.enable_11d = ul_temp;
..\net\wlan_src\mlan\mlan_sta_cmdresp.c:                                            ^
..\net\wlan_src\mlan\mlan_sta_cmdresp.c(292): warning:  #188-D: enumerated type mixed with another type
..\net\wlan_src\mlan\mlan_sta_cmdresp.c:                   pmpriv->state_11d.user_enable_11d = ul_temp;
..\net\wlan_src\mlan\mlan_sta_cmdresp.c:                                                     ^
..\net\wlan_src\mlan\mlan_sta_cmdresp.c(1590): warning:  #188-D: enumerated type mixed with another type
..\net\wlan_src\mlan\mlan_sta_cmdresp.c:           ret = wlan_meas_cmdresp_process(pmpriv, resp);
..\net\wlan_src\mlan\mlan_sta_cmdresp.c:               ^
..\net\wlan_src\mlan\mlan_sta_cmdresp.c: ..\net\wlan_src\mlan\mlan_sta_cmdresp.c: 3 warnings, 0 errors
compiling mlan_sta_event.c...
compiling mlan_sta_ioctl.c...
..\net\wlan_src\mlan\mlan_sta_ioctl.c(3768): warning:  #188-D: enumerated type mixed with another type
..\net\wlan_src\mlan\mlan_sta_ioctl.c:               ret = wlan_11h_issue_radar_detect(pmpriv, pioctl_req,
..\net\wlan_src\mlan\mlan_sta_ioctl.c:                   ^
..\net\wlan_src\mlan\mlan_sta_ioctl.c: ..\net\wlan_src\mlan\mlan_sta_ioctl.c: 1 warning, 0 errors
compiling mlan_sta_rx.c...
compiling mlan_sta_tx.c...
compiling mlan_txrx.c...
compiling mlan_uap_cmdevent.c...
..\net\wlan_src\mlan\mlan_uap_cmdevent.c(1871): warning:  #188-D: enumerated type mixed with another type
..\net\wlan_src\mlan\mlan_uap_cmdevent.c:               pmpriv->state_11d.enable_11d = data;
..\net\wlan_src\mlan\mlan_uap_cmdevent.c:                                            ^
..\net\wlan_src\mlan\mlan_uap_cmdevent.c(1874): warning:  #188-D: enumerated type mixed with another type
..\net\wlan_src\mlan\mlan_uap_cmdevent.c:                   pmpriv->state_11d.user_enable_11d = data;
..\net\wlan_src\mlan\mlan_uap_cmdevent.c:                                                     ^
..\net\wlan_src\mlan\mlan_uap_cmdevent.c(3109): warning:  #188-D: enumerated type mixed with another type
..\net\wlan_src\mlan\mlan_uap_cmdevent.c:           pevent->event_id = 0;   // clear to avoid resending at end of fcn
..\net\wlan_src\mlan\mlan_uap_cmdevent.c:                            ^
..\net\wlan_src\mlan\mlan_uap_cmdevent.c: ..\net\wlan_src\mlan\mlan_uap_cmdevent.c: 3 warnings, 0 errors
compiling mlan_uap_ioctl.c...
..\net\wlan_src\mlan\mlan_uap_ioctl.c(97): warning:  #550-D: variable "old_channel" was set but never used
..\net\wlan_src\mlan\mlan_uap_ioctl.c:       t_u8 old_channel;
..\net\wlan_src\mlan\mlan_uap_ioctl.c:            ^
..\net\wlan_src\mlan\mlan_uap_ioctl.c(1034): warning:  #188-D: enumerated type mixed with another type
..\net\wlan_src\mlan\mlan_uap_ioctl.c:           ret = wlan_11h_issue_radar_detect(pmpriv,
..\net\wlan_src\mlan\mlan_uap_ioctl.c:               ^
..\net\wlan_src\mlan\mlan_uap_ioctl.c: ..\net\wlan_src\mlan\mlan_uap_ioctl.c: 2 warnings, 0 errors
compiling mlan_uap_txrx.c...
compiling mlan_wmm.c...
..\net\wlan_src\mlan\mlan_wmm.c(76): warning:  #83-D: type qualifier specified more than once
..\net\wlan_src\mlan\mlan_wmm.c:   const static const t_u8 wmm_info_ie[] = { WMM_IE, 0x07,
..\net\wlan_src\mlan\mlan_wmm.c:                ^
..\net\wlan_src\mlan\mlan_wmm.c(86): warning:  #83-D: type qualifier specified more than once
..\net\wlan_src\mlan\mlan_wmm.c:   const static const t_u8 wmm_aci_to_qidx_map[] = { WMM_AC_BE,
..\net\wlan_src\mlan\mlan_wmm.c:                ^
..\net\wlan_src\mlan\mlan_wmm.c(131): warning:  #83-D: type qualifier specified more than once
..\net\wlan_src\mlan\mlan_wmm.c:   const static const mlan_wmm_ac_e tos_to_ac[] = { WMM_AC_BE,
..\net\wlan_src\mlan\mlan_wmm.c:                ^
..\net\wlan_src\mlan\mlan_wmm.c: ..\net\wlan_src\mlan\mlan_wmm.c: 3 warnings, 0 errors
compiling sys_misc.c...
..\app\src\sys_misc.c(129): warning:  #188-D: enumerated type mixed with another type
..\app\src\sys_misc.c:          led_stat = !led_stat;
..\app\src\sys_misc.c:                   ^
..\app\src\sys_misc.c(140): warning:  #188-D: enumerated type mixed with another type
..\app\src\sys_misc.c:          led_stat = !led_stat;
..\app\src\sys_misc.c:                   ^
..\app\src\sys_misc.c: ..\app\src\sys_misc.c: 2 warnings, 0 errors
compiling wifi.c...
..\app\src\wifi.c(663): warning:  #188-D: enumerated type mixed with another type
..\app\src\wifi.c:                              enable = 0;
..\app\src\wifi.c:                                     ^
..\app\src\wifi.c(665): warning:  #188-D: enumerated type mixed with another type
..\app\src\wifi.c:                              enable = 1;
..\app\src\wifi.c:                                     ^
..\app\src\wifi.c: ..\app\src\wifi.c: 2 warnings, 0 errors
compiling skbuff.c...
..\net\wlan_src\user\skbuff.c(323): warning:  #188-D: enumerated type mixed with another type
..\net\wlan_src\user\skbuff.c:          return skb_shinfo(skb)->frag_list != NULL;
..\net\wlan_src\user\skbuff.c:                 ^
..\net\wlan_src\user\skbuff.c(799): warning:  #174-D: expression has no effect
..\net\wlan_src\user\skbuff.c:                  skb_get(list);
..\net\wlan_src\user\skbuff.c:                  ^
..\net\wlan_src\user\skbuff.c(983): warning:  #188-D: enumerated type mixed with another type
..\net\wlan_src\user\skbuff.c:                  return false;
..\net\wlan_src\user\skbuff.c:                         ^
..\net\wlan_src\user\skbuff.c(987): warning:  #188-D: enumerated type mixed with another type
..\net\wlan_src\user\skbuff.c:                  return false;
..\net\wlan_src\user\skbuff.c:                         ^
..\net\wlan_src\user\skbuff.c(990): warning:  #188-D: enumerated type mixed with another type
..\net\wlan_src\user\skbuff.c:                  return false;
..\net\wlan_src\user\skbuff.c:                         ^
..\net\wlan_src\user\skbuff.c(1002): warning:  #188-D: enumerated type mixed with another type
..\net\wlan_src\user\skbuff.c:          return true;
..\net\wlan_src\user\skbuff.c:                 ^
..\net\wlan_src\user\skbuff.c(1292): warning:  #188-D: enumerated type mixed with another type
..\net\wlan_src\user\skbuff.c:                  fastpath = true;
..\net\wlan_src\user\skbuff.c:                           ^
..\net\wlan_src\user\skbuff.c(1297): warning:  #188-D: enumerated type mixed with another type
..\net\wlan_src\user\skbuff.c:                  fastpath = atomic_read(&skb_shinfo(skb)->dataref) == delta;
..\net\wlan_src\user\skbuff.c:                           ^
..\net\wlan_src\user\skbuff.c(1850): warning:  #1441-D: nonstandard cast on lvalue
..\net\wlan_src\user\skbuff.c:                  (int)to += copy;
..\net\wlan_src\user\skbuff.c:                  ^
..\net\wlan_src\user\skbuff.c(1875): warning:  #1441-D: nonstandard cast on lvalue
..\net\wlan_src\user\skbuff.c:                          (int)to += copy;
..\net\wlan_src\user\skbuff.c:                          ^
..\net\wlan_src\user\skbuff.c(1896): warning:  #1441-D: nonstandard cast on lvalue
..\net\wlan_src\user\skbuff.c:                          (int)to += copy;
..\net\wlan_src\user\skbuff.c:                          ^
..\net\wlan_src\user\skbuff.c: ..\net\wlan_src\user\skbuff.c: 11 warnings, 0 errors
compiling usr_cfg.c...
compiling test_wifi.c...
..\app\src\test_wifi.c(125): warning:  #223-D: function "netif_set_down" declared implicitly
..\app\src\test_wifi.c:                 netif_set_down(p_netif);
..\app\src\test_wifi.c:                 ^
..\app\src\test_wifi.c(126): warning:  #223-D: function "netif_set_up" declared implicitly
..\app\src\test_wifi.c:                 netif_set_up(p_netif);
..\app\src\test_wifi.c:                 ^
..\app\src\test_wifi.c: ..\app\src\test_wifi.c: 2 warnings, 0 errors
compiling main.c...
..\app\src\main.c(25): warning:  #223-D: function "strlwr" declared implicitly
..\app\src\main.c:      cmd = strlwr(cmd);
..\app\src\main.c:            ^
..\app\src\main.c(25): error:  #513: a value of type "int" cannot be assigned to an entity of type "char *"
..\app\src\main.c:      cmd = strlwr(cmd);
..\app\src\main.c:          ^
..\app\src\main.c(133): warning:  #225-D: the format string ends before this argument
..\app\src\main.c:      p_dbg("error command : s ",cmd);
..\app\src\main.c:      ^
..\app\src\main.c: ..\app\src\main.c: 2 warnings, 1 error
compiling test_tcpip.c...
compiling tcpapp.c...
compiling webserver.c...
compiling debug.c...
..\app\src\debug.c(16): warning:  #188-D: enumerated type mixed with another type
..\app\src\debug.c:   bool monitor_enable = 1;
..\app\src\debug.c:                         ^
..\app\src\debug.c(24): warning:  #188-D: enumerated type mixed with another type
..\app\src\debug.c:     monitor_enable = !monitor_enable;
..\app\src\debug.c:                    ^
..\app\src\debug.c(72): warning:  #161-D: unrecognized #pragma
..\app\src\debug.c:   #pragma section = "monitor_item_table"
..\app\src\debug.c:           ^
..\app\src\debug.c(230): warning:  #177-D: variable "item" was declared but never referenced
..\app\src\debug.c:             struct dev_monitor_item *item = (struct dev_monitor_item*)start;
..\app\src\debug.c:                                      ^
..\app\src\debug.c: ..\app\src\debug.c: 4 warnings, 0 errors
compiling monitor.c...
Target not created
Build target 'mcu_wifi'
compiling main.c...
..\app\src\main.c(25): warning:  #223-D: function "strlwr" declared implicitly
..\app\src\main.c:      cmd = strlwr(cmd);
..\app\src\main.c:            ^
..\app\src\main.c(25): error:  #513: a value of type "int" cannot be assigned to an entity of type "char *"
..\app\src\main.c:      cmd = strlwr(cmd);
..\app\src\main.c:          ^
..\app\src\main.c: ..\app\src\main.c: 1 warning, 1 error
Target not created
Build target 'mcu_wifi'
compiling main.c...
linking...
Program Size: Code=253544 RO-data=262572 RW-data=824 ZI-data=9192  
FromELF: creating hex file...
".\out\STM32WIFI.axf" - 0 Error(s), 0 Warning(s).
Build target 'mcu_wifi'
compiling main.c...
..\app\src\main.c(26): error:  #31: expression must have integral type
..\app\src\main.c:      switch (cmd)
..\app\src\main.c:              ^
..\app\src\main.c(28): error:  #31: expression must have integral type
..\app\src\main.c:              case "at":
..\app\src\main.c:                   ^
..\app\src\main.c(30): error:  #31: expression must have integral type
..\app\src\main.c:              case "at+info":
..\app\src\main.c:                   ^
..\app\src\main.c(33): error:  #31: expression must have integral type
..\app\src\main.c:              case "at+scan":
..\app\src\main.c:                   ^
..\app\src\main.c(36): error:  #31: expression must have integral type
..\app\src\main.c:              case "at+conn":
..\app\src\main.c:                   ^
..\app\src\main.c(39): error:  #31: expression must have integral type
..\app\src\main.c:              case "at+disconn":
..\app\src\main.c:                   ^
..\app\src\main.c(42): error:  #31: expression must have integral type
..\app\src\main.c:              case "at+ap":
..\app\src\main.c:                   ^
..\app\src\main.c(45): error:  #31: expression must have integral type
..\app\src\main.c:              case "at+tcp":
..\app\src\main.c:                   ^
..\app\src\main.c(48): error:  #31: expression must have integral type
..\app\src\main.c:              case "at+utcp":
..\app\src\main.c:                   ^
..\app\src\main.c(51): error:  #31: expression must have integral type
..\app\src\main.c:              case "at+sendtcp":
..\app\src\main.c:                   ^
..\app\src\main.c(54): error:  #31: expression must have integral type
..\app\src\main.c:              case "at+tcpserver":
..\app\src\main.c:                   ^
..\app\src\main.c(57): error:  #31: expression must have integral type
..\app\src\main.c:              case "at+closetcpserver":
..\app\src\main.c:                   ^
..\app\src\main.c(60): error:  #31: expression must have integral type
..\app\src\main.c:              case "at+dns":
..\app\src\main.c:                   ^
..\app\src\main.c(63): error:  #31: expression must have integral type
..\app\src\main.c:              case "at+ip":
..\app\src\main.c:                   ^
..\app\src\main.c(66): error:  #31: expression must have integral type
..\app\src\main.c:              case "at+slide":
..\app\src\main.c:                   ^
..\app\src\main.c(71): error:  #31: expression must have integral type
..\app\src\main.c:              case "at+status":
..\app\src\main.c:                   ^
..\app\src\main.c(74): error:  #31: expression must have integral type
..\app\src\main.c:              case "at+udp":
..\app\src\main.c:                   ^
..\app\src\main.c(77): error:  #31: expression must have integral type
..\app\src\main.c:              case "at+join":
..\app\src\main.c:                   ^
..\app\src\main.c(80): error:  #31: expression must have integral type
..\app\src\main.c:              case "at+udpserver":
..\app\src\main.c:                   ^
..\app\src\main.c(83): error:  #31: expression must have integral type
..\app\src\main.c:              case "at+sendudp":
..\app\src\main.c:                   ^
..\app\src\main.c(86): error:  #31: expression must have integral type
..\app\src\main.c:              case "at+dbg":
..\app\src\main.c:                   ^
..\app\src\main.c(89): error:  #31: expression must have integral type
..\app\src\main.c:              case "at+stopap":
..\app\src\main.c:                   ^
..\app\src\main.c(92): error:  #31: expression must have integral type
..\app\src\main.c:              case "at+list":
..\app\src\main.c:                   ^
..\app\src\main.c(95): error:  #31: expression must have integral type
..\app\src\main.c:              case "at+adhoc":
..\app\src\main.c:                   ^
..\app\src\main.c(98): error:  #31: expression must have integral type
..\app\src\main.c:              case "at+disadhoc":
..\app\src\main.c:                   ^
..\app\src\main.c(101): error:  #31: expression must have integral type
..\app\src\main.c:              case "at+power":
..\app\src\main.c:                   ^
..\app\src\main.c(104): error:  #31: expression must have integral type
..\app\src\main.c:              case "at+info":
..\app\src\main.c:                   ^
..\app\src\main.c(107): error:  #31: expression must have integral type
..\app\src\main.c:              case "at+monitor":
..\app\src\main.c:                   ^
..\app\src\main.c(110): error:  #31: expression must have integral type
..\app\src\main.c:              case "at+full":
..\app\src\main.c:                   ^
..\app\src\main.c(113): error:  #31: expression must have integral type
..\app\src\main.c:              case "at+disfull":
..\app\src\main.c:                   ^
..\app\src\main.c: ..\app\src\main.c: 0 warnings, 30 errors
Target not created
Build target 'mcu_wifi'
compiling main.c...
..\app\src\main.c(25): warning:  #223-D: function "strlwr" declared implicitly
..\app\src\main.c:      strlwr(cmd);
..\app\src\main.c:      ^
..\app\src\main.c: ..\app\src\main.c: 1 warning, 0 errors
linking...
.\out\STM32WIFI.axf: Error: L6218E: Undefined symbol strlwr (referred from main.o).
.\out\STM32WIFI.axf: Not enough information to list image symbols.
.\out\STM32WIFI.axf: Finished: 1 information, 0 warning and 1 error messages.
Target not created
Build target 'mcu_wifi'
compiling main.c...
..\app\src\main.c(27): warning:  #223-D: function "strlwr" declared implicitly
..\app\src\main.c:      strlwr(cmd);
..\app\src\main.c:      ^
..\app\src\main.c: ..\app\src\main.c: 1 warning, 0 errors
linking...
.\out\STM32WIFI.axf: Error: L6218E: Undefined symbol strlwr (referred from main.o).
.\out\STM32WIFI.axf: Not enough information to list image symbols.
.\out\STM32WIFI.axf: Finished: 1 information, 0 warning and 1 error messages.
Target not created
Build target 'mcu_wifi'
compiling main.c...
linking...
Program Size: Code=253600 RO-data=262572 RW-data=824 ZI-data=9192  
FromELF: creating hex file...
".\out\STM32WIFI.axf" - 0 Error(s), 0 Warning(s).
Load "E:\\c\\STM-WIFI-W8782客户资料\\源码\\mcu_wifi_88w8782(V2.3)\\mcu_wifi_88w8782(V2.3)\\keil_project\\out\\STM32WIFI.AXF" 
Set JLink Project File to "E:\c\STM-WIFI-W8782客户资料\源码\mcu_wifi_88w8782(V2.3)\mcu_wifi_88w8782(V2.3)\keil_project\JLinkSettings.ini"
 
JLink info:
------------
DLL: V5.02c, compiled Sep 10 2015 17:39:31
Firmware: J-Link ARM V8 compiled Nov 28 2014 13:44:46
Hardware: V8.00
S/N : 99999993 
Feature(s) : RDI,FlashDL,FlashBP,JFlash,GDBFULL 
 
* JLink Info: TotalIRLen = 9, IRPrint = 0x0011
* JLink Info: Found Cortex-M3 r1p1, Little endian.
* JLink Info: FPUnit: 6 code (BP) slots and 2 literal slots
* JLink Info: CoreSight components:
* JLink Info: ROMTbl 0 @ E00FF000
* JLink Info: ROMTbl 0 [0]: FFF0F000, CID: B105E00D, PID: 001BB000 SCS
* JLink Info: ROMTbl 0 [1]: FFF02000, CID: B105E00D, PID: 001BB002 DWT
* JLink Info: ROMTbl 0 [2]: FFF03000, CID: B105E00D, PID: 000BB003 FPB
* JLink Info: ROMTbl 0 [3]: FFF01000, CID: B105E00D, PID: 001BB001 ITM
* JLink Info: ROMTbl 0 [4]: FFF41000, CID: B105900D, PID: 001BB923 TPIU-Lite
* JLink Info: ROMTbl 0 [5]: FFF42000, CID: B105900D, PID: 101BB924 ETM-M3
ROMTableAddr = 0xE00FF003
 
Target info:
------------
Device: STM32F103RE
* JLink Info: Device "STM32F103RE" selected.
VTarget = 3.261V
State of Pins: 
TCK: 1, TDI: 0, TDO: 1, TMS: 0, TRES: 1, TRST: 1
Hardware-Breakpoints: 6
Software-Breakpoints: 8192
Watchpoints:          4
JTAG speed: 9600 kHz
 
Erase Done.
Programming Done.
Verify OK.
Application running ...
Build target 'mcu_wifi'
compiling main.c...
linking...
Program Size: Code=253592 RO-data=262572 RW-data=824 ZI-data=9192  
FromELF: creating hex file...
".\out\STM32WIFI.axf" - 0 Error(s), 0 Warning(s).
Build target 'mcu_wifi'
linking...
Program Size: Code=253592 RO-data=262572 RW-data=824 ZI-data=9192  
FromELF: creating hex file...
".\out\STM32WIFI.axf" - 0 Error(s), 0 Warning(s).
Build target 'mcu_wifi'
compiling main.c...
linking...
Program Size: Code=253596 RO-data=262572 RW-data=824 ZI-data=9192  
FromELF: creating hex file...
".\out\STM32WIFI.axf" - 0 Error(s), 0 Warning(s).
Load "E:\\c\\STM-WIFI-W8782客户资料\\源码\\mcu_wifi_88w8782(V2.3)\\mcu_wifi_88w8782(V2.3)\\keil_project\\out\\STM32WIFI.AXF" 
Set JLink Project File to "E:\c\STM-WIFI-W8782客户资料\源码\mcu_wifi_88w8782(V2.3)\mcu_wifi_88w8782(V2.3)\keil_project\JLinkSettings.ini"
 
JLink info:
------------
DLL: V5.02c, compiled Sep 10 2015 17:39:31
Firmware: J-Link ARM V8 compiled Nov 28 2014 13:44:46
Hardware: V8.00
S/N : 99999993 
Feature(s) : RDI,FlashDL,FlashBP,JFlash,GDBFULL 
 
* JLink Info: TotalIRLen = 9, IRPrint = 0x0011
* JLink Info: Found Cortex-M3 r1p1, Little endian.
* JLink Info: FPUnit: 6 code (BP) slots and 2 literal slots
* JLink Info: CoreSight components:
* JLink Info: ROMTbl 0 @ E00FF000
* JLink Info: ROMTbl 0 [0]: FFF0F000, CID: B105E00D, PID: 001BB000 SCS
* JLink Info: ROMTbl 0 [1]: FFF02000, CID: B105E00D, PID: 001BB002 DWT
* JLink Info: ROMTbl 0 [2]: FFF03000, CID: B105E00D, PID: 000BB003 FPB
* JLink Info: ROMTbl 0 [3]: FFF01000, CID: B105E00D, PID: 001BB001 ITM
* JLink Info: ROMTbl 0 [4]: FFF41000, CID: B105900D, PID: 001BB923 TPIU-Lite
* JLink Info: ROMTbl 0 [5]: FFF42000, CID: B105900D, PID: 101BB924 ETM-M3
ROMTableAddr = 0xE00FF003
 
Target info:
------------
Device: STM32F103RE
* JLink Info: Device "STM32F103RE" selected.
VTarget = 3.274V
State of Pins: 
TCK: 1, TDI: 0, TDO: 1, TMS: 0, TRES: 1, TRST: 1
Hardware-Breakpoints: 6
Software-Breakpoints: 8192
Watchpoints:          4
JTAG speed: 9600 kHz
 
Erase Done.
Programming Done.
Verify OK.
[...]
compiling core_cm3.c...
compiling misc.c...
compiling system_stm32f10x.c...
compiling sdcard.c...
compiling usart.c...
compiling driver_misc.c...
..\drivers\stm32f10x\src\driver_misc.c(45): warning:  #188-D: enumerated type mixed with another type
..\drivers\stm32f10x\src\driver_misc.c:         GPIO_InitStructure.GPIO_Mode = mode;
..\drivers\stm32f10x\src\driver_misc.c:                                      ^
..\drivers\stm32f10x\src\driver_misc.c: ..\drivers\stm32f10x\src\driver_misc.c: 1 warning, 0 errors
compiling w25p80.c...
compiling os_core.c...
compiling os_flag.c...
compiling os_mbox.c...
compiling os_mem.c...
compiling os_mutex.c...
compiling os_q.c...
compiling os_sem.c...
compiling os_task.c...
compiling os_time.c...
compiling os_tmr.c...
compiling os_cpu_c.c...
assembling os_cpu_a.asm...
compiling atomic.c...
compiling mbox.c...
compiling msg_q.c...
compiling mutex.c...
compiling sem.c...
compiling task.c...
compiling timer.c...
compiling wait.c...
compiling memory.c...
compiling api_lib.c...
compiling api_msg.c...
compiling err.c...
compiling netbuf.c...
compiling netdb.c...
compiling netifapi.c...
compiling sockets.c...
compiling tcpip.c...
compiling sys_arch.c...
compiling def.c...
compiling dhcp.c...
compiling dns.c...
compiling init.c...
compiling mem.c...
compiling memp.c...
compiling netif.c...
compiling pbuf.c...
compiling raw.c...
compiling stats.c...
compiling sys.c...
compiling tcp.c...
compiling tcp_in.c...
compiling tcp_out.c...
compiling timers.c...
compiling udp.c...
compiling autoip.c...
compiling icmp.c...
compiling igmp.c...
compiling inet.c...
compiling inet_chksum.c...
compiling ip.c...
compiling ip_addr.c...
compiling ip_frag.c...
compiling ethernetif.c...
..\net\lwip\src\netif\ethernetif.c(124): warning:  #69-D: integer conversion resulted in truncation
..\net\lwip\src\netif\ethernetif.c:     netif->flags = NETIF_FLAG_BROADCAST | 
..\net\lwip\src\netif\ethernetif.c:                    ^
..\net\lwip\src\netif\ethernetif.c: ..\net\lwip\src\netif\ethernetif.c: 1 warning, 0 errors
compiling etharp.c...
compiling dhcpd.c...
compiling leases.c...
compiling options.c...
compiling packet.c...
compiling serverpacket.c...
compiling moal_main.c...
..\net\wlan_src\mlinux\moal_main.c(3180): warning:  #1293-D: assignment in condition
..\net\wlan_src\mlinux\moal_main.c:           for (i = 0; i < handle->priv_num && (priv = handle->priv[i]); i++) {
..\net\wlan_src\mlinux\moal_main.c:                                               ^
..\net\wlan_src\mlinux\moal_main.c: ..\net\wlan_src\mlinux\moal_main.c: 1 warning, 0 errors
compiling moal_cfg80211.c...
compiling moal_debug.c...
compiling moal_ioctl.c...
..\net\wlan_src\mlinux\moal_ioctl.c(3593): warning:  #188-D: enumerated type mixed with another type
..\net\wlan_src\mlinux\moal_ioctl.c:           return -EBUSY;
..\net\wlan_src\mlinux\moal_ioctl.c:                  ^
..\net\wlan_src\mlinux\moal_ioctl.c: ..\net\wlan_src\mlinux\moal_ioctl.c: 1 warning, 0 errors
compiling moal_proc.c...
compiling moal_sdio_mmc.c...
compiling moal_shim.c...
compiling moal_sta_cfg80211.c...
compiling moal_uap_cfg80211.c...
compiling moal_uap.c...
compiling moal_uap_priv.c...
compiling mlan_11d.c...
compiling mlan_11h.c...
compiling mlan_11n.c...
..\net\wlan_src\mlan\mlan_11n.c(507): warning:  #188-D: enumerated type mixed with another type
..\net\wlan_src\mlan\mlan_11n.c:                       ret =
..\net\wlan_src\mlan\mlan_11n.c:                           ^
..\net\wlan_src\mlan\mlan_11n.c(512): warning:  #188-D: enumerated type mixed with another type
..\net\wlan_src\mlan\mlan_11n.c:                       ret =
..\net\wlan_src\mlan\mlan_11n.c:                           ^
..\net\wlan_src\mlan\mlan_11n.c(568): warning:  #188-D: enumerated type mixed with another type
..\net\wlan_src\mlan\mlan_11n.c:                       ret =
..\net\wlan_src\mlan\mlan_11n.c:                           ^
..\net\wlan_src\mlan\mlan_11n.c(572): warning:  #188-D: enumerated type mixed with another type
..\net\wlan_src\mlan\mlan_11n.c:                       ret =
..\net\wlan_src\mlan\mlan_11n.c:                           ^
..\net\wlan_src\mlan\mlan_11n.c: ..\net\wlan_src\mlan\mlan_11n.c: 4 warnings, 0 errors
compiling mlan_11n_aggr.c...
compiling mlan_11n_rxreorder.c...
compiling mlan_cfp.c...
compiling mlan_cmdevt.c...
compiling mlan_init.c...
compiling mlan_join.c...
compiling mlan_meas.c...
compiling mlan_misc.c...
..\net\wlan_src\mlan\mlan_misc.c(2207): warning:  #186-D: pointless comparison of unsigned integer with zero
..\net\wlan_src\mlan\mlan_misc.c:           if ((rate_index >= MLAN_RATE_INDEX_HRDSSS0) &&
..\net\wlan_src\mlan\mlan_misc.c:                           ^
..\net\wlan_src\mlan\mlan_misc.c: ..\net\wlan_src\mlan\mlan_misc.c: 1 warning, 0 errors
compiling mlan_scan.c...
compiling mlan_sdio.c...
compiling mlan_shim.c...
compiling mlan_sta_cmd.c...
..\net\wlan_src\mlan\mlan_sta_cmd.c(1802): warning:  #188-D: enumerated type mixed with another type
..\net\wlan_src\mlan\mlan_sta_cmd.c:           ret = wlan_meas_cmd_process(pmpriv, cmd_ptr, pdata_buf);
..\net\wlan_src\mlan\mlan_sta_cmd.c:               ^
..\net\wlan_src\mlan\mlan_sta_cmd.c: ..\net\wlan_src\mlan\mlan_sta_cmd.c: 1 warning, 0 errors
compiling mlan_sta_cmdresp.c...
..\net\wlan_src\mlan\mlan_sta_cmdresp.c(289): warning:  #188-D: enumerated type mixed with another type
..\net\wlan_src\mlan\mlan_sta_cmdresp.c:               pmpriv->state_11d.enable_11d = ul_temp;
..\net\wlan_src\mlan\mlan_sta_cmdresp.c:                                            ^
..\net\wlan_src\mlan\mlan_sta_cmdresp.c(292): warning:  #188-D: enumerated type mixed with another type
..\net\wlan_src\mlan\mlan_sta_cmdresp.c:                   pmpriv->state_11d.user_enable_11d = ul_temp;
..\net\wlan_src\mlan\mlan_sta_cmdresp.c:                                                     ^
..\net\wlan_src\mlan\mlan_sta_cmdresp.c(1590): warning:  #188-D: enumerated type mixed with another type
..\net\wlan_src\mlan\mlan_sta_cmdresp.c:           ret = wlan_meas_cmdresp_process(pmpriv, resp);
..\net\wlan_src\mlan\mlan_sta_cmdresp.c:               ^
..\net\wlan_src\mlan\mlan_sta_cmdresp.c: ..\net\wlan_src\mlan\mlan_sta_cmdresp.c: 3 warnings, 0 errors
compiling mlan_sta_event.c...
compiling mlan_sta_ioctl.c...
..\net\wlan_src\mlan\mlan_sta_ioctl.c(3768): warning:  #188-D: enumerated type mixed with another type
..\net\wlan_src\mlan\mlan_sta_ioctl.c:               ret = wlan_11h_issue_radar_detect(pmpriv, pioctl_req,
..\net\wlan_src\mlan\mlan_sta_ioctl.c:                   ^
..\net\wlan_src\mlan\mlan_sta_ioctl.c: ..\net\wlan_src\mlan\mlan_sta_ioctl.c: 1 warning, 0 errors
compiling mlan_sta_rx.c...
compiling mlan_sta_tx.c...
compiling mlan_txrx.c...
compiling mlan_uap_cmdevent.c...
..\net\wlan_src\mlan\mlan_uap_cmdevent.c(1871): warning:  #188-D: enumerated type mixed with another type
..\net\wlan_src\mlan\mlan_uap_cmdevent.c:               pmpriv->state_11d.enable_11d = data;
..\net\wlan_src\mlan\mlan_uap_cmdevent.c:                                            ^
..\net\wlan_src\mlan\mlan_uap_cmdevent.c(1874): warning:  #188-D: enumerated type mixed with another type
..\net\wlan_src\mlan\mlan_uap_cmdevent.c:                   pmpriv->state_11d.user_enable_11d = data;
..\net\wlan_src\mlan\mlan_uap_cmdevent.c:                                                     ^
..\net\wlan_src\mlan\mlan_uap_cmdevent.c(3109): warning:  #188-D: enumerated type mixed with another type
..\net\wlan_src\mlan\mlan_uap_cmdevent.c:           pevent->event_id = 0;   // clear to avoid resending at end of fcn
..\net\wlan_src\mlan\mlan_uap_cmdevent.c:                            ^
..\net\wlan_src\mlan\mlan_uap_cmdevent.c: ..\net\wlan_src\mlan\mlan_uap_cmdevent.c: 3 warnings, 0 errors
compiling mlan_uap_ioctl.c...
..\net\wlan_src\mlan\mlan_uap_ioctl.c(97): warning:  #550-D: variable "old_channel" was set but never used
..\net\wlan_src\mlan\mlan_uap_ioctl.c:       t_u8 old_channel;
..\net\wlan_src\mlan\mlan_uap_ioctl.c:            ^
..\net\wlan_src\mlan\mlan_uap_ioctl.c(1034): warning:  #188-D: enumerated type mixed with another type
..\net\wlan_src\mlan\mlan_uap_ioctl.c:           ret = wlan_11h_issue_radar_detect(pmpriv,
..\net\wlan_src\mlan\mlan_uap_ioctl.c:               ^
..\net\wlan_src\mlan\mlan_uap_ioctl.c: ..\net\wlan_src\mlan\mlan_uap_ioctl.c: 2 warnings, 0 errors
compiling mlan_uap_txrx.c...
compiling mlan_wmm.c...
..\net\wlan_src\mlan\mlan_wmm.c(76): warning:  #83-D: type qualifier specified more than once
..\net\wlan_src\mlan\mlan_wmm.c:   const static const t_u8 wmm_info_ie[] = { WMM_IE, 0x07,
..\net\wlan_src\mlan\mlan_wmm.c:                ^
..\net\wlan_src\mlan\mlan_wmm.c(86): warning:  #83-D: type qualifier specified more than once
..\net\wlan_src\mlan\mlan_wmm.c:   const static const t_u8 wmm_aci_to_qidx_map[] = { WMM_AC_BE,
..\net\wlan_src\mlan\mlan_wmm.c:                ^
..\net\wlan_src\mlan\mlan_wmm.c(131): warning:  #83-D: type qualifier specified more than once
..\net\wlan_src\mlan\mlan_wmm.c:   const static const mlan_wmm_ac_e tos_to_ac[] = { WMM_AC_BE,
..\net\wlan_src\mlan\mlan_wmm.c:                ^
..\net\wlan_src\mlan\mlan_wmm.c: ..\net\wlan_src\mlan\mlan_wmm.c: 3 warnings, 0 errors
compiling sys_misc.c...
..\app\src\sys_misc.c(129): warning:  #188-D: enumerated type mixed with another type
..\app\src\sys_misc.c:          led_stat = !led_stat;
..\app\src\sys_misc.c:                   ^
..\app\src\sys_misc.c(140): warning:  #188-D: enumerated type mixed with another type
..\app\src\sys_misc.c:          led_stat = !led_stat;
..\app\src\sys_misc.c:                   ^
..\app\src\sys_misc.c: ..\app\src\sys_misc.c: 2 warnings, 0 errors
compiling wifi.c...
..\app\src\wifi.c(663): warning:  #188-D: enumerated type mixed with another type
..\app\src\wifi.c:                              enable = 0;
..\app\src\wifi.c:                                     ^
..\app\src\wifi.c(665): warning:  #188-D: enumerated type mixed with another type
..\app\src\wifi.c:                              enable = 1;
..\app\src\wifi.c:                                     ^
..\app\src\wifi.c: ..\app\src\wifi.c: 2 warnings, 0 errors
compiling skbuff.c...
..\net\wlan_src\user\skbuff.c(323): warning:  #188-D: enumerated type mixed with another type
..\net\wlan_src\user\skbuff.c:          return skb_shinfo(skb)->frag_list != NULL;
..\net\wlan_src\user\skbuff.c:                 ^
..\net\wlan_src\user\skbuff.c(799): warning:  #174-D: expression has no effect
..\net\wlan_src\user\skbuff.c:                  skb_get(list);
..\net\wlan_src\user\skbuff.c:                  ^
..\net\wlan_src\user\skbuff.c(983): warning:  #188-D: enumerated type mixed with another type
..\net\wlan_src\user\skbuff.c:                  return false;
..\net\wlan_src\user\skbuff.c:                         ^
..\net\wlan_src\user\skbuff.c(987): warning:  #188-D: enumerated type mixed with another type
..\net\wlan_src\user\skbuff.c:                  return false;
..\net\wlan_src\user\skbuff.c:                         ^
..\net\wlan_src\user\skbuff.c(990): warning:  #188-D: enumerated type mixed with another type
..\net\wlan_src\user\skbuff.c:                  return false;
..\net\wlan_src\user\skbuff.c:                         ^
..\net\wlan_src\user\skbuff.c(1002): warning:  #188-D: enumerated type mixed with another type
..\net\wlan_src\user\skbuff.c:          return true;
..\net\wlan_src\user\skbuff.c:                 ^
..\net\wlan_src\user\skbuff.c(1292): warning:  #188-D: enumerated type mixed with another type
..\net\wlan_src\user\skbuff.c:                  fastpath = true;
..\net\wlan_src\user\skbuff.c:                           ^
..\net\wlan_src\user\skbuff.c(1297): warning:  #188-D: enumerated type mixed with another type
..\net\wlan_src\user\skbuff.c:                  fastpath = atomic_read(&skb_shinfo(skb)->dataref) == delta;
..\net\wlan_src\user\skbuff.c:                           ^
..\net\wlan_src\user\skbuff.c(1850): warning:  #1441-D: nonstandard cast on lvalue
..\net\wlan_src\user\skbuff.c:                  (int)to += copy;
..\net\wlan_src\user\skbuff.c:                  ^
..\net\wlan_src\user\skbuff.c(1875): warning:  #1441-D: nonstandard cast on lvalue
..\net\wlan_src\user\skbuff.c:                          (int)to += copy;
..\net\wlan_src\user\skbuff.c:                          ^
..\net\wlan_src\user\skbuff.c(1896): warning:  #1441-D: nonstandard cast on lvalue
..\net\wlan_src\user\skbuff.c:                          (int)to += copy;
..\net\wlan_src\user\skbuff.c:                          ^
..\net\wlan_src\user\skbuff.c: ..\net\wlan_src\user\skbuff.c: 11 warnings, 0 errors
compiling usr_cfg.c...
compiling test_wifi.c...
..\app\src\test_wifi.c(125): warning:  #223-D: function "netif_set_down" declared implicitly
..\app\src\test_wifi.c:                 netif_set_down(p_netif);
..\app\src\test_wifi.c:                 ^
..\app\src\test_wifi.c(126): warning:  #223-D: function "netif_set_up" declared implicitly
..\app\src\test_wifi.c:                 netif_set_up(p_netif);
..\app\src\test_wifi.c:                 ^
..\app\src\test_wifi.c: ..\app\src\test_wifi.c: 2 warnings, 0 errors
compiling main.c...
compiling test_tcpip.c...
compiling tcpapp.c...
compiling webserver.c...
compiling debug.c...
..\app\src\debug.c(16): warning:  #188-D: enumerated type mixed with another type
..\app\src\debug.c:   bool monitor_enable = 1;
..\app\src\debug.c:                         ^
..\app\src\debug.c(24): warning:  #188-D: enumerated type mixed with another type
..\app\src\debug.c:     monitor_enable = !monitor_enable;
..\app\src\debug.c:                    ^
..\app\src\debug.c(72): warning:  #161-D: unrecognized #pragma
..\app\src\debug.c:   #pragma section = "monitor_item_table"
..\app\src\debug.c:           ^
..\app\src\debug.c(230): warning:  #177-D: variable "item" was declared but never referenced
..\app\src\debug.c:             struct dev_monitor_item *item = (struct dev_monitor_item*)start;
..\app\src\debug.c:                                      ^
..\app\src\debug.c: ..\app\src\debug.c: 4 warnings, 0 errors
compiling monitor.c...
linking...
Program Size: Code=254552 RO-data=262572 RW-data=824 ZI-data=9192  
FromELF: creating hex file...
".\out\STM32WIFI.axf" - 0 Error(s), 43 Warning(s).
Load "E:\\c\\STM-WIFI-W8782客户资料\\源码\\mcu_wifi_88w8782(V2.3)\\mcu_wifi_88w8782(V2.3)\\keil_project\\out\\STM32WIFI.AXF" 
Set JLink Project File to "E:\c\STM-WIFI-W8782客户资料\源码\mcu_wifi_88w8782(V2.3)\mcu_wifi_88w8782(V2.3)\keil_project\JLinkSettings.ini"
 
JLink info:
------------
DLL: V5.02c, compiled Sep 10 2015 17:39:31
Firmware: J-Link ARM V8 compiled Nov 28 2014 13:44:46
Hardware: V8.00
S/N : 99999993 
Feature(s) : RDI,FlashDL,FlashBP,JFlash,GDBFULL 
 
* JLink Info: TotalIRLen = 9, IRPrint = 0x0011
* JLink Info: Found Cortex-M3 r1p1, Little endian.
* JLink Info: FPUnit: 6 code (BP) slots and 2 literal slots
* JLink Info: CoreSight components:
* JLink Info: ROMTbl 0 @ E00FF000
* JLink Info: ROMTbl 0 [0]: FFF0F000, CID: B105E00D, PID: 001BB000 SCS
* JLink Info: ROMTbl 0 [1]: FFF02000, CID: B105E00D, PID: 001BB002 DWT
* JLink Info: ROMTbl 0 [2]: FFF03000, CID: B105E00D, PID: 000BB003 FPB
* JLink Info: ROMTbl 0 [3]: FFF01000, CID: B105E00D, PID: 001BB001 ITM
* JLink Info: ROMTbl 0 [4]: FFF41000, CID: B105900D, PID: 001BB923 TPIU-Lite
* JLink Info: ROMTbl 0 [5]: FFF42000, CID: B105900D, PID: 101BB924 ETM-M3
ROMTableAddr = 0xE00FF003
 
Target info:
------------
Device: STM32F103RE
* JLink Info: Device "STM32F103RE" selected.
VTarget = 3.274V
State of Pins: 
TCK: 1, TDI: 0, TDO: 1, TMS: 0, TRES: 1, TRST: 1
Hardware-Breakpoints: 6
Software-Breakpoints: 8192
Watchpoints:          4
JTAG speed: 9600 kHz
 
Erase Done.
Programming Done.
Verify OK.
Application running ...
Build target 'mcu_wifi'
compiling sys_misc.c...
..\app\src\sys_misc.c(129): warning:  #188-D: enumerated type mixed with another type
..\app\src\sys_misc.c:          led_stat = !led_stat;
..\app\src\sys_misc.c:                   ^
..\app\src\sys_misc.c(140): warning:  #188-D: enumerated type mixed with another type
..\app\src\sys_misc.c:          led_stat = !led_stat;
..\app\src\sys_misc.c:                   ^
..\app\src\sys_misc.c: ..\app\src\sys_misc.c: 2 warnings, 0 errors
linking...
Program Size: Code=254816 RO-data=262572 RW-data=824 ZI-data=9192  
FromELF: creating hex file...
".\out\STM32WIFI.axf" - 0 Error(s), 2 Warning(s).
Load "E:\\c\\STM-WIFI-W8782客户资料\\源码\\mcu_wifi_88w8782(V2.3)\\mcu_wifi_88w8782(V2.3)\\keil_project\\out\\STM32WIFI.AXF" 
Set JLink Project File to "E:\c\STM-WIFI-W8782客户资料\源码\mcu_wifi_88w8782(V2.3)\mcu_wifi_88w8782(V2.3)\keil_project\JLinkSettings.ini"
 
JLink info:
------------
DLL: V5.02c, compiled Sep 10 2015 17:39:31
Firmware: J-Link ARM V8 compiled Nov 28 2014 13:44:46
Hardware: V8.00
S/N : 99999993 
Feature(s) : RDI,FlashDL,FlashBP,JFlash,GDBFULL 
 
* JLink Info: TotalIRLen = 9, IRPrint = 0x0011
* JLink Info: Found Cortex-M3 r1p1, Little endian.
* JLink Info: FPUnit: 6 code (BP) slots and 2 literal slots
* JLink Info: CoreSight components:
* JLink Info: ROMTbl 0 @ E00FF000
* JLink Info: ROMTbl 0 [0]: FFF0F000, CID: B105E00D, PID: 001BB000 SCS
* JLink Info: ROMTbl 0 [1]: FFF02000, CID: B105E00D, PID: 001BB002 DWT
* JLink Info: ROMTbl 0 [2]: FFF03000, CID: B105E00D, PID: 000BB003 FPB
* JLink Info: ROMTbl 0 [3]: FFF01000, CID: B105E00D, PID: 001BB001 ITM
* JLink Info: ROMTbl 0 [4]: FFF41000, CID: B105900D, PID: 001BB923 TPIU-Lite
* JLink Info: ROMTbl 0 [5]: FFF42000, CID: B105900D, PID: 101BB924 ETM-M3
ROMTableAddr = 0xE00FF003
 
Target info:
------------
Device: STM32F103RE
* JLink Info: Device "STM32F103RE" selected.
VTarget = 3.274V
State of Pins: 
TCK: 1, TDI: 0, TDO: 1, TMS: 0, TRES: 1, TRST: 1
Hardware-Breakpoints: 6
Software-Breakpoints: 8192
Watchpoints:          4
JTAG speed: 9600 kHz
 
Erase Done.
Programming Done.
Verify OK.
Application running ...
Build target 'mcu_wifi'
compiling sys_misc.c...
..\app\src\sys_misc.c(129): warning:  #188-D: enumerated type mixed with another type
..\app\src\sys_misc.c:          led_stat = !led_stat;
..\app\src\sys_misc.c:                   ^
..\app\src\sys_misc.c(140): warning:  #188-D: enumerated type mixed with another type
..\app\src\sys_misc.c:          led_stat = !led_stat;
..\app\src\sys_misc.c:                   ^
..\app\src\sys_misc.c: ..\app\src\sys_misc.c: 2 warnings, 0 errors
linking...
Program Size: Code=254900 RO-data=262572 RW-data=824 ZI-data=9192  
FromELF: creating hex file...
".\out\STM32WIFI.axf" - 0 Error(s), 2 Warning(s).
Load "E:\\c\\STM-WIFI-W8782客户资料\\源码\\mcu_wifi_88w8782(V2.3)\\mcu_wifi_88w8782(V2.3)\\keil_project\\out\\STM32WIFI.AXF" 
Set JLink Project File to "E:\c\STM-WIFI-W8782客户资料\源码\mcu_wifi_88w8782(V2.3)\mcu_wifi_88w8782(V2.3)\keil_project\JLinkSettings.ini"
 
JLink info:
------------
DLL: V5.02c, compiled Sep 10 2015 17:39:31
Firmware: J-Link ARM V8 compiled Nov 28 2014 13:44:46
Hardware: V8.00
S/N : 99999993 
Feature(s) : RDI,FlashDL,FlashBP,JFlash,GDBFULL 
 
* JLink Info: TotalIRLen = 9, IRPrint = 0x0011
* JLink Info: Found Cortex-M3 r1p1, Little endian.
* JLink Info: FPUnit: 6 code (BP) slots and 2 literal slots
* JLink Info: CoreSight components:
* JLink Info: ROMTbl 0 @ E00FF000
* JLink Info: ROMTbl 0 [0]: FFF0F000, CID: B105E00D, PID: 001BB000 SCS
* JLink Info: ROMTbl 0 [1]: FFF02000, CID: B105E00D, PID: 001BB002 DWT
* JLink Info: ROMTbl 0 [2]: FFF03000, CID: B105E00D, PID: 000BB003 FPB
* JLink Info: ROMTbl 0 [3]: FFF01000, CID: B105E00D, PID: 001BB001 ITM
* JLink Info: ROMTbl 0 [4]: FFF41000, CID: B105900D, PID: 001BB923 TPIU-Lite
* JLink Info: ROMTbl 0 [5]: FFF42000, CID: B105900D, PID: 101BB924 ETM-M3
ROMTableAddr = 0xE00FF003
 
Target info:
------------
Device: STM32F103RE
* JLink Info: Device "STM32F103RE" selected.
VTarget = 3.280V
State of Pins: 
TCK: 1, TDI: 0, TDO: 1, TMS: 0, TRES: 1, TRST: 1
Hardware-Breakpoints: 6
Software-Breakpoints: 8192
Watchpoints:          4
JTAG speed: 9600 kHz
 
Erase Done.
Programming Done.
Verify OK.
Application running ...
